Archive member included to satisfy reference by file (symbol)

d:/intelfpga_lite/18.1/nios2eds/bin/gnu/h-x86_64-mingw32/bin/../lib/gcc/nios2-elf/5.3.0/../../../../../H-x86_64-mingw32/nios2-elf/lib\libm.a(lib_a-s_cos.o)
                              obj/default/src/graphic_object.o (cos)
d:/intelfpga_lite/18.1/nios2eds/bin/gnu/h-x86_64-mingw32/bin/../lib/gcc/nios2-elf/5.3.0/../../../../../H-x86_64-mingw32/nios2-elf/lib\libm.a(lib_a-s_sin.o)
                              obj/default/src/graphic_object.o (sin)
d:/intelfpga_lite/18.1/nios2eds/bin/gnu/h-x86_64-mingw32/bin/../lib/gcc/nios2-elf/5.3.0/../../../../../H-x86_64-mingw32/nios2-elf/lib\libm.a(lib_a-s_tan.o)
                              obj/default/src/graphic_object.o (tan)
d:/intelfpga_lite/18.1/nios2eds/bin/gnu/h-x86_64-mingw32/bin/../lib/gcc/nios2-elf/5.3.0/../../../../../H-x86_64-mingw32/nios2-elf/lib\libm.a(lib_a-e_rem_pio2.o)
                              d:/intelfpga_lite/18.1/nios2eds/bin/gnu/h-x86_64-mingw32/bin/../lib/gcc/nios2-elf/5.3.0/../../../../../H-x86_64-mingw32/nios2-elf/lib\libm.a(lib_a-s_cos.o) (__ieee754_rem_pio2)
d:/intelfpga_lite/18.1/nios2eds/bin/gnu/h-x86_64-mingw32/bin/../lib/gcc/nios2-elf/5.3.0/../../../../../H-x86_64-mingw32/nios2-elf/lib\libm.a(lib_a-k_cos.o)
                              d:/intelfpga_lite/18.1/nios2eds/bin/gnu/h-x86_64-mingw32/bin/../lib/gcc/nios2-elf/5.3.0/../../../../../H-x86_64-mingw32/nios2-elf/lib\libm.a(lib_a-s_cos.o) (__kernel_cos)
d:/intelfpga_lite/18.1/nios2eds/bin/gnu/h-x86_64-mingw32/bin/../lib/gcc/nios2-elf/5.3.0/../../../../../H-x86_64-mingw32/nios2-elf/lib\libm.a(lib_a-k_rem_pio2.o)
                              d:/intelfpga_lite/18.1/nios2eds/bin/gnu/h-x86_64-mingw32/bin/../lib/gcc/nios2-elf/5.3.0/../../../../../H-x86_64-mingw32/nios2-elf/lib\libm.a(lib_a-e_rem_pio2.o) (__kernel_rem_pio2)
d:/intelfpga_lite/18.1/nios2eds/bin/gnu/h-x86_64-mingw32/bin/../lib/gcc/nios2-elf/5.3.0/../../../../../H-x86_64-mingw32/nios2-elf/lib\libm.a(lib_a-k_sin.o)
                              d:/intelfpga_lite/18.1/nios2eds/bin/gnu/h-x86_64-mingw32/bin/../lib/gcc/nios2-elf/5.3.0/../../../../../H-x86_64-mingw32/nios2-elf/lib\libm.a(lib_a-s_cos.o) (__kernel_sin)
d:/intelfpga_lite/18.1/nios2eds/bin/gnu/h-x86_64-mingw32/bin/../lib/gcc/nios2-elf/5.3.0/../../../../../H-x86_64-mingw32/nios2-elf/lib\libm.a(lib_a-k_tan.o)
                              d:/intelfpga_lite/18.1/nios2eds/bin/gnu/h-x86_64-mingw32/bin/../lib/gcc/nios2-elf/5.3.0/../../../../../H-x86_64-mingw32/nios2-elf/lib\libm.a(lib_a-s_tan.o) (__kernel_tan)
d:/intelfpga_lite/18.1/nios2eds/bin/gnu/h-x86_64-mingw32/bin/../lib/gcc/nios2-elf/5.3.0/../../../../../H-x86_64-mingw32/nios2-elf/lib\libm.a(lib_a-s_fabs.o)
                              d:/intelfpga_lite/18.1/nios2eds/bin/gnu/h-x86_64-mingw32/bin/../lib/gcc/nios2-elf/5.3.0/../../../../../H-x86_64-mingw32/nios2-elf/lib\libm.a(lib_a-e_rem_pio2.o) (fabs)
d:/intelfpga_lite/18.1/nios2eds/bin/gnu/h-x86_64-mingw32/bin/../lib/gcc/nios2-elf/5.3.0/../../../../../H-x86_64-mingw32/nios2-elf/lib\libm.a(lib_a-s_floor.o)
                              d:/intelfpga_lite/18.1/nios2eds/bin/gnu/h-x86_64-mingw32/bin/../lib/gcc/nios2-elf/5.3.0/../../../../../H-x86_64-mingw32/nios2-elf/lib\libm.a(lib_a-k_rem_pio2.o) (floor)
d:/intelfpga_lite/18.1/nios2eds/bin/gnu/h-x86_64-mingw32/bin/../lib/gcc/nios2-elf/5.3.0/../../../../../H-x86_64-mingw32/nios2-elf/lib\libm.a(lib_a-s_scalbn.o)
                              d:/intelfpga_lite/18.1/nios2eds/bin/gnu/h-x86_64-mingw32/bin/../lib/gcc/nios2-elf/5.3.0/../../../../../H-x86_64-mingw32/nios2-elf/lib\libm.a(lib_a-k_rem_pio2.o) (scalbn)
d:/intelfpga_lite/18.1/nios2eds/bin/gnu/h-x86_64-mingw32/bin/../lib/gcc/nios2-elf/5.3.0/../../../../../H-x86_64-mingw32/nios2-elf/lib\libm.a(lib_a-s_copysign.o)
                              d:/intelfpga_lite/18.1/nios2eds/bin/gnu/h-x86_64-mingw32/bin/../lib/gcc/nios2-elf/5.3.0/../../../../../H-x86_64-mingw32/nios2-elf/lib\libm.a(lib_a-s_scalbn.o) (copysign)
d:/intelfpga_lite/18.1/nios2eds/bin/gnu/h-x86_64-mingw32/bin/../lib/gcc/nios2-elf/5.3.0\libgcc.a(lib2-divmod.o)
                              obj/default/terasic_src/simple_text.o (__divsi3)
d:/intelfpga_lite/18.1/nios2eds/bin/gnu/h-x86_64-mingw32/bin/../lib/gcc/nios2-elf/5.3.0\libgcc.a(addsf3.o)
                              obj/default/src/graphic_object.o (__addsf3)
d:/intelfpga_lite/18.1/nios2eds/bin/gnu/h-x86_64-mingw32/bin/../lib/gcc/nios2-elf/5.3.0\libgcc.a(divsf3.o)
                              obj/default/src/accelerometer.o (__divsf3)
d:/intelfpga_lite/18.1/nios2eds/bin/gnu/h-x86_64-mingw32/bin/../lib/gcc/nios2-elf/5.3.0\libgcc.a(mulsf3.o)
                              obj/default/src/accelerometer.o (__mulsf3)
d:/intelfpga_lite/18.1/nios2eds/bin/gnu/h-x86_64-mingw32/bin/../lib/gcc/nios2-elf/5.3.0\libgcc.a(subsf3.o)
                              obj/default/src/graphic_object.o (__subsf3)
[...]
Memory Configuration

Name             Origin             Length             Attributes
new_sdram_controller_0 0x0000000000000000 0x0000000004000000
reset            0x0000000005040000 0x0000000000000020
onchip_memory2_0 0x0000000005040020 0x00000000000270e0
*default*        0x0000000000000000 0xffffffffffffffff

Linker script and memory map

LOAD C:/Users/vanno/OneDrive/Documents/GitKraken/3D_Graphic_Engine/test_accelerometro_vga_lt24/software/test_lt24_touch_bsp//obj/HAL/src/crt0.o
LOAD obj/default/terasic_src/ILI9341.o
LOAD obj/default/terasic_src/debug.o
LOAD obj/default/terasic_src/simple_graphics.o
LOAD obj/default/terasic_src/simple_text.o
LOAD obj/default/terasic_src/touch_spi.o
LOAD obj/default/src/LT24_interface.o
LOAD obj/default/src/accelerometer.o
LOAD obj/default/src/functions.o
LOAD obj/default/src/graphic_object.o
LOAD obj/default/src/test_render.o
LOAD d:/intelfpga_lite/18.1/nios2eds/bin/gnu/h-x86_64-mingw32/bin/../lib/gcc/nios2-elf/5.3.0/../../../../../H-x86_64-mingw32/nios2-elf/lib\libstdc++.a
LOAD d:/intelfpga_lite/18.1/nios2eds/bin/gnu/h-x86_64-mingw32/bin/../lib/gcc/nios2-elf/5.3.0/../../../../../H-x86_64-mingw32/nios2-elf/lib\libm.a
LOAD d:/intelfpga_lite/18.1/nios2eds/bin/gnu/h-x86_64-mingw32/bin/../lib/gcc/nios2-elf/5.3.0\libgcc.a
START GROUP
LOAD d:/intelfpga_lite/18.1/nios2eds/bin/gnu/h-x86_64-mingw32/bin/../lib/gcc/nios2-elf/5.3.0/../../../../../H-x86_64-mingw32/nios2-elf/lib\libc.a
LOAD d:/intelfpga_lite/18.1/nios2eds/bin/gnu/h-x86_64-mingw32/bin/../lib/gcc/nios2-elf/5.3.0\libgcc.a
LOAD C:/Users/vanno/OneDrive/Documents/GitKraken/3D_Graphic_Engine/test_accelerometro_vga_lt24/software/test_lt24_touch_bsp/\libhal_bsp.a
LOAD d:/intelfpga_lite/18.1/nios2eds/bin/gnu/h-x86_64-mingw32/bin/../lib/gcc/nios2-elf/5.3.0/../../../../../H-x86_64-mingw32/nios2-elf/lib\libm.a
END GROUP
LOAD d:/intelfpga_lite/18.1/nios2eds/bin/gnu/h-x86_64-mingw32/bin/../lib/gcc/nios2-elf/5.3.0\libgcc.a
                0x0000000000000000                __alt_mem_new_sdram_controller_0 = 0x0
                0x0000000005040000                __alt_mem_onchip_memory2_0 = 0x5040000

.entry          0x0000000005040000       0x20
 *(.entry)
 .entry         0x0000000005040000       0x20 C:/Users/vanno/OneDrive/Documents/GitKraken/3D_Graphic_Engine/test_accelerometro_vga_lt24/software/test_lt24_touch_bsp//obj/HAL/src/crt0.o
                0x0000000005040000                __reset

.exceptions     0x0000000005040020      0x228
                0x0000000005040020                PROVIDE (__ram_exceptions_start, ABSOLUTE (.))
                0x0000000005040020                . = ALIGN (0x20)
 *(.irq)
 *(.exceptions.entry.label)
 .exceptions.entry.label
                0x0000000005040020        0x0 C:/Users/vanno/OneDrive/Documents/GitKraken/3D_Graphic_Engine/test_accelerometro_vga_lt24/software/test_lt24_touch_bsp/\libhal_bsp.a(alt_irq_entry.o)
                0x0000000005040020                alt_irq_entry
 .exceptions.entry.label
                0x0000000005040020        0x0 C:/Users/vanno/OneDrive/Documents/GitKraken/3D_Graphic_Engine/test_accelerometro_vga_lt24/software/test_lt24_touch_bsp/\libhal_bsp.a(alt_exception_entry.o)
                0x0000000005040020                alt_exception
 *(.exceptions.entry.user)
 *(.exceptions.entry.ecc_fatal)
 *(.exceptions.entry)
 .exceptions.entry
                0x0000000005040020       0x54 C:/Users/vanno/OneDrive/Documents/GitKraken/3D_Graphic_Engine/test_accelerometro_vga_lt24/software/test_lt24_touch_bsp/\libhal_bsp.a(alt_exception_entry.o)
 *(.exceptions.irqtest.user)
 *(.exceptions.irqtest)
 .exceptions.irqtest
                0x0000000005040074       0x10 C:/Users/vanno/OneDrive/Documents/GitKraken/3D_Graphic_Engine/test_accelerometro_vga_lt24/software/test_lt24_touch_bsp/\libhal_bsp.a(alt_irq_entry.o)
 *(.exceptions.irqhandler.user)
 *(.exceptions.irqhandler)
 .exceptions.irqhandler
                0x0000000005040084        0x4 C:/Users/vanno/OneDrive/Documents/GitKraken/3D_Graphic_Engine/test_accelerometro_vga_lt24/software/test_lt24_touch_bsp/\libhal_bsp.a(alt_irq_entry.o)
 *(.exceptions.irqreturn.user)
 *(.exceptions.irqreturn)
 .exceptions.irqreturn
                0x0000000005040088        0x4 C:/Users/vanno/OneDrive/Documents/GitKraken/3D_Graphic_Engine/test_accelerometro_vga_lt24/software/test_lt24_touch_bsp/\libhal_bsp.a(alt_irq_entry.o)
 *(.exceptions.notirq.label)
 .exceptions.notirq.label
                0x000000000504008c        0x0 C:/Users/vanno/OneDrive/Documents/GitKraken/3D_Graphic_Engine/test_accelerometro_vga_lt24/software/test_lt24_touch_bsp/\libhal_bsp.a(alt_irq_entry.o)
 *(.exceptions.notirq.user)
 *(.exceptions.notirq)
 .exceptions.notirq
                0x000000000504008c        0x8 C:/Users/vanno/OneDrive/Documents/GitKraken/3D_Graphic_Engine/test_accelerometro_vga_lt24/software/test_lt24_touch_bsp/\libhal_bsp.a(alt_exception_entry.o)
 *(.exceptions.soft.user)
 *(.exceptions.soft)
 *(.exceptions.unknown.user)
 *(.exceptions.unknown)
 .exceptions.unknown
                0x0000000005040094       0x14 C:/Users/vanno/OneDrive/Documents/GitKraken/3D_Graphic_Engine/test_accelerometro_vga_lt24/software/test_lt24_touch_bsp/\libhal_bsp.a(alt_exception_entry.o)
 *(.exceptions.exit.label)
 .exceptions.exit.label
                0x00000000050400a8        0x0 C:/Users/vanno/OneDrive/Documents/GitKraken/3D_Graphic_Engine/test_accelerometro_vga_lt24/software/test_lt24_touch_bsp/\libhal_bsp.a(alt_irq_entry.o)
 .exceptions.exit.label
                0x00000000050400a8        0x0 C:/Users/vanno/OneDrive/Documents/GitKraken/3D_Graphic_Engine/test_accelerometro_vga_lt24/software/test_lt24_touch_bsp/\libhal_bsp.a(alt_exception_entry.o)
 *(.exceptions.exit.user)
 *(.exceptions.exit)
 .exceptions.exit
                0x00000000050400a8       0x54 C:/Users/vanno/OneDrive/Documents/GitKraken/3D_Graphic_Engine/test_accelerometro_vga_lt24/software/test_lt24_touch_bsp/\libhal_bsp.a(alt_exception_entry.o)
 *(.exceptions)
 .exceptions    0x00000000050400fc       0xd8 C:/Users/vanno/OneDrive/Documents/GitKraken/3D_Graphic_Engine/test_accelerometro_vga_lt24/software/test_lt24_touch_bsp/\libhal_bsp.a(alt_irq_handler.o)
                0x00000000050400fc                alt_irq_handler
 .exceptions    0x00000000050401d4       0x74 C:/Users/vanno/OneDrive/Documents/GitKraken/3D_Graphic_Engine/test_accelerometro_vga_lt24/software/test_lt24_touch_bsp/\libhal_bsp.a(alt_instruction_exception_entry.o)
                0x00000000050401d4                alt_instruction_exception_entry
                0x0000000005040248                PROVIDE (__ram_exceptions_end, ABSOLUTE (.))
                0x0000000005040020                PROVIDE (__flash_exceptions_start, LOADADDR (.exceptions))

.text           0x0000000005040248    0x209e0
                [!provide]                        PROVIDE (stext, ABSOLUTE (.))
 *(.interp)
 *(.hash)
 *(.dynsym)
 *(.dynstr)
 *(.gnu.version)
 *(.gnu.version_d)
 *(.gnu.version_r)
 *(.rel.init)
 *(.rela.init)
 *(.rel.text .rel.text.* .rel.gnu.linkonce.t.*)
 *(.rela.text .rela.text.* .rela.gnu.linkonce.t.*)
 *(.rel.fini)
 *(.rela.fini)
 *(.rel.rodata .rel.rodata.* .rel.gnu.linkonce.r.*)
 *(.rela.rodata .rela.rodata.* .rela.gnu.linkonce.r.*)
 *(.rel.data .rel.data.* .rel.gnu.linkonce.d.*)
 *(.rela.data .rela.data.* .rela.gnu.linkonce.d.*)
 *(.rel.tdata .rel.tdata.* .rel.gnu.linkonce.td.*)
 *(.rela.tdata .rela.tdata.* .rela.gnu.linkonce.td.*)
 *(.rel.tbss .rel.tbss.* .rel.gnu.linkonce.tb.*)
 *(.rela.tbss .rela.tbss.* .rela.gnu.linkonce.tb.*)
 *(.rel.ctors)
 *(.rela.ctors)
 *(.rel.dtors)
 *(.rela.dtors)
 *(.rel.got)
 *(.rela.got)
 *(.rel.sdata .rel.sdata.* .rel.gnu.linkonce.s.*)
 *(.rela.sdata .rela.sdata.* .rela.gnu.linkonce.s.*)
 *(.rel.sbss .rel.sbss.* .rel.gnu.linkonce.sb.*)
 *(.rela.sbss .rela.sbss.* .rela.gnu.linkonce.sb.*)
 *(.rel.sdata2 .rel.sdata2.* .rel.gnu.linkonce.s2.*)
 *(.rela.sdata2 .rela.sdata2.* .rela.gnu.linkonce.s2.*)
 *(.rel.sbss2 .rel.sbss2.* .rel.gnu.linkonce.sb2.*)
 *(.rela.sbss2 .rela.sbss2.* .rela.gnu.linkonce.sb2.*)
 *(.rel.bss .rel.bss.* .rel.gnu.linkonce.b.*)
 *(.rela.bss .rela.bss.* .rela.gnu.linkonce.b.*)
 *(.rel.plt)
 *(.rela.plt)
 *(.rel.dyn)
 *(.init)
 *(.plt)
 *(.text .stub .text.* .gnu.linkonce.t.*)
 .text          0x0000000005040248       0x4c C:/Users/vanno/OneDrive/Documents/GitKraken/3D_Graphic_Engine/test_accelerometro_vga_lt24/software/test_lt24_touch_bsp//obj/HAL/src/crt0.o
                0x0000000005040248                _start
 .text          0x0000000005040294      0xa98 obj/default/terasic_src/ILI9341.o
                0x0000000005040294                Delay_Ms
                0x00000000050402e4                LCD_SetCursor
                0x000000000504039c                LCD_Clear
                0x0000000005040420                LCD_DrawPoint
                0x000000000504049c                LCD_Init
                0x0000000005040b0c                LCD_Pattern_Horizon
                0x0000000005040c48                LCD_Pattern_Vertical
 .text          0x0000000005040d2c      0x1b8 obj/default/terasic_src/debug.o
                0x0000000005040d2c                debug_output
                0x0000000005040d60                myprintf
                0x0000000005040dcc                myprintf_hexarray
                0x0000000005040e54                myprintf_dwordarray
 .text          0x0000000005040ee4     0x26fc obj/default/terasic_src/simple_graphics.o
                0x0000000005040ee4                vid_clean_screen
                0x0000000005040f48                vid_draw_line
                0x0000000005041014                vid_scroll_string_quit
                0x0000000005041058                vid_scroll_string_init
                0x00000000050411a4                vid_scroll_string
                0x0000000005041504                vid_move_block
                0x0000000005041620                vid_print_string
                0x0000000005041728                vid_draw_box
                0x0000000005041880                vid_print_char
                0x0000000005041970                vid_set_pixel
                0x0000000005041a14                vid_get_pixel
                0x0000000005041a54                vid_paint_block
                0x0000000005041aec                vid_draw_horiz_line
                0x0000000005041b68                vid_merge_colors
                0x0000000005041bb4                vid_color_convert24_16
                0x0000000005041c54                vid_color_convert16_24
                0x0000000005041cc0                vid_copy_line_to_frame_buffer
                0x0000000005041d04                vid_draw_sloped_line
                0x0000000005041f78                vid_draw_circle
                0x00000000050420c0                vid_draw_round_corner_box
                0x000000000504247c                vid_round_corner_points
                0x0000000005042bb8                max3
                0x0000000005042c0c                min3
                0x0000000005042c60                max_diff3
                0x0000000005042cc4                vid_put_pixel_in_span_map
                0x0000000005042dc8                vid_bres_scan_edges
                0x000000000504300c                vid_draw_triangle
                0x00000000050433c0                CopyImage16
                0x00000000050434ac                CropImage16
 .text          0x00000000050435e0      0xa4c obj/default/terasic_src/simple_text.o
                0x00000000050435e0                vid_print_string_alpha
                0x0000000005043844                seperate_color_channels
                0x000000000504398c                merge_color_channels
                0x0000000005043abc                read_from_frame
                0x0000000005043b00                alpha_blending
                0x0000000005043d5c                vid_print_char_alpha
                0x0000000005043f44                vid_string_pixel_length_alpha
 .text          0x000000000504402c      0xb2c obj/default/terasic_src/touch_spi.o
                0x000000000504402c                Touch_Init
                0x0000000005044190                Touch_UnInit
                0x00000000050441fc                Touch_EmptyFifo
                0x0000000005044238                Touch_GetXY
                0x00000000050443a4                touch_isr
                0x00000000050444c8                touch_empty_fifo
                0x00000000050444fc                touch_is_pen_pressed
                0x000000000504453c                touch_enable_penirq
                0x00000000050446a4                touch_clear_input
                0x00000000050446d8                touch_get_xy
                0x0000000005044a0c                touch_alarm_callback
                0x0000000005044a7c                touch_xy_transform
 .text          0x0000000005044b58      0x4bc obj/default/src/LT24_interface.o
                0x0000000005044b58                GUI_show_welcome()
                0x0000000005044c68                GUI_desk_init(RECT*, RECT*, RECT*)
                0x0000000005044e5c                is_point_in_rect(POINT*, RECT*)
                0x0000000005044ee0                evaluate_swipe(void*, SWIPE*)
 .text          0x0000000005045014      0x3bc obj/default/src/accelerometer.o
                0x0000000005045014                init_accelerometer()
                0x0000000005045070                accelerometer_controller()
 .text          0x00000000050453d0      0x584 obj/default/src/functions.o
                0x00000000050453d0                alt_up_pixel_buffer_dma_clear_screen_delayed(alt_up_pixel_buffer_dma_dev*, int)
                0x000000000504554c                helper_plot_pixel_enhanced_clipping(unsigned int, int, int, int, int, int)
                0x00000000050455d0                alt_up_pixel_buffer_dma_draw_line_enhanced_clipping(alt_up_pixel_buffer_dma_dev*, int, int, int, int, int, int)
 .text          0x0000000005045954     0x29ec obj/default/src/graphic_object.o
                0x0000000005045954                Cube_3D::Cube_3D()
                0x0000000005045954                Cube_3D::Cube_3D()
                0x0000000005045f18                Cube_3D::update_translation(float, float, float)
                0x0000000005045f90                Cube_3D::update_translation(float, int)
                0x0000000005046038                Cube_3D::update_translation_relative(float, int)
                0x0000000005046128                Cube_3D::update_rotation(float, float, float)
                0x00000000050464e0                Cube_3D::update_rotation(float, int)
                0x0000000005046588                Cube_3D::update_rotation_relative(float, int)
                0x0000000005046840                Cube_3D::update_scaling(float, float, float)
                0x00000000050468b8                Cube_3D::update_scaling(float, int)
                0x0000000005046960                Cube_3D::update_scaling_relative(float, int)
                0x0000000005046a50                Cube_3D::display_frame()
                0x0000000005046d68                Cube_3D::vector_matrix_multiply()
                0x000000000504739c                Cube_3D::Matrix4x4MultiplyBy4x4(float*, float*, float*)
 .text          0x0000000005048340      0x5f0 obj/default/src/test_render.o
                0x0000000005048340                display_digit(unsigned char)
                0x00000000050483a0                display_fps(unsigned long)
                0x00000000050484a8                main
 .text._ZN7Cube_3D19calculate_renderingEv
                0x0000000005048930       0xb8 obj/default/src/test_render.o
                0x0000000005048930                Cube_3D::calculate_rendering()
 .text          0x00000000050489e8        0x0 d:/intelfpga_lite/18.1/nios2eds/bin/gnu/h-x86_64-mingw32/bin/../lib/gcc/nios2-elf/5.3.0/../../../../../H-x86_64-mingw32/nios2-elf/lib\libm.a(lib_a-s_cos.o)
 .text.cos      0x00000000050489e8       0xec d:/intelfpga_lite/18.1/nios2eds/bin/gnu/h-x86_64-mingw32/bin/../lib/gcc/nios2-elf/5.3.0/../../../../../H-x86_64-mingw32/nios2-elf/lib\libm.a(lib_a-s_cos.o)
                0x00000000050489e8                cos
 .text          0x0000000005048ad4        0x0 d:/intelfpga_lite/18.1/nios2eds/bin/gnu/h-x86_64-mingw32/bin/../lib/gcc/nios2-elf/5.3.0/../../../../../H-x86_64-mingw32/nios2-elf/lib\libm.a(lib_a-s_sin.o)
 .text.sin      0x0000000005048ad4       0xf0 d:/intelfpga_lite/18.1/nios2eds/bin/gnu/h-x86_64-mingw32/bin/../lib/gcc/nios2-elf/5.3.0/../../../../../H-x86_64-mingw32/nios2-elf/lib\libm.a(lib_a-s_sin.o)
                0x0000000005048ad4                sin
 .text          0x0000000005048bc4        0x0 d:/intelfpga_lite/18.1/nios2eds/bin/gnu/h-x86_64-mingw32/bin/../lib/gcc/nios2-elf/5.3.0/../../../../../H-x86_64-mingw32/nios2-elf/lib\libm.a(lib_a-s_tan.o)
 .text.tan      0x0000000005048bc4       0xa0 d:/intelfpga_lite/18.1/nios2eds/bin/gnu/h-x86_64-mingw32/bin/../lib/gcc/nios2-elf/5.3.0/../../../../../H-x86_64-mingw32/nios2-elf/lib\libm.a(lib_a-s_tan.o)
                0x0000000005048bc4                tan
 .text          0x0000000005048c64        0x0 d:/intelfpga_lite/18.1/nios2eds/bin/gnu/h-x86_64-mingw32/bin/../lib/gcc/nios2-elf/5.3.0/../../../../../H-x86_64-mingw32/nios2-elf/lib\libm.a(lib_a-e_rem_pio2.o)
 .text.__ieee754_rem_pio2
                0x0000000005048c64      0x76c d:/intelfpga_lite/18.1/nios2eds/bin/gnu/h-x86_64-mingw32/bin/../lib/gcc/nios2-elf/5.3.0/../../../../../H-x86_64-mingw32/nios2-elf/lib\libm.a(lib_a-e_rem_pio2.o)
                0x0000000005048c64                __ieee754_rem_pio2
 .text          0x00000000050493d0        0x0 d:/intelfpga_lite/18.1/nios2eds/bin/gnu/h-x86_64-mingw32/bin/../lib/gcc/nios2-elf/5.3.0/../../../../../H-x86_64-mingw32/nios2-elf/lib\libm.a(lib_a-k_cos.o)
 .text.__kernel_cos
                0x00000000050493d0      0x4a4 d:/intelfpga_lite/18.1/nios2eds/bin/gnu/h-x86_64-mingw32/bin/../lib/gcc/nios2-elf/5.3.0/../../../../../H-x86_64-mingw32/nios2-elf/lib\libm.a(lib_a-k_cos.o)
                0x00000000050493d0                __kernel_cos
 .text          0x0000000005049874        0x0 d:/intelfpga_lite/18.1/nios2eds/bin/gnu/h-x86_64-mingw32/bin/../lib/gcc/nios2-elf/5.3.0/../../../../../H-x86_64-mingw32/nios2-elf/lib\libm.a(lib_a-k_rem_pio2.o)
 .text.__kernel_rem_pio2
                0x0000000005049874      0xd90 d:/intelfpga_lite/18.1/nios2eds/bin/gnu/h-x86_64-mingw32/bin/../lib/gcc/nios2-elf/5.3.0/../../../../../H-x86_64-mingw32/nios2-elf/lib\libm.a(lib_a-k_rem_pio2.o)
                0x0000000005049874                __kernel_rem_pio2
 .text          0x000000000504a604        0x0 d:/intelfpga_lite/18.1/nios2eds/bin/gnu/h-x86_64-mingw32/bin/../lib/gcc/nios2-elf/5.3.0/../../../../../H-x86_64-mingw32/nios2-elf/lib\libm.a(lib_a-k_sin.o)
 .text.__kernel_sin
                0x000000000504a604      0x2cc d:/intelfpga_lite/18.1/nios2eds/bin/gnu/h-x86_64-mingw32/bin/../lib/gcc/nios2-elf/5.3.0/../../../../../H-x86_64-mingw32/nios2-elf/lib\libm.a(lib_a-k_sin.o)
                0x000000000504a604                __kernel_sin
 .text          0x000000000504a8d0        0x0 d:/intelfpga_lite/18.1/nios2eds/bin/gnu/h-x86_64-mingw32/bin/../lib/gcc/nios2-elf/5.3.0/../../../../../H-x86_64-mingw32/nios2-elf/lib\libm.a(lib_a-k_tan.o)
 .text.__kernel_tan
                0x000000000504a8d0      0x66c d:/intelfpga_lite/18.1/nios2eds/bin/gnu/h-x86_64-mingw32/bin/../lib/gcc/nios2-elf/5.3.0/../../../../../H-x86_64-mingw32/nios2-elf/lib\libm.a(lib_a-k_tan.o)
                0x000000000504a8d0                __kernel_tan
 .text          0x000000000504af3c        0x0 d:/intelfpga_lite/18.1/nios2eds/bin/gnu/h-x86_64-mingw32/bin/../lib/gcc/nios2-elf/5.3.0/../../../../../H-x86_64-mingw32/nios2-elf/lib\libm.a(lib_a-s_fabs.o)
 .text.fabs     0x000000000504af3c       0x14 d:/intelfpga_lite/18.1/nios2eds/bin/gnu/h-x86_64-mingw32/bin/../lib/gcc/nios2-elf/5.3.0/../../../../../H-x86_64-mingw32/nios2-elf/lib\libm.a(lib_a-s_fabs.o)
                0x000000000504af3c                fabs
 .text          0x000000000504af50        0x0 d:/intelfpga_lite/18.1/nios2eds/bin/gnu/h-x86_64-mingw32/bin/../lib/gcc/nios2-elf/5.3.0/../../../../../H-x86_64-mingw32/nios2-elf/lib\libm.a(lib_a-s_floor.o)
 .text.floor    0x000000000504af50      0x1ec d:/intelfpga_lite/18.1/nios2eds/bin/gnu/h-x86_64-mingw32/bin/../lib/gcc/nios2-elf/5.3.0/../../../../../H-x86_64-mingw32/nios2-elf/lib\libm.a(lib_a-s_floor.o)
                0x000000000504af50                floor
 .text          0x000000000504b13c        0x0 d:/intelfpga_lite/18.1/nios2eds/bin/gnu/h-x86_64-mingw32/bin/../lib/gcc/nios2-elf/5.3.0/../../../../../H-x86_64-mingw32/nios2-elf/lib\libm.a(lib_a-s_scalbn.o)
 .text.scalbn   0x000000000504b13c      0x19c d:/intelfpga_lite/18.1/nios2eds/bin/gnu/h-x86_64-mingw32/bin/../lib/gcc/nios2-elf/5.3.0/../../../../../H-x86_64-mingw32/nios2-elf/lib\libm.a(lib_a-s_scalbn.o)
                0x000000000504b13c                scalbn
 .text          0x000000000504b2d8        0x0 d:/intelfpga_lite/18.1/nios2eds/bin/gnu/h-x86_64-mingw32/bin/../lib/gcc/nios2-elf/5.3.0/../../../../../H-x86_64-mingw32/nios2-elf/lib\libm.a(lib_a-s_copysign.o)
 .text.copysign
                0x000000000504b2d8       0x1c d:/intelfpga_lite/18.1/nios2eds/bin/gnu/h-x86_64-mingw32/bin/../lib/gcc/nios2-elf/5.3.0/../../../../../H-x86_64-mingw32/nios2-elf/lib\libm.a(lib_a-s_copysign.o)
                0x000000000504b2d8                copysign
 .text          0x000000000504b2f4      0x1b4 d:/intelfpga_lite/18.1/nios2eds/bin/gnu/h-x86_64-mingw32/bin/../lib/gcc/nios2-elf/5.3.0\libgcc.a(lib2-divmod.o)
                0x000000000504b2f4                __divsi3
                0x000000000504b378                __modsi3
                0x000000000504b3ec                __udivsi3
                0x000000000504b450                __umodsi3
 .text          0x000000000504b4a8      0x4c8 d:/intelfpga_lite/18.1/nios2eds/bin/gnu/h-x86_64-mingw32/bin/../lib/gcc/nios2-elf/5.3.0\libgcc.a(addsf3.o)
                0x000000000504b4a8                __addsf3
 .text          0x000000000504b970      0x440 d:/intelfpga_lite/18.1/nios2eds/bin/gnu/h-x86_64-mingw32/bin/../lib/gcc/nios2-elf/5.3.0\libgcc.a(divsf3.o)
                0x000000000504b970                __divsf3
 .text          0x000000000504bdb0      0x3fc d:/intelfpga_lite/18.1/nios2eds/bin/gnu/h-x86_64-mingw32/bin/../lib/gcc/nios2-elf/5.3.0\libgcc.a(mulsf3.o)
                0x000000000504bdb0                __mulsf3
 .text          0x000000000504c1ac      0x4e4 d:/intelfpga_lite/18.1/nios2eds/bin/gnu/h-x86_64-mingw32/bin/../lib/gcc/nios2-elf/5.3.0\libgcc.a(subsf3.o)
                0x000000000504c1ac                __subsf3
 .text          0x000000000504c690       0x70 d:/intelfpga_lite/18.1/nios2eds/bin/gnu/h-x86_64-mingw32/bin/../lib/gcc/nios2-elf/5.3.0\libgcc.a(fixsfsi.o)
                0x000000000504c690                __fixsfsi
 .text          0x000000000504c700      0x124 d:/intelfpga_lite/18.1/nios2eds/bin/gnu/h-x86_64-mingw32/bin/../lib/gcc/nios2-elf/5.3.0\libgcc.a(floatsisf.o)
                0x000000000504c700                __floatsisf
 .text          0x000000000504c824       0xf0 d:/intelfpga_lite/18.1/nios2eds/bin/gnu/h-x86_64-mingw32/bin/../lib/gcc/nios2-elf/5.3.0\libgcc.a(floatunsisf.o)
                0x000000000504c824                __floatunsisf
 .text          0x000000000504c914      0x8ac d:/intelfpga_lite/18.1/nios2eds/bin/gnu/h-x86_64-mingw32/bin/../lib/gcc/nios2-elf/5.3.0\libgcc.a(adddf3.o)
                0x000000000504c914                __adddf3
 .text          0x000000000504d1c0      0x8e8 d:/intelfpga_lite/18.1/nios2eds/bin/gnu/h-x86_64-mingw32/bin/../lib/gcc/nios2-elf/5.3.0\libgcc.a(divdf3.o)
                0x000000000504d1c0                __divdf3
 .text          0x000000000504daa8       0x88 d:/intelfpga_lite/18.1/nios2eds/bin/gnu/h-x86_64-mingw32/bin/../lib/gcc/nios2-elf/5.3.0\libgcc.a(eqdf2.o)
                0x000000000504daa8                __nedf2
                0x000000000504daa8                __eqdf2
 .text          0x000000000504db30       0xdc d:/intelfpga_lite/18.1/nios2eds/bin/gnu/h-x86_64-mingw32/bin/../lib/gcc/nios2-elf/5.3.0\libgcc.a(gedf2.o)
                0x000000000504db30                __gedf2
                0x000000000504db30                __gtdf2
 .text          0x000000000504dc0c      0x718 d:/intelfpga_lite/18.1/nios2eds/bin/gnu/h-x86_64-mingw32/bin/../lib/gcc/nios2-elf/5.3.0\libgcc.a(muldf3.o)
                0x000000000504dc0c                __muldf3
 .text          0x000000000504e324      0x8fc d:/intelfpga_lite/18.1/nios2eds/bin/gnu/h-x86_64-mingw32/bin/../lib/gcc/nios2-elf/5.3.0\libgcc.a(subdf3.o)
                0x000000000504e324                __subdf3
 .text          0x000000000504ec20       0x80 d:/intelfpga_lite/18.1/nios2eds/bin/gnu/h-x86_64-mingw32/bin/../lib/gcc/nios2-elf/5.3.0\libgcc.a(fixdfsi.o)
                0x000000000504ec20                __fixdfsi
 .text          0x000000000504eca0       0xdc d:/intelfpga_lite/18.1/nios2eds/bin/gnu/h-x86_64-mingw32/bin/../lib/gcc/nios2-elf/5.3.0\libgcc.a(floatsidf.o)
                0x000000000504eca0                __floatsidf
 .text          0x000000000504ed7c      0x110 d:/intelfpga_lite/18.1/nios2eds/bin/gnu/h-x86_64-mingw32/bin/../lib/gcc/nios2-elf/5.3.0\libgcc.a(extendsfdf2.o)
                0x000000000504ed7c                __extendsfdf2
 .text          0x000000000504ee8c      0x1a8 d:/intelfpga_lite/18.1/nios2eds/bin/gnu/h-x86_64-mingw32/bin/../lib/gcc/nios2-elf/5.3.0\libgcc.a(truncdfsf2.o)
                0x000000000504ee8c                __truncdfsf2
 .text          0x000000000504f034       0x64 d:/intelfpga_lite/18.1/nios2eds/bin/gnu/h-x86_64-mingw32/bin/../lib/gcc/nios2-elf/5.3.0\libgcc.a(_clzsi2.o)
                0x000000000504f034                __clzsi2
 .text          0x000000000504f098        0x0 d:/intelfpga_lite/18.1/nios2eds/bin/gnu/h-x86_64-mingw32/bin/../lib/gcc/nios2-elf/5.3.0\libgcc.a(_clz.o)
 .text          0x000000000504f098        0x0 d:/intelfpga_lite/18.1/nios2eds/bin/gnu/h-x86_64-mingw32/bin/../lib/gcc/nios2-elf/5.3.0/../../../../../H-x86_64-mingw32/nios2-elf/lib\libc.a(lib_a-malloc.o)
 .text.malloc   0x000000000504f098       0x14 d:/intelfpga_lite/18.1/nios2eds/bin/gnu/h-x86_64-mingw32/bin/../lib/gcc/nios2-elf/5.3.0/../../../../../H-x86_64-mingw32/nios2-elf/lib\libc.a(lib_a-malloc.o)
                0x000000000504f098                malloc
 .text.free     0x000000000504f0ac       0x14 d:/intelfpga_lite/18.1/nios2eds/bin/gnu/h-x86_64-mingw32/bin/../lib/gcc/nios2-elf/5.3.0/../../../../../H-x86_64-mingw32/nios2-elf/lib\libc.a(lib_a-malloc.o)
                0x000000000504f0ac                free
 .text          0x000000000504f0c0        0x0 d:/intelfpga_lite/18.1/nios2eds/bin/gnu/h-x86_64-mingw32/bin/../lib/gcc/nios2-elf/5.3.0/../../../../../H-x86_64-mingw32/nios2-elf/lib\libc.a(lib_a-mallocr.o)
 .text._malloc_r
                0x000000000504f0c0      0x80c d:/intelfpga_lite/18.1/nios2eds/bin/gnu/h-x86_64-mingw32/bin/../lib/gcc/nios2-elf/5.3.0/../../../../../H-x86_64-mingw32/nios2-elf/lib\libc.a(lib_a-mallocr.o)
                0x000000000504f0c0                _malloc_r
 .text          0x000000000504f8cc        0x0 d:/intelfpga_lite/18.1/nios2eds/bin/gnu/h-x86_64-mingw32/bin/../lib/gcc/nios2-elf/5.3.0/../../../../../H-x86_64-mingw32/nios2-elf/lib\libc.a(lib_a-memcpy.o)
 .text.memcpy   0x000000000504f8cc      0x148 d:/intelfpga_lite/18.1/nios2eds/bin/gnu/h-x86_64-mingw32/bin/../lib/gcc/nios2-elf/5.3.0/../../../../../H-x86_64-mingw32/nios2-elf/lib\libc.a(lib_a-memcpy.o)
                0x000000000504f8cc                memcpy
 .text          0x000000000504fa14        0x0 d:/intelfpga_lite/18.1/nios2eds/bin/gnu/h-x86_64-mingw32/bin/../lib/gcc/nios2-elf/5.3.0/../../../../../H-x86_64-mingw32/nios2-elf/lib\libc.a(lib_a-memset.o)
 .text.memset   0x000000000504fa14      0x128 d:/intelfpga_lite/18.1/nios2eds/bin/gnu/h-x86_64-mingw32/bin/../lib/gcc/nios2-elf/5.3.0/../../../../../H-x86_64-mingw32/nios2-elf/lib\libc.a(lib_a-memset.o)
                0x000000000504fa14                memset
 .text          0x000000000504fb3c        0x0 d:/intelfpga_lite/18.1/nios2eds/bin/gnu/h-x86_64-mingw32/bin/../lib/gcc/nios2-elf/5.3.0/../../../../../H-x86_64-mingw32/nios2-elf/lib\libc.a(lib_a-printf.o)
 .text._printf_r
                0x000000000504fb3c       0x30 d:/intelfpga_lite/18.1/nios2eds/bin/gnu/h-x86_64-mingw32/bin/../lib/gcc/nios2-elf/5.3.0/../../../../../H-x86_64-mingw32/nios2-elf/lib\libc.a(lib_a-printf.o)
                0x000000000504fb3c                _printf_r
 .text.printf   0x000000000504fb6c       0x3c d:/intelfpga_lite/18.1/nios2eds/bin/gnu/h-x86_64-mingw32/bin/../lib/gcc/nios2-elf/5.3.0/../../../../../H-x86_64-mingw32/nios2-elf/lib\libc.a(lib_a-printf.o)
                0x000000000504fb6c                printf
 .text          0x000000000504fba8        0x0 d:/intelfpga_lite/18.1/nios2eds/bin/gnu/h-x86_64-mingw32/bin/../lib/gcc/nios2-elf/5.3.0/../../../../../H-x86_64-mingw32/nios2-elf/lib\libc.a(lib_a-puts.o)
 .text._puts_r  0x000000000504fba8       0xc0 d:/intelfpga_lite/18.1/nios2eds/bin/gnu/h-x86_64-mingw32/bin/../lib/gcc/nios2-elf/5.3.0/../../../../../H-x86_64-mingw32/nios2-elf/lib\libc.a(lib_a-puts.o)
                0x000000000504fba8                _puts_r
 .text.puts     0x000000000504fc68       0x14 d:/intelfpga_lite/18.1/nios2eds/bin/gnu/h-x86_64-mingw32/bin/../lib/gcc/nios2-elf/5.3.0/../../../../../H-x86_64-mingw32/nios2-elf/lib\libc.a(lib_a-puts.o)
                0x000000000504fc68                puts
 .text          0x000000000504fc7c        0x0 d:/intelfpga_lite/18.1/nios2eds/bin/gnu/h-x86_64-mingw32/bin/../lib/gcc/nios2-elf/5.3.0/../../../../../H-x86_64-mingw32/nios2-elf/lib\libc.a(lib_a-sbrkr.o)
 .text._sbrk_r  0x000000000504fc7c       0x54 d:/intelfpga_lite/18.1/nios2eds/bin/gnu/h-x86_64-mingw32/bin/../lib/gcc/nios2-elf/5.3.0/../../../../../H-x86_64-mingw32/nios2-elf/lib\libc.a(lib_a-sbrkr.o)
                0x000000000504fc7c                _sbrk_r
 .text          0x000000000504fcd0        0x0 d:/intelfpga_lite/18.1/nios2eds/bin/gnu/h-x86_64-mingw32/bin/../lib/gcc/nios2-elf/5.3.0/../../../../../H-x86_64-mingw32/nios2-elf/lib\libc.a(lib_a-sprintf.o)
 .text._sprintf_r
                0x000000000504fcd0       0x58 d:/intelfpga_lite/18.1/nios2eds/bin/gnu/h-x86_64-mingw32/bin/../lib/gcc/nios2-elf/5.3.0/../../../../../H-x86_64-mingw32/nios2-elf/lib\libc.a(lib_a-sprintf.o)
                0x000000000504fcd0                _sprintf_r
 .text.sprintf  0x000000000504fd28       0x6c d:/intelfpga_lite/18.1/nios2eds/bin/gnu/h-x86_64-mingw32/bin/../lib/gcc/nios2-elf/5.3.0/../../../../../H-x86_64-mingw32/nios2-elf/lib\libc.a(lib_a-sprintf.o)
                0x000000000504fd28                sprintf
 .text          0x000000000504fd94        0x0 d:/intelfpga_lite/18.1/nios2eds/bin/gnu/h-x86_64-mingw32/bin/../lib/gcc/nios2-elf/5.3.0/../../../../../H-x86_64-mingw32/nios2-elf/lib\libc.a(lib_a-strcpy.o)
 .text.strcpy   0x000000000504fd94       0x90 d:/intelfpga_lite/18.1/nios2eds/bin/gnu/h-x86_64-mingw32/bin/../lib/gcc/nios2-elf/5.3.0/../../../../../H-x86_64-mingw32/nios2-elf/lib\libc.a(lib_a-strcpy.o)
                0x000000000504fd94                strcpy
 .text          0x000000000504fe24        0x0 d:/intelfpga_lite/18.1/nios2eds/bin/gnu/h-x86_64-mingw32/bin/../lib/gcc/nios2-elf/5.3.0/../../../../../H-x86_64-mingw32/nios2-elf/lib\libc.a(lib_a-strlen.o)
 .text.strlen   0x000000000504fe24       0x98 d:/intelfpga_lite/18.1/nios2eds/bin/gnu/h-x86_64-mingw32/bin/../lib/gcc/nios2-elf/5.3.0/../../../../../H-x86_64-mingw32/nios2-elf/lib\libc.a(lib_a-strlen.o)
                0x000000000504fe24                strlen
 .text          0x000000000504febc        0x0 d:/intelfpga_lite/18.1/nios2eds/bin/gnu/h-x86_64-mingw32/bin/../lib/gcc/nios2-elf/5.3.0/../../../../../H-x86_64-mingw32/nios2-elf/lib\libc.a(lib_a-svfprintf.o)
 .text.___svfprintf_internal_r
                0x000000000504febc     0x21d8 d:/intelfpga_lite/18.1/nios2eds/bin/gnu/h-x86_64-mingw32/bin/../lib/gcc/nios2-elf/5.3.0/../../../../../H-x86_64-mingw32/nios2-elf/lib\libc.a(lib_a-svfprintf.o)
                0x000000000504febc                ___svfprintf_internal_r
 .text          0x0000000005052094        0x0 d:/intelfpga_lite/18.1/nios2eds/bin/gnu/h-x86_64-mingw32/bin/../lib/gcc/nios2-elf/5.3.0/../../../../../H-x86_64-mingw32/nios2-elf/lib\libc.a(lib_a-vfprintf.o)
 .text.___vfprintf_internal_r
                0x0000000005052094     0x21f8 d:/intelfpga_lite/18.1/nios2eds/bin/gnu/h-x86_64-mingw32/bin/../lib/gcc/nios2-elf/5.3.0/../../../../../H-x86_64-mingw32/nios2-elf/lib\libc.a(lib_a-vfprintf.o)
                0x0000000005052094                ___vfprintf_internal_r
 .text.__vfprintf_internal
                0x000000000505428c       0x1c d:/intelfpga_lite/18.1/nios2eds/bin/gnu/h-x86_64-mingw32/bin/../lib/gcc/nios2-elf/5.3.0/../../../../../H-x86_64-mingw32/nios2-elf/lib\libc.a(lib_a-vfprintf.o)
                0x000000000505428c                __vfprintf_internal
 .text.__sbprintf
                0x00000000050542a8       0xbc d:/intelfpga_lite/18.1/nios2eds/bin/gnu/h-x86_64-mingw32/bin/../lib/gcc/nios2-elf/5.3.0/../../../../../H-x86_64-mingw32/nios2-elf/lib\libc.a(lib_a-vfprintf.o)
 .text          0x0000000005054364        0x0 d:/intelfpga_lite/18.1/nios2eds/bin/gnu/h-x86_64-mingw32/bin/../lib/gcc/nios2-elf/5.3.0/../../../../../H-x86_64-mingw32/nios2-elf/lib\libc.a(lib_a-vsnprintf.o)
 .text._vsnprintf_r
                0x0000000005054364       0xf0 d:/intelfpga_lite/18.1/nios2eds/bin/gnu/h-x86_64-mingw32/bin/../lib/gcc/nios2-elf/5.3.0/../../../../../H-x86_64-mingw32/nios2-elf/lib\libc.a(lib_a-vsnprintf.o)
                0x0000000005054364                _vsnprintf_r
 .text.vsnprintf
                0x0000000005054454       0x34 d:/intelfpga_lite/18.1/nios2eds/bin/gnu/h-x86_64-mingw32/bin/../lib/gcc/nios2-elf/5.3.0/../../../../../H-x86_64-mingw32/nios2-elf/lib\libc.a(lib_a-vsnprintf.o)
                0x0000000005054454                vsnprintf
 .text          0x0000000005054488        0x0 d:/intelfpga_lite/18.1/nios2eds/bin/gnu/h-x86_64-mingw32/bin/../lib/gcc/nios2-elf/5.3.0/../../../../../H-x86_64-mingw32/nios2-elf/lib\libc.a(lib_a-wsetup.o)
 .text.__swsetup_r
                0x0000000005054488      0x154 d:/intelfpga_lite/18.1/nios2eds/bin/gnu/h-x86_64-mingw32/bin/../lib/gcc/nios2-elf/5.3.0/../../../../../H-x86_64-mingw32/nios2-elf/lib\libc.a(lib_a-wsetup.o)
                0x0000000005054488                __swsetup_r
 .text          0x00000000050545dc        0x0 d:/intelfpga_lite/18.1/nios2eds/bin/gnu/h-x86_64-mingw32/bin/../lib/gcc/nios2-elf/5.3.0/../../../../../H-x86_64-mingw32/nios2-elf/lib\libc.a(lib_a-dtoa.o)
 .text.quorem   0x00000000050545dc      0x200 d:/intelfpga_lite/18.1/nios2eds/bin/gnu/h-x86_64-mingw32/bin/../lib/gcc/nios2-elf/5.3.0/../../../../../H-x86_64-mingw32/nios2-elf/lib\libc.a(lib_a-dtoa.o)
 .text._dtoa_r  0x00000000050547dc     0x1688 d:/intelfpga_lite/18.1/nios2eds/bin/gnu/h-x86_64-mingw32/bin/../lib/gcc/nios2-elf/5.3.0/../../../../../H-x86_64-mingw32/nios2-elf/lib\libc.a(lib_a-dtoa.o)
                0x00000000050547dc                _dtoa_r
 .text          0x0000000005055e64        0x0 d:/intelfpga_lite/18.1/nios2eds/bin/gnu/h-x86_64-mingw32/bin/../lib/gcc/nios2-elf/5.3.0/../../../../../H-x86_64-mingw32/nios2-elf/lib\libc.a(lib_a-fflush.o)
 .text.__sflush_r
                0x0000000005055e64      0x21c d:/intelfpga_lite/18.1/nios2eds/bin/gnu/h-x86_64-mingw32/bin/../lib/gcc/nios2-elf/5.3.0/../../../../../H-x86_64-mingw32/nios2-elf/lib\libc.a(lib_a-fflush.o)
                0x0000000005055e64                __sflush_r
 .text._fflush_r
                0x0000000005056080       0x5c d:/intelfpga_lite/18.1/nios2eds/bin/gnu/h-x86_64-mingw32/bin/../lib/gcc/nios2-elf/5.3.0/../../../../../H-x86_64-mingw32/nios2-elf/lib\libc.a(lib_a-fflush.o)
                0x0000000005056080                _fflush_r
 .text.fflush   0x00000000050560dc       0x30 d:/intelfpga_lite/18.1/nios2eds/bin/gnu/h-x86_64-mingw32/bin/../lib/gcc/nios2-elf/5.3.0/../../../../../H-x86_64-mingw32/nios2-elf/lib\libc.a(lib_a-fflush.o)
                0x00000000050560dc                fflush
 .text          0x000000000505610c        0x0 d:/intelfpga_lite/18.1/nios2eds/bin/gnu/h-x86_64-mingw32/bin/../lib/gcc/nios2-elf/5.3.0/../../../../../H-x86_64-mingw32/nios2-elf/lib\libc.a(lib_a-findfp.o)
 .text.__fp_unlock
                0x000000000505610c        0x8 d:/intelfpga_lite/18.1/nios2eds/bin/gnu/h-x86_64-mingw32/bin/../lib/gcc/nios2-elf/5.3.0/../../../../../H-x86_64-mingw32/nios2-elf/lib\libc.a(lib_a-findfp.o)
 .text._cleanup_r
                0x0000000005056114        0xc d:/intelfpga_lite/18.1/nios2eds/bin/gnu/h-x86_64-mingw32/bin/../lib/gcc/nios2-elf/5.3.0/../../../../../H-x86_64-mingw32/nios2-elf/lib\libc.a(lib_a-findfp.o)
                0x0000000005056114                _cleanup_r
 .text.__sinit.part.1
                0x0000000005056120      0x19c d:/intelfpga_lite/18.1/nios2eds/bin/gnu/h-x86_64-mingw32/bin/../lib/gcc/nios2-elf/5.3.0/../../../../../H-x86_64-mingw32/nios2-elf/lib\libc.a(lib_a-findfp.o)
 .text.__fp_lock
                0x00000000050562bc        0x8 d:/intelfpga_lite/18.1/nios2eds/bin/gnu/h-x86_64-mingw32/bin/../lib/gcc/nios2-elf/5.3.0/../../../../../H-x86_64-mingw32/nios2-elf/lib\libc.a(lib_a-findfp.o)
 .text.__sfmoreglue
                0x00000000050562c4       0x68 d:/intelfpga_lite/18.1/nios2eds/bin/gnu/h-x86_64-mingw32/bin/../lib/gcc/nios2-elf/5.3.0/../../../../../H-x86_64-mingw32/nios2-elf/lib\libc.a(lib_a-findfp.o)
                0x00000000050562c4                __sfmoreglue
 .text.__sfp    0x000000000505632c      0x118 d:/intelfpga_lite/18.1/nios2eds/bin/gnu/h-x86_64-mingw32/bin/../lib/gcc/nios2-elf/5.3.0/../../../../../H-x86_64-mingw32/nios2-elf/lib\libc.a(lib_a-findfp.o)
                0x000000000505632c                __sfp
 .text._cleanup
                0x0000000005056444       0x18 d:/intelfpga_lite/18.1/nios2eds/bin/gnu/h-x86_64-mingw32/bin/../lib/gcc/nios2-elf/5.3.0/../../../../../H-x86_64-mingw32/nios2-elf/lib\libc.a(lib_a-findfp.o)
                0x0000000005056444                _cleanup
 .text.__sinit  0x000000000505645c       0x10 d:/intelfpga_lite/18.1/nios2eds/bin/gnu/h-x86_64-mingw32/bin/../lib/gcc/nios2-elf/5.3.0/../../../../../H-x86_64-mingw32/nios2-elf/lib\libc.a(lib_a-findfp.o)
                0x000000000505645c                __sinit
 .text.__sfp_lock_acquire
                0x000000000505646c        0x4 d:/intelfpga_lite/18.1/nios2eds/bin/gnu/h-x86_64-mingw32/bin/../lib/gcc/nios2-elf/5.3.0/../../../../../H-x86_64-mingw32/nios2-elf/lib\libc.a(lib_a-findfp.o)
                0x000000000505646c                __sfp_lock_acquire
 .text.__sfp_lock_release
                0x0000000005056470        0x4 d:/intelfpga_lite/18.1/nios2eds/bin/gnu/h-x86_64-mingw32/bin/../lib/gcc/nios2-elf/5.3.0/../../../../../H-x86_64-mingw32/nios2-elf/lib\libc.a(lib_a-findfp.o)
                0x0000000005056470                __sfp_lock_release
 .text.__sinit_lock_acquire
                0x0000000005056474        0x4 d:/intelfpga_lite/18.1/nios2eds/bin/gnu/h-x86_64-mingw32/bin/../lib/gcc/nios2-elf/5.3.0/../../../../../H-x86_64-mingw32/nios2-elf/lib\libc.a(lib_a-findfp.o)
                0x0000000005056474                __sinit_lock_acquire
 .text.__sinit_lock_release
                0x0000000005056478        0x4 d:/intelfpga_lite/18.1/nios2eds/bin/gnu/h-x86_64-mingw32/bin/../lib/gcc/nios2-elf/5.3.0/../../../../../H-x86_64-mingw32/nios2-elf/lib\libc.a(lib_a-findfp.o)
                0x0000000005056478                __sinit_lock_release
 .text.__fp_lock_all
                0x000000000505647c       0x18 d:/intelfpga_lite/18.1/nios2eds/bin/gnu/h-x86_64-mingw32/bin/../lib/gcc/nios2-elf/5.3.0/../../../../../H-x86_64-mingw32/nios2-elf/lib\libc.a(lib_a-findfp.o)
                0x000000000505647c                __fp_lock_all
 .text.__fp_unlock_all
                0x0000000005056494       0x18 d:/intelfpga_lite/18.1/nios2eds/bin/gnu/h-x86_64-mingw32/bin/../lib/gcc/nios2-elf/5.3.0/../../../../../H-x86_64-mingw32/nios2-elf/lib\libc.a(lib_a-findfp.o)
                0x0000000005056494                __fp_unlock_all
 .text          0x00000000050564ac        0x0 d:/intelfpga_lite/18.1/nios2eds/bin/gnu/h-x86_64-mingw32/bin/../lib/gcc/nios2-elf/5.3.0/../../../../../H-x86_64-mingw32/nios2-elf/lib\libc.a(lib_a-freer.o)
 .text._malloc_trim_r
                0x00000000050564ac      0x124 d:/intelfpga_lite/18.1/nios2eds/bin/gnu/h-x86_64-mingw32/bin/../lib/gcc/nios2-elf/5.3.0/../../../../../H-x86_64-mingw32/nios2-elf/lib\libc.a(lib_a-freer.o)
                0x00000000050564ac                _malloc_trim_r
 .text._free_r  0x00000000050565d0      0x310 d:/intelfpga_lite/18.1/nios2eds/bin/gnu/h-x86_64-mingw32/bin/../lib/gcc/nios2-elf/5.3.0/../../../../../H-x86_64-mingw32/nios2-elf/lib\libc.a(lib_a-freer.o)
                0x00000000050565d0                _free_r
 .text          0x00000000050568e0        0x0 d:/intelfpga_lite/18.1/nios2eds/bin/gnu/h-x86_64-mingw32/bin/../lib/gcc/nios2-elf/5.3.0/../../../../../H-x86_64-mingw32/nios2-elf/lib\libc.a(lib_a-fvwrite.o)
 .text.__sfvwrite_r
                0x00000000050568e0      0x4bc d:/intelfpga_lite/18.1/nios2eds/bin/gnu/h-x86_64-mingw32/bin/../lib/gcc/nios2-elf/5.3.0/../../../../../H-x86_64-mingw32/nios2-elf/lib\libc.a(lib_a-fvwrite.o)
                0x00000000050568e0                __sfvwrite_r
 .text          0x0000000005056d9c        0x0 d:/intelfpga_lite/18.1/nios2eds/bin/gnu/h-x86_64-mingw32/bin/../lib/gcc/nios2-elf/5.3.0/../../../../../H-x86_64-mingw32/nios2-elf/lib\libc.a(lib_a-fwalk.o)
 .text._fwalk   0x0000000005056d9c       0xc4 d:/intelfpga_lite/18.1/nios2eds/bin/gnu/h-x86_64-mingw32/bin/../lib/gcc/nios2-elf/5.3.0/../../../../../H-x86_64-mingw32/nios2-elf/lib\libc.a(lib_a-fwalk.o)
                0x0000000005056d9c                _fwalk
 .text._fwalk_reent
                0x0000000005056e60       0xc4 d:/intelfpga_lite/18.1/nios2eds/bin/gnu/h-x86_64-mingw32/bin/../lib/gcc/nios2-elf/5.3.0/../../../../../H-x86_64-mingw32/nios2-elf/lib\libc.a(lib_a-fwalk.o)
                0x0000000005056e60                _fwalk_reent
 .text          0x0000000005056f24        0x0 d:/intelfpga_lite/18.1/nios2eds/bin/gnu/h-x86_64-mingw32/bin/../lib/gcc/nios2-elf/5.3.0/../../../../../H-x86_64-mingw32/nios2-elf/lib\libc.a(lib_a-impure.o)
 .text          0x0000000005056f24        0x0 d:/intelfpga_lite/18.1/nios2eds/bin/gnu/h-x86_64-mingw32/bin/../lib/gcc/nios2-elf/5.3.0/../../../../../H-x86_64-mingw32/nios2-elf/lib\libc.a(lib_a-int_errno.o)
 .text          0x0000000005056f24        0x0 d:/intelfpga_lite/18.1/nios2eds/bin/gnu/h-x86_64-mingw32/bin/../lib/gcc/nios2-elf/5.3.0/../../../../../H-x86_64-mingw32/nios2-elf/lib\libc.a(lib_a-locale.o)
 .text._setlocale_r
                0x0000000005056f24       0x7c d:/intelfpga_lite/18.1/nios2eds/bin/gnu/h-x86_64-mingw32/bin/../lib/gcc/nios2-elf/5.3.0/../../../../../H-x86_64-mingw32/nios2-elf/lib\libc.a(lib_a-locale.o)
                0x0000000005056f24                _setlocale_r
 .text.__locale_charset
                0x0000000005056fa0        0xc d:/intelfpga_lite/18.1/nios2eds/bin/gnu/h-x86_64-mingw32/bin/../lib/gcc/nios2-elf/5.3.0/../../../../../H-x86_64-mingw32/nios2-elf/lib\libc.a(lib_a-locale.o)
                0x0000000005056fa0                __locale_charset
 .text.__locale_mb_cur_max
                0x0000000005056fac       0x10 d:/intelfpga_lite/18.1/nios2eds/bin/gnu/h-x86_64-mingw32/bin/../lib/gcc/nios2-elf/5.3.0/../../../../../H-x86_64-mingw32/nios2-elf/lib\libc.a(lib_a-locale.o)
                0x0000000005056fac                __locale_mb_cur_max
 .text.__locale_msgcharset
                0x0000000005056fbc        0xc d:/intelfpga_lite/18.1/nios2eds/bin/gnu/h-x86_64-mingw32/bin/../lib/gcc/nios2-elf/5.3.0/../../../../../H-x86_64-mingw32/nios2-elf/lib\libc.a(lib_a-locale.o)
                0x0000000005056fbc                __locale_msgcharset
 .text.__locale_cjk_lang
                0x0000000005056fc8        0x8 d:/intelfpga_lite/18.1/nios2eds/bin/gnu/h-x86_64-mingw32/bin/../lib/gcc/nios2-elf/5.3.0/../../../../../H-x86_64-mingw32/nios2-elf/lib\libc.a(lib_a-locale.o)
                0x0000000005056fc8                __locale_cjk_lang
 .text._localeconv_r
                0x0000000005056fd0        0xc d:/intelfpga_lite/18.1/nios2eds/bin/gnu/h-x86_64-mingw32/bin/../lib/gcc/nios2-elf/5.3.0/../../../../../H-x86_64-mingw32/nios2-elf/lib\libc.a(lib_a-locale.o)
                0x0000000005056fd0                _localeconv_r
 .text.setlocale
                0x0000000005056fdc       0x18 d:/intelfpga_lite/18.1/nios2eds/bin/gnu/h-x86_64-mingw32/bin/../lib/gcc/nios2-elf/5.3.0/../../../../../H-x86_64-mingw32/nios2-elf/lib\libc.a(lib_a-locale.o)
                0x0000000005056fdc                setlocale
 .text.localeconv
                0x0000000005056ff4        0xc d:/intelfpga_lite/18.1/nios2eds/bin/gnu/h-x86_64-mingw32/bin/../lib/gcc/nios2-elf/5.3.0/../../../../../H-x86_64-mingw32/nios2-elf/lib\libc.a(lib_a-locale.o)
                0x0000000005056ff4                localeconv
 .text          0x0000000005057000        0x0 d:/intelfpga_lite/18.1/nios2eds/bin/gnu/h-x86_64-mingw32/bin/../lib/gcc/nios2-elf/5.3.0/../../../../../H-x86_64-mingw32/nios2-elf/lib\libc.a(lib_a-makebuf.o)
 .text.__smakebuf_r
                0x0000000005057000      0x1bc d:/intelfpga_lite/18.1/nios2eds/bin/gnu/h-x86_64-mingw32/bin/../lib/gcc/nios2-elf/5.3.0/../../../../../H-x86_64-mingw32/nios2-elf/lib\libc.a(lib_a-makebuf.o)
                0x0000000005057000                __smakebuf_r
 .text          0x00000000050571bc        0x0 d:/intelfpga_lite/18.1/nios2eds/bin/gnu/h-x86_64-mingw32/bin/../lib/gcc/nios2-elf/5.3.0/../../../../../H-x86_64-mingw32/nios2-elf/lib\libc.a(lib_a-memchr.o)
 .text.memchr   0x00000000050571bc       0xe4 d:/intelfpga_lite/18.1/nios2eds/bin/gnu/h-x86_64-mingw32/bin/../lib/gcc/nios2-elf/5.3.0/../../../../../H-x86_64-mingw32/nios2-elf/lib\libc.a(lib_a-memchr.o)
                0x00000000050571bc                memchr
 .text          0x00000000050572a0        0x0 d:/intelfpga_lite/18.1/nios2eds/bin/gnu/h-x86_64-mingw32/bin/../lib/gcc/nios2-elf/5.3.0/../../../../../H-x86_64-mingw32/nios2-elf/lib\libc.a(lib_a-memmove.o)
 .text.memmove  0x00000000050572a0      0x15c d:/intelfpga_lite/18.1/nios2eds/bin/gnu/h-x86_64-mingw32/bin/../lib/gcc/nios2-elf/5.3.0/../../../../../H-x86_64-mingw32/nios2-elf/lib\libc.a(lib_a-memmove.o)
                0x00000000050572a0                memmove
 .text          0x00000000050573fc        0x0 d:/intelfpga_lite/18.1/nios2eds/bin/gnu/h-x86_64-mingw32/bin/../lib/gcc/nios2-elf/5.3.0/../../../../../H-x86_64-mingw32/nios2-elf/lib\libc.a(lib_a-mprec.o)
 .text._Balloc  0x00000000050573fc       0xa8 d:/intelfpga_lite/18.1/nios2eds/bin/gnu/h-x86_64-mingw32/bin/../lib/gcc/nios2-elf/5.3.0/../../../../../H-x86_64-mingw32/nios2-elf/lib\libc.a(lib_a-mprec.o)
                0x00000000050573fc                _Balloc
 .text._Bfree   0x00000000050574a4       0x28 d:/intelfpga_lite/18.1/nios2eds/bin/gnu/h-x86_64-mingw32/bin/../lib/gcc/nios2-elf/5.3.0/../../../../../H-x86_64-mingw32/nios2-elf/lib\libc.a(lib_a-mprec.o)
                0x00000000050574a4                _Bfree
 .text.__multadd
                0x00000000050574cc      0x120 d:/intelfpga_lite/18.1/nios2eds/bin/gnu/h-x86_64-mingw32/bin/../lib/gcc/nios2-elf/5.3.0/../../../../../H-x86_64-mingw32/nios2-elf/lib\libc.a(lib_a-mprec.o)
                0x00000000050574cc                __multadd
 .text.__s2b    0x00000000050575ec      0x104 d:/intelfpga_lite/18.1/nios2eds/bin/gnu/h-x86_64-mingw32/bin/../lib/gcc/nios2-elf/5.3.0/../../../../../H-x86_64-mingw32/nios2-elf/lib\libc.a(lib_a-mprec.o)
                0x00000000050575ec                __s2b
 .text.__hi0bits
                0x00000000050576f0       0x68 d:/intelfpga_lite/18.1/nios2eds/bin/gnu/h-x86_64-mingw32/bin/../lib/gcc/nios2-elf/5.3.0/../../../../../H-x86_64-mingw32/nios2-elf/lib\libc.a(lib_a-mprec.o)
                0x00000000050576f0                __hi0bits
 .text.__lo0bits
                0x0000000005057758       0xb0 d:/intelfpga_lite/18.1/nios2eds/bin/gnu/h-x86_64-mingw32/bin/../lib/gcc/nios2-elf/5.3.0/../../../../../H-x86_64-mingw32/nios2-elf/lib\libc.a(lib_a-mprec.o)
                0x0000000005057758                __lo0bits
 .text.__i2b    0x0000000005057808       0x3c d:/intelfpga_lite/18.1/nios2eds/bin/gnu/h-x86_64-mingw32/bin/../lib/gcc/nios2-elf/5.3.0/../../../../../H-x86_64-mingw32/nios2-elf/lib\libc.a(lib_a-mprec.o)
                0x0000000005057808                __i2b
 .text.__multiply
                0x0000000005057844      0x1f8 d:/intelfpga_lite/18.1/nios2eds/bin/gnu/h-x86_64-mingw32/bin/../lib/gcc/nios2-elf/5.3.0/../../../../../H-x86_64-mingw32/nios2-elf/lib\libc.a(lib_a-mprec.o)
                0x0000000005057844                __multiply
 .text.__pow5mult
                0x0000000005057a3c      0x140 d:/intelfpga_lite/18.1/nios2eds/bin/gnu/h-x86_64-mingw32/bin/../lib/gcc/nios2-elf/5.3.0/../../../../../H-x86_64-mingw32/nios2-elf/lib\libc.a(lib_a-mprec.o)
                0x0000000005057a3c                __pow5mult
 .text.__lshift
                0x0000000005057b7c      0x148 d:/intelfpga_lite/18.1/nios2eds/bin/gnu/h-x86_64-mingw32/bin/../lib/gcc/nios2-elf/5.3.0/../../../../../H-x86_64-mingw32/nios2-elf/lib\libc.a(lib_a-mprec.o)
                0x0000000005057b7c                __lshift
 .text.__mcmp   0x0000000005057cc4       0x60 d:/intelfpga_lite/18.1/nios2eds/bin/gnu/h-x86_64-mingw32/bin/../lib/gcc/nios2-elf/5.3.0/../../../../../H-x86_64-mingw32/nios2-elf/lib\libc.a(lib_a-mprec.o)
                0x0000000005057cc4                __mcmp
 .text.__mdiff  0x0000000005057d24      0x1fc d:/intelfpga_lite/18.1/nios2eds/bin/gnu/h-x86_64-mingw32/bin/../lib/gcc/nios2-elf/5.3.0/../../../../../H-x86_64-mingw32/nios2-elf/lib\libc.a(lib_a-mprec.o)
                0x0000000005057d24                __mdiff
 .text.__ulp    0x0000000005057f20       0x64 d:/intelfpga_lite/18.1/nios2eds/bin/gnu/h-x86_64-mingw32/bin/../lib/gcc/nios2-elf/5.3.0/../../../../../H-x86_64-mingw32/nios2-elf/lib\libc.a(lib_a-mprec.o)
                0x0000000005057f20                __ulp
 .text.__b2d    0x0000000005057f84      0x10c d:/intelfpga_lite/18.1/nios2eds/bin/gnu/h-x86_64-mingw32/bin/../lib/gcc/nios2-elf/5.3.0/../../../../../H-x86_64-mingw32/nios2-elf/lib\libc.a(lib_a-mprec.o)
                0x0000000005057f84                __b2d
 .text.__d2b    0x0000000005058090      0x14c d:/intelfpga_lite/18.1/nios2eds/bin/gnu/h-x86_64-mingw32/bin/../lib/gcc/nios2-elf/5.3.0/../../../../../H-x86_64-mingw32/nios2-elf/lib\libc.a(lib_a-mprec.o)
                0x0000000005058090                __d2b
 .text.__ratio  0x00000000050581dc       0xa4 d:/intelfpga_lite/18.1/nios2eds/bin/gnu/h-x86_64-mingw32/bin/../lib/gcc/nios2-elf/5.3.0/../../../../../H-x86_64-mingw32/nios2-elf/lib\libc.a(lib_a-mprec.o)
                0x00000000050581dc                __ratio
 .text._mprec_log10
                0x0000000005058280       0x74 d:/intelfpga_lite/18.1/nios2eds/bin/gnu/h-x86_64-mingw32/bin/../lib/gcc/nios2-elf/5.3.0/../../../../../H-x86_64-mingw32/nios2-elf/lib\libc.a(lib_a-mprec.o)
                0x0000000005058280                _mprec_log10
 .text.__copybits
                0x00000000050582f4       0x78 d:/intelfpga_lite/18.1/nios2eds/bin/gnu/h-x86_64-mingw32/bin/../lib/gcc/nios2-elf/5.3.0/../../../../../H-x86_64-mingw32/nios2-elf/lib\libc.a(lib_a-mprec.o)
                0x00000000050582f4                __copybits
 .text.__any_on
                0x000000000505836c       0x8c d:/intelfpga_lite/18.1/nios2eds/bin/gnu/h-x86_64-mingw32/bin/../lib/gcc/nios2-elf/5.3.0/../../../../../H-x86_64-mingw32/nios2-elf/lib\libc.a(lib_a-mprec.o)
                0x000000000505836c                __any_on
 .text          0x00000000050583f8        0x0 d:/intelfpga_lite/18.1/nios2eds/bin/gnu/h-x86_64-mingw32/bin/../lib/gcc/nios2-elf/5.3.0/../../../../../H-x86_64-mingw32/nios2-elf/lib\libc.a(lib_a-reallocr.o)
 .text._realloc_r
                0x00000000050583f8      0x564 d:/intelfpga_lite/18.1/nios2eds/bin/gnu/h-x86_64-mingw32/bin/../lib/gcc/nios2-elf/5.3.0/../../../../../H-x86_64-mingw32/nios2-elf/lib\libc.a(lib_a-reallocr.o)
                0x00000000050583f8                _realloc_r
 .text          0x000000000505895c        0x0 d:/intelfpga_lite/18.1/nios2eds/bin/gnu/h-x86_64-mingw32/bin/../lib/gcc/nios2-elf/5.3.0/../../../../../H-x86_64-mingw32/nios2-elf/lib\libc.a(lib_a-s_fpclassify.o)
 .text.__fpclassifyd
                0x000000000505895c       0x74 d:/intelfpga_lite/18.1/nios2eds/bin/gnu/h-x86_64-mingw32/bin/../lib/gcc/nios2-elf/5.3.0/../../../../../H-x86_64-mingw32/nios2-elf/lib\libc.a(lib_a-s_fpclassify.o)
                0x000000000505895c                __fpclassifyd
 .text          0x00000000050589d0        0x0 d:/intelfpga_lite/18.1/nios2eds/bin/gnu/h-x86_64-mingw32/bin/../lib/gcc/nios2-elf/5.3.0/../../../../../H-x86_64-mingw32/nios2-elf/lib\libc.a(lib_a-stdio.o)
 .text.__sread  0x00000000050589d0       0x54 d:/intelfpga_lite/18.1/nios2eds/bin/gnu/h-x86_64-mingw32/bin/../lib/gcc/nios2-elf/5.3.0/../../../../../H-x86_64-mingw32/nios2-elf/lib\libc.a(lib_a-stdio.o)
                0x00000000050589d0                __sread
 .text.__seofread
                0x0000000005058a24        0x8 d:/intelfpga_lite/18.1/nios2eds/bin/gnu/h-x86_64-mingw32/bin/../lib/gcc/nios2-elf/5.3.0/../../../../../H-x86_64-mingw32/nios2-elf/lib\libc.a(lib_a-stdio.o)
                0x0000000005058a24                __seofread
 .text.__swrite
                0x0000000005058a2c       0x7c d:/intelfpga_lite/18.1/nios2eds/bin/gnu/h-x86_64-mingw32/bin/../lib/gcc/nios2-elf/5.3.0/../../../../../H-x86_64-mingw32/nios2-elf/lib\libc.a(lib_a-stdio.o)
                0x0000000005058a2c                __swrite
 .text.__sseek  0x0000000005058aa8       0x5c d:/intelfpga_lite/18.1/nios2eds/bin/gnu/h-x86_64-mingw32/bin/../lib/gcc/nios2-elf/5.3.0/../../../../../H-x86_64-mingw32/nios2-elf/lib\libc.a(lib_a-stdio.o)
                0x0000000005058aa8                __sseek
 .text.__sclose
                0x0000000005058b04        0x8 d:/intelfpga_lite/18.1/nios2eds/bin/gnu/h-x86_64-mingw32/bin/../lib/gcc/nios2-elf/5.3.0/../../../../../H-x86_64-mingw32/nios2-elf/lib\libc.a(lib_a-stdio.o)
                0x0000000005058b04                __sclose
 .text          0x0000000005058b0c        0x0 d:/intelfpga_lite/18.1/nios2eds/bin/gnu/h-x86_64-mingw32/bin/../lib/gcc/nios2-elf/5.3.0/../../../../../H-x86_64-mingw32/nios2-elf/lib\libc.a(lib_a-strcmp.o)
 .text.strcmp   0x0000000005058b0c       0xdc d:/intelfpga_lite/18.1/nios2eds/bin/gnu/h-x86_64-mingw32/bin/../lib/gcc/nios2-elf/5.3.0/../../../../../H-x86_64-mingw32/nios2-elf/lib\libc.a(lib_a-strcmp.o)
                0x0000000005058b0c                strcmp
 .text          0x0000000005058be8        0x0 d:/intelfpga_lite/18.1/nios2eds/bin/gnu/h-x86_64-mingw32/bin/../lib/gcc/nios2-elf/5.3.0/../../../../../H-x86_64-mingw32/nios2-elf/lib\libc.a(lib_a-svfiprintf.o)
 .text.__ssprint_r
                0x0000000005058be8      0x1d0 d:/intelfpga_lite/18.1/nios2eds/bin/gnu/h-x86_64-mingw32/bin/../lib/gcc/nios2-elf/5.3.0/../../../../../H-x86_64-mingw32/nios2-elf/lib\libc.a(lib_a-svfiprintf.o)
                0x0000000005058be8                __ssprint_r
 .text.___svfiprintf_internal_r
                0x0000000005058db8     0x123c d:/intelfpga_lite/18.1/nios2eds/bin/gnu/h-x86_64-mingw32/bin/../lib/gcc/nios2-elf/5.3.0/../../../../../H-x86_64-mingw32/nios2-elf/lib\libc.a(lib_a-svfiprintf.o)
                0x0000000005058db8                ___svfiprintf_internal_r
 .text          0x0000000005059ff4        0x0 d:/intelfpga_lite/18.1/nios2eds/bin/gnu/h-x86_64-mingw32/bin/../lib/gcc/nios2-elf/5.3.0/../../../../../H-x86_64-mingw32/nios2-elf/lib\libc.a(lib_a-vfiprintf.o)
 .text.__sprint_r.part.0
                0x0000000005059ff4       0xfc d:/intelfpga_lite/18.1/nios2eds/bin/gnu/h-x86_64-mingw32/bin/../lib/gcc/nios2-elf/5.3.0/../../../../../H-x86_64-mingw32/nios2-elf/lib\libc.a(lib_a-vfiprintf.o)
 .text.__sprint_r
                0x000000000505a0f0       0x18 d:/intelfpga_lite/18.1/nios2eds/bin/gnu/h-x86_64-mingw32/bin/../lib/gcc/nios2-elf/5.3.0/../../../../../H-x86_64-mingw32/nios2-elf/lib\libc.a(lib_a-vfiprintf.o)
                0x000000000505a0f0                __sprint_r
 .text.___vfiprintf_internal_r
                0x000000000505a108     0x145c d:/intelfpga_lite/18.1/nios2eds/bin/gnu/h-x86_64-mingw32/bin/../lib/gcc/nios2-elf/5.3.0/../../../../../H-x86_64-mingw32/nios2-elf/lib\libc.a(lib_a-vfiprintf.o)
                0x000000000505a108                ___vfiprintf_internal_r
 .text.__vfiprintf_internal
                0x000000000505b564       0x1c d:/intelfpga_lite/18.1/nios2eds/bin/gnu/h-x86_64-mingw32/bin/../lib/gcc/nios2-elf/5.3.0/../../../../../H-x86_64-mingw32/nios2-elf/lib\libc.a(lib_a-vfiprintf.o)
                0x000000000505b564                __vfiprintf_internal
 .text.__sbprintf
                0x000000000505b580       0xbc d:/intelfpga_lite/18.1/nios2eds/bin/gnu/h-x86_64-mingw32/bin/../lib/gcc/nios2-elf/5.3.0/../../../../../H-x86_64-mingw32/nios2-elf/lib\libc.a(lib_a-vfiprintf.o)
 .text          0x000000000505b63c        0x0 d:/intelfpga_lite/18.1/nios2eds/bin/gnu/h-x86_64-mingw32/bin/../lib/gcc/nios2-elf/5.3.0/../../../../../H-x86_64-mingw32/nios2-elf/lib\libc.a(lib_a-writer.o)
 .text._write_r
                0x000000000505b63c       0x60 d:/intelfpga_lite/18.1/nios2eds/bin/gnu/h-x86_64-mingw32/bin/../lib/gcc/nios2-elf/5.3.0/../../../../../H-x86_64-mingw32/nios2-elf/lib\libc.a(lib_a-writer.o)
                0x000000000505b63c                _write_r
 .text          0x000000000505b69c        0x0 d:/intelfpga_lite/18.1/nios2eds/bin/gnu/h-x86_64-mingw32/bin/../lib/gcc/nios2-elf/5.3.0/../../../../../H-x86_64-mingw32/nios2-elf/lib\libc.a(closer.o)
 .text._close_r
                0x000000000505b69c       0x54 d:/intelfpga_lite/18.1/nios2eds/bin/gnu/h-x86_64-mingw32/bin/../lib/gcc/nios2-elf/5.3.0/../../../../../H-x86_64-mingw32/nios2-elf/lib\libc.a(closer.o)
                0x000000000505b69c                _close_r
 .text          0x000000000505b6f0        0x0 d:/intelfpga_lite/18.1/nios2eds/bin/gnu/h-x86_64-mingw32/bin/../lib/gcc/nios2-elf/5.3.0/../../../../../H-x86_64-mingw32/nios2-elf/lib\libc.a(lib_a-callocr.o)
 .text._calloc_r
                0x000000000505b6f0       0xc4 d:/intelfpga_lite/18.1/nios2eds/bin/gnu/h-x86_64-mingw32/bin/../lib/gcc/nios2-elf/5.3.0/../../../../../H-x86_64-mingw32/nios2-elf/lib\libc.a(lib_a-callocr.o)
                0x000000000505b6f0                _calloc_r
 .text          0x000000000505b7b4        0x0 d:/intelfpga_lite/18.1/nios2eds/bin/gnu/h-x86_64-mingw32/bin/../lib/gcc/nios2-elf/5.3.0/../../../../../H-x86_64-mingw32/nios2-elf/lib\libc.a(lib_a-fclose.o)
 .text._fclose_r
                0x000000000505b7b4       0xf0 d:/intelfpga_lite/18.1/nios2eds/bin/gnu/h-x86_64-mingw32/bin/../lib/gcc/nios2-elf/5.3.0/../../../../../H-x86_64-mingw32/nios2-elf/lib\libc.a(lib_a-fclose.o)
                0x000000000505b7b4                _fclose_r
 .text.fclose   0x000000000505b8a4       0x14 d:/intelfpga_lite/18.1/nios2eds/bin/gnu/h-x86_64-mingw32/bin/../lib/gcc/nios2-elf/5.3.0/../../../../../H-x86_64-mingw32/nios2-elf/lib\libc.a(lib_a-fclose.o)
                0x000000000505b8a4                fclose
 .text          0x000000000505b8b8        0x0 d:/intelfpga_lite/18.1/nios2eds/bin/gnu/h-x86_64-mingw32/bin/../lib/gcc/nios2-elf/5.3.0/../../../../../H-x86_64-mingw32/nios2-elf/lib\libc.a(lib_a-fputwc.o)
 .text.__fputwc
                0x000000000505b8b8      0x164 d:/intelfpga_lite/18.1/nios2eds/bin/gnu/h-x86_64-mingw32/bin/../lib/gcc/nios2-elf/5.3.0/../../../../../H-x86_64-mingw32/nios2-elf/lib\libc.a(lib_a-fputwc.o)
                0x000000000505b8b8                __fputwc
 .text._fputwc_r
                0x000000000505ba1c       0x24 d:/intelfpga_lite/18.1/nios2eds/bin/gnu/h-x86_64-mingw32/bin/../lib/gcc/nios2-elf/5.3.0/../../../../../H-x86_64-mingw32/nios2-elf/lib\libc.a(lib_a-fputwc.o)
                0x000000000505ba1c                _fputwc_r
 .text.fputwc   0x000000000505ba40       0x80 d:/intelfpga_lite/18.1/nios2eds/bin/gnu/h-x86_64-mingw32/bin/../lib/gcc/nios2-elf/5.3.0/../../../../../H-x86_64-mingw32/nios2-elf/lib\libc.a(lib_a-fputwc.o)
                0x000000000505ba40                fputwc
 .text          0x000000000505bac0        0x0 d:/intelfpga_lite/18.1/nios2eds/bin/gnu/h-x86_64-mingw32/bin/../lib/gcc/nios2-elf/5.3.0/../../../../../H-x86_64-mingw32/nios2-elf/lib\libc.a(lib_a-fstatr.o)
 .text._fstat_r
                0x000000000505bac0       0x5c d:/intelfpga_lite/18.1/nios2eds/bin/gnu/h-x86_64-mingw32/bin/../lib/gcc/nios2-elf/5.3.0/../../../../../H-x86_64-mingw32/nios2-elf/lib\libc.a(lib_a-fstatr.o)
                0x000000000505bac0                _fstat_r
 .text          0x000000000505bb1c        0x0 d:/intelfpga_lite/18.1/nios2eds/bin/gnu/h-x86_64-mingw32/bin/../lib/gcc/nios2-elf/5.3.0/../../../../../H-x86_64-mingw32/nios2-elf/lib\libc.a(lib_a-isattyr.o)
 .text._isatty_r
                0x000000000505bb1c       0x54 d:/intelfpga_lite/18.1/nios2eds/bin/gnu/h-x86_64-mingw32/bin/../lib/gcc/nios2-elf/5.3.0/../../../../../H-x86_64-mingw32/nios2-elf/lib\libc.a(lib_a-isattyr.o)
                0x000000000505bb1c                _isatty_r
 .text          0x000000000505bb70        0x0 d:/intelfpga_lite/18.1/nios2eds/bin/gnu/h-x86_64-mingw32/bin/../lib/gcc/nios2-elf/5.3.0/../../../../../H-x86_64-mingw32/nios2-elf/lib\libc.a(lib_a-lseekr.o)
 .text._lseek_r
                0x000000000505bb70       0x60 d:/intelfpga_lite/18.1/nios2eds/bin/gnu/h-x86_64-mingw32/bin/../lib/gcc/nios2-elf/5.3.0/../../../../../H-x86_64-mingw32/nios2-elf/lib\libc.a(lib_a-lseekr.o)
                0x000000000505bb70                _lseek_r
 .text          0x000000000505bbd0        0x0 d:/intelfpga_lite/18.1/nios2eds/bin/gnu/h-x86_64-mingw32/bin/../lib/gcc/nios2-elf/5.3.0/../../../../../H-x86_64-mingw32/nios2-elf/lib\libc.a(lib_a-readr.o)
 .text._read_r  0x000000000505bbd0       0x60 d:/intelfpga_lite/18.1/nios2eds/bin/gnu/h-x86_64-mingw32/bin/../lib/gcc/nios2-elf/5.3.0/../../../../../H-x86_64-mingw32/nios2-elf/lib\libc.a(lib_a-readr.o)
                0x000000000505bbd0                _read_r
 .text          0x000000000505bc30        0x0 d:/intelfpga_lite/18.1/nios2eds/bin/gnu/h-x86_64-mingw32/bin/../lib/gcc/nios2-elf/5.3.0/../../../../../H-x86_64-mingw32/nios2-elf/lib\libc.a(lib_a-wbuf.o)
 .text.__swbuf_r
                0x000000000505bc30      0x140 d:/intelfpga_lite/18.1/nios2eds/bin/gnu/h-x86_64-mingw32/bin/../lib/gcc/nios2-elf/5.3.0/../../../../../H-x86_64-mingw32/nios2-elf/lib\libc.a(lib_a-wbuf.o)
                0x000000000505bc30                __swbuf_r
 .text.__swbuf  0x000000000505bd70       0x18 d:/intelfpga_lite/18.1/nios2eds/bin/gnu/h-x86_64-mingw32/bin/../lib/gcc/nios2-elf/5.3.0/../../../../../H-x86_64-mingw32/nios2-elf/lib\libc.a(lib_a-wbuf.o)
                0x000000000505bd70                __swbuf
 .text          0x000000000505bd88        0x0 d:/intelfpga_lite/18.1/nios2eds/bin/gnu/h-x86_64-mingw32/bin/../lib/gcc/nios2-elf/5.3.0/../../../../../H-x86_64-mingw32/nios2-elf/lib\libc.a(lib_a-wcrtomb.o)
 .text._wcrtomb_r
                0x000000000505bd88       0x9c d:/intelfpga_lite/18.1/nios2eds/bin/gnu/h-x86_64-mingw32/bin/../lib/gcc/nios2-elf/5.3.0/../../../../../H-x86_64-mingw32/nios2-elf/lib\libc.a(lib_a-wcrtomb.o)
                0x000000000505bd88                _wcrtomb_r
 .text.wcrtomb  0x000000000505be24       0xc0 d:/intelfpga_lite/18.1/nios2eds/bin/gnu/h-x86_64-mingw32/bin/../lib/gcc/nios2-elf/5.3.0/../../../../../H-x86_64-mingw32/nios2-elf/lib\libc.a(lib_a-wcrtomb.o)
                0x000000000505be24                wcrtomb
 .text          0x000000000505bee4        0x0 d:/intelfpga_lite/18.1/nios2eds/bin/gnu/h-x86_64-mingw32/bin/../lib/gcc/nios2-elf/5.3.0/../../../../../H-x86_64-mingw32/nios2-elf/lib\libc.a(lib_a-wctomb_r.o)
 .text.__ascii_wctomb
                0x000000000505bee4       0x30 d:/intelfpga_lite/18.1/nios2eds/bin/gnu/h-x86_64-mingw32/bin/../lib/gcc/nios2-elf/5.3.0/../../../../../H-x86_64-mingw32/nios2-elf/lib\libc.a(lib_a-wctomb_r.o)
                0x000000000505bee4                __ascii_wctomb
 .text._wctomb_r
                0x000000000505bf14       0x5c d:/intelfpga_lite/18.1/nios2eds/bin/gnu/h-x86_64-mingw32/bin/../lib/gcc/nios2-elf/5.3.0/../../../../../H-x86_64-mingw32/nios2-elf/lib\libc.a(lib_a-wctomb_r.o)
                0x000000000505bf14                _wctomb_r
 .text          0x000000000505bf70      0x578 d:/intelfpga_lite/18.1/nios2eds/bin/gnu/h-x86_64-mingw32/bin/../lib/gcc/nios2-elf/5.3.0\libgcc.a(_udivdi3.o)
                0x000000000505bf70                __udivdi3
 .text          0x000000000505c4e8      0x538 d:/intelfpga_lite/18.1/nios2eds/bin/gnu/h-x86_64-mingw32/bin/../lib/gcc/nios2-elf/5.3.0\libgcc.a(_umoddi3.o)
                0x000000000505c4e8                __umoddi3
 .text          0x000000000505ca20       0xf4 d:/intelfpga_lite/18.1/nios2eds/bin/gnu/h-x86_64-mingw32/bin/../lib/gcc/nios2-elf/5.3.0\libgcc.a(ledf2.o)
                0x000000000505ca20                __ledf2
                0x000000000505ca20                __ltdf2
 .text          0x000000000505cb14       0xa8 d:/intelfpga_lite/18.1/nios2eds/bin/gnu/h-x86_64-mingw32/bin/../lib/gcc/nios2-elf/5.3.0\libgcc.a(floatunsidf.o)
                0x000000000505cb14                __floatunsidf
 .text          0x000000000505cbbc      0x12c C:/Users/vanno/OneDrive/Documents/GitKraken/3D_Graphic_Engine/test_accelerometro_vga_lt24/software/test_lt24_touch_bsp/\libhal_bsp.a(alt_alarm_start.o)
                0x000000000505cbbc                alt_alarm_start
 .text          0x000000000505cce8      0x10c C:/Users/vanno/OneDrive/Documents/GitKraken/3D_Graphic_Engine/test_accelerometro_vga_lt24/software/test_lt24_touch_bsp/\libhal_bsp.a(alt_close.o)
                0x000000000505cd24                close
 .text          0x000000000505cdf4       0x2c C:/Users/vanno/OneDrive/Documents/GitKraken/3D_Graphic_Engine/test_accelerometro_vga_lt24/software/test_lt24_touch_bsp/\libhal_bsp.a(alt_dev.o)
 .text          0x000000000505ce20        0x0 C:/Users/vanno/OneDrive/Documents/GitKraken/3D_Graphic_Engine/test_accelerometro_vga_lt24/software/test_lt24_touch_bsp/\libhal_bsp.a(alt_errno.o)
 .text          0x000000000505ce20       0xec C:/Users/vanno/OneDrive/Documents/GitKraken/3D_Graphic_Engine/test_accelerometro_vga_lt24/software/test_lt24_touch_bsp/\libhal_bsp.a(alt_fstat.o)
                0x000000000505ce5c                fstat
 .text          0x000000000505cf0c      0x180 C:/Users/vanno/OneDrive/Documents/GitKraken/3D_Graphic_Engine/test_accelerometro_vga_lt24/software/test_lt24_touch_bsp/\libhal_bsp.a(alt_irq_register.o)
                0x000000000505cf0c                alt_irq_register
 .text          0x000000000505d08c        0x0 C:/Users/vanno/OneDrive/Documents/GitKraken/3D_Graphic_Engine/test_accelerometro_vga_lt24/software/test_lt24_touch_bsp/\libhal_bsp.a(alt_irq_vars.o)
 .text          0x000000000505d08c       0xe0 C:/Users/vanno/OneDrive/Documents/GitKraken/3D_Graphic_Engine/test_accelerometro_vga_lt24/software/test_lt24_touch_bsp/\libhal_bsp.a(alt_isatty.o)
                0x000000000505d0c8                isatty
 .text          0x000000000505d16c       0xec C:/Users/vanno/OneDrive/Documents/GitKraken/3D_Graphic_Engine/test_accelerometro_vga_lt24/software/test_lt24_touch_bsp/\libhal_bsp.a(alt_load.o)
                0x000000000505d1d4                alt_load
 .text          0x000000000505d258      0x110 C:/Users/vanno/OneDrive/Documents/GitKraken/3D_Graphic_Engine/test_accelerometro_vga_lt24/software/test_lt24_touch_bsp/\libhal_bsp.a(alt_lseek.o)
                0x000000000505d294                lseek
 .text          0x000000000505d368       0x7c C:/Users/vanno/OneDrive/Documents/GitKraken/3D_Graphic_Engine/test_accelerometro_vga_lt24/software/test_lt24_touch_bsp/\libhal_bsp.a(alt_main.o)
                0x000000000505d368                alt_main
 .text          0x000000000505d3e4       0x48 C:/Users/vanno/OneDrive/Documents/GitKraken/3D_Graphic_Engine/test_accelerometro_vga_lt24/software/test_lt24_touch_bsp/\libhal_bsp.a(alt_malloc_lock.o)
                0x000000000505d3e4                __malloc_lock
                0x000000000505d408                __malloc_unlock
 .text          0x000000000505d42c      0x138 C:/Users/vanno/OneDrive/Documents/GitKraken/3D_Graphic_Engine/test_accelerometro_vga_lt24/software/test_lt24_touch_bsp/\libhal_bsp.a(alt_read.o)
                0x000000000505d468                read
 .text          0x000000000505d564       0x64 C:/Users/vanno/OneDrive/Documents/GitKraken/3D_Graphic_Engine/test_accelerometro_vga_lt24/software/test_lt24_touch_bsp/\libhal_bsp.a(alt_release_fd.o)
                0x000000000505d564                alt_release_fd
 .text          0x000000000505d5c8       0xb0 C:/Users/vanno/OneDrive/Documents/GitKraken/3D_Graphic_Engine/test_accelerometro_vga_lt24/software/test_lt24_touch_bsp/\libhal_bsp.a(alt_sbrk.o)
                0x000000000505d5c8                sbrk
 .text          0x000000000505d678      0x1a4 C:/Users/vanno/OneDrive/Documents/GitKraken/3D_Graphic_Engine/test_accelerometro_vga_lt24/software/test_lt24_touch_bsp/\libhal_bsp.a(alt_tick.o)
                0x000000000505d678                alt_alarm_stop
                0x000000000505d714                alt_tick
 .text          0x000000000505d81c       0x30 C:/Users/vanno/OneDrive/Documents/GitKraken/3D_Graphic_Engine/test_accelerometro_vga_lt24/software/test_lt24_touch_bsp/\libhal_bsp.a(alt_usleep.o)
                0x000000000505d81c                usleep
 .text          0x000000000505d84c      0x134 C:/Users/vanno/OneDrive/Documents/GitKraken/3D_Graphic_Engine/test_accelerometro_vga_lt24/software/test_lt24_touch_bsp/\libhal_bsp.a(alt_write.o)
                0x000000000505d888                write
 .text          0x000000000505d980      0x3b4 C:/Users/vanno/OneDrive/Documents/GitKraken/3D_Graphic_Engine/test_accelerometro_vga_lt24/software/test_lt24_touch_bsp/\libhal_bsp.a(alt_sys_init.o)
                0x000000000505d9b4                alt_irq_init
                0x000000000505d9ec                alt_sys_init
 .text          0x000000000505dd34      0x164 C:/Users/vanno/OneDrive/Documents/GitKraken/3D_Graphic_Engine/test_accelerometro_vga_lt24/software/test_lt24_touch_bsp/\libhal_bsp.a(altera_avalon_jtag_uart_fd.o)
                0x000000000505dd34                altera_avalon_jtag_uart_read_fd
                0x000000000505dd94                altera_avalon_jtag_uart_write_fd
                0x000000000505ddf4                altera_avalon_jtag_uart_close_fd
                0x000000000505de44                altera_avalon_jtag_uart_ioctl_fd
 .text          0x000000000505de98      0x3cc C:/Users/vanno/OneDrive/Documents/GitKraken/3D_Graphic_Engine/test_accelerometro_vga_lt24/software/test_lt24_touch_bsp/\libhal_bsp.a(altera_avalon_jtag_uart_init.o)
                0x000000000505de98                altera_avalon_jtag_uart_init
                0x000000000505e1fc                altera_avalon_jtag_uart_close
 .text          0x000000000505e264       0xf0 C:/Users/vanno/OneDrive/Documents/GitKraken/3D_Graphic_Engine/test_accelerometro_vga_lt24/software/test_lt24_touch_bsp/\libhal_bsp.a(altera_avalon_jtag_uart_ioctl.o)
                0x000000000505e264                altera_avalon_jtag_uart_ioctl
 .text          0x000000000505e354      0x21c C:/Users/vanno/OneDrive/Documents/GitKraken/3D_Graphic_Engine/test_accelerometro_vga_lt24/software/test_lt24_touch_bsp/\libhal_bsp.a(altera_avalon_jtag_uart_read.o)
                0x000000000505e354                altera_avalon_jtag_uart_read
 .text          0x000000000505e570      0x224 C:/Users/vanno/OneDrive/Documents/GitKraken/3D_Graphic_Engine/test_accelerometro_vga_lt24/software/test_lt24_touch_bsp/\libhal_bsp.a(altera_avalon_jtag_uart_write.o)
                0x000000000505e570                altera_avalon_jtag_uart_write
 .text          0x000000000505e794      0x1fc C:/Users/vanno/OneDrive/Documents/GitKraken/3D_Graphic_Engine/test_accelerometro_vga_lt24/software/test_lt24_touch_bsp/\libhal_bsp.a(altera_avalon_spi.o)
                0x000000000505e794                alt_avalon_spi_command
 .text          0x000000000505e990       0xf0 C:/Users/vanno/OneDrive/Documents/GitKraken/3D_Graphic_Engine/test_accelerometro_vga_lt24/software/test_lt24_touch_bsp/\libhal_bsp.a(altera_avalon_timer_sc.o)
                0x000000000505ea0c                alt_avalon_timer_sc_init
 .text          0x000000000505ea80      0x118 C:/Users/vanno/OneDrive/Documents/GitKraken/3D_Graphic_Engine/test_accelerometro_vga_lt24/software/test_lt24_touch_bsp/\libhal_bsp.a(altera_avalon_timer_ts.o)
                0x000000000505ea80                alt_timestamp_start
                0x000000000505eaf8                alt_timestamp
                0x000000000505eb78                alt_timestamp_freq
 .text          0x000000000505eb98        0x0 C:/Users/vanno/OneDrive/Documents/GitKraken/3D_Graphic_Engine/test_accelerometro_vga_lt24/software/test_lt24_touch_bsp/\libhal_bsp.a(altera_avalon_timer_vars.o)
 .text          0x000000000505eb98      0x3b0 C:/Users/vanno/OneDrive/Documents/GitKraken/3D_Graphic_Engine/test_accelerometro_vga_lt24/software/test_lt24_touch_bsp/\libhal_bsp.a(altera_up_avalon_accelerometer_spi.o)
                0x000000000505eb98                alt_up_accelerometer_spi_open_dev
                0x000000000505ebd4                alt_up_accelerometer_spi_read_address_register
                0x000000000505ec18                alt_up_accelerometer_spi_read
                0x000000000505ec80                alt_up_accelerometer_spi_write
                0x000000000505ece4                alt_up_accelerometer_spi_read_x_axis
                0x000000000505edb0                alt_up_accelerometer_spi_read_y_axis
                0x000000000505ee7c                alt_up_accelerometer_spi_read_z_axis
 .text          0x000000000505ef48      0xeb4 C:/Users/vanno/OneDrive/Documents/GitKraken/3D_Graphic_Engine/test_accelerometro_vga_lt24/software/test_lt24_touch_bsp/\libhal_bsp.a(altera_up_avalon_video_pixel_buffer_dma.o)
                0x000000000505ef48                alt_up_pixel_buffer_dma_open_dev
                0x000000000505ef84                alt_up_pixel_buffer_dma_draw
                0x000000000505f118                alt_up_pixel_buffer_dma_change_back_buffer_address
                0x000000000505f174                alt_up_pixel_buffer_dma_swap_buffers
                0x000000000505f1d4                alt_up_pixel_buffer_dma_check_swap_buffers_status
                0x000000000505f208                alt_up_pixel_buffer_dma_clear_screen
                0x000000000505f330                alt_up_pixel_buffer_dma_draw_box
                0x000000000505f60c                alt_up_pixel_buffer_dma_draw_hline
                0x000000000505f81c                alt_up_pixel_buffer_dma_draw_vline
                0x000000000505fa68                alt_up_pixel_buffer_dma_draw_rectangle
                0x000000000505fb30                helper_plot_pixel
                0x000000000505fbb4                alt_up_pixel_buffer_dma_draw_line
 .text          0x000000000505fdfc      0x158 C:/Users/vanno/OneDrive/Documents/GitKraken/3D_Graphic_Engine/test_accelerometro_vga_lt24/software/test_lt24_touch_bsp/\libhal_bsp.a(alt_busy_sleep.o)
                0x000000000505fdfc                alt_busy_sleep
 .text          0x000000000505ff54       0x48 C:/Users/vanno/OneDrive/Documents/GitKraken/3D_Graphic_Engine/test_accelerometro_vga_lt24/software/test_lt24_touch_bsp/\libhal_bsp.a(alt_dcache_flush_all.o)
                0x000000000505ff54                alt_dcache_flush_all
 .text          0x000000000505ff9c       0xe0 C:/Users/vanno/OneDrive/Documents/GitKraken/3D_Graphic_Engine/test_accelerometro_vga_lt24/software/test_lt24_touch_bsp/\libhal_bsp.a(alt_dev_llist_insert.o)
                0x000000000505ffd8                alt_dev_llist_insert
 .text          0x000000000506007c       0x60 C:/Users/vanno/OneDrive/Documents/GitKraken/3D_Graphic_Engine/test_accelerometro_vga_lt24/software/test_lt24_touch_bsp/\libhal_bsp.a(alt_do_ctors.o)
                0x000000000506007c                _do_ctors
 .text          0x00000000050600dc       0x60 C:/Users/vanno/OneDrive/Documents/GitKraken/3D_Graphic_Engine/test_accelerometro_vga_lt24/software/test_lt24_touch_bsp/\libhal_bsp.a(alt_do_dtors.o)
                0x00000000050600dc                _do_dtors
 .text          0x000000000506013c       0x90 C:/Users/vanno/OneDrive/Documents/GitKraken/3D_Graphic_Engine/test_accelerometro_vga_lt24/software/test_lt24_touch_bsp/\libhal_bsp.a(alt_find_dev.o)
                0x000000000506013c                alt_find_dev
 .text          0x00000000050601cc       0x34 C:/Users/vanno/OneDrive/Documents/GitKraken/3D_Graphic_Engine/test_accelerometro_vga_lt24/software/test_lt24_touch_bsp/\libhal_bsp.a(alt_icache_flush_all.o)
                0x00000000050601cc                alt_icache_flush_all
 .text          0x0000000005060200      0x140 C:/Users/vanno/OneDrive/Documents/GitKraken/3D_Graphic_Engine/test_accelerometro_vga_lt24/software/test_lt24_touch_bsp/\libhal_bsp.a(alt_io_redirect.o)
                0x00000000050602c4                alt_io_redirect
 .text          0x0000000005060340        0x0 C:/Users/vanno/OneDrive/Documents/GitKraken/3D_Graphic_Engine/test_accelerometro_vga_lt24/software/test_lt24_touch_bsp/\libhal_bsp.a(alt_irq_entry.o)
 .text          0x0000000005060340        0x0 C:/Users/vanno/OneDrive/Documents/GitKraken/3D_Graphic_Engine/test_accelerometro_vga_lt24/software/test_lt24_touch_bsp/\libhal_bsp.a(alt_irq_handler.o)
 .text          0x0000000005060340      0x254 C:/Users/vanno/OneDrive/Documents/GitKraken/3D_Graphic_Engine/test_accelerometro_vga_lt24/software/test_lt24_touch_bsp/\libhal_bsp.a(alt_open.o)
                0x0000000005060440                open
 .text          0x0000000005060594       0x24 C:/Users/vanno/OneDrive/Documents/GitKraken/3D_Graphic_Engine/test_accelerometro_vga_lt24/software/test_lt24_touch_bsp/\libhal_bsp.a(altera_nios2_gen2_irq.o)
                0x0000000005060594                altera_nios2_gen2_irq_init
 .text          0x00000000050605b8        0x0 C:/Users/vanno/OneDrive/Documents/GitKraken/3D_Graphic_Engine/test_accelerometro_vga_lt24/software/test_lt24_touch_bsp/\libhal_bsp.a(alt_exception_entry.o)
 .text          0x00000000050605b8      0x108 C:/Users/vanno/OneDrive/Documents/GitKraken/3D_Graphic_Engine/test_accelerometro_vga_lt24/software/test_lt24_touch_bsp/\libhal_bsp.a(alt_find_file.o)
                0x00000000050605b8                alt_find_file
 .text          0x00000000050606c0       0xa4 C:/Users/vanno/OneDrive/Documents/GitKraken/3D_Graphic_Engine/test_accelerometro_vga_lt24/software/test_lt24_touch_bsp/\libhal_bsp.a(alt_get_fd.o)
                0x00000000050606c0                alt_get_fd
 .text          0x0000000005060764       0x90 C:/Users/vanno/OneDrive/Documents/GitKraken/3D_Graphic_Engine/test_accelerometro_vga_lt24/software/test_lt24_touch_bsp/\libhal_bsp.a(alt_icache_flush.o)
                0x0000000005060764                alt_icache_flush
 .text          0x00000000050607f4       0x9c C:/Users/vanno/OneDrive/Documents/GitKraken/3D_Graphic_Engine/test_accelerometro_vga_lt24/software/test_lt24_touch_bsp/\libhal_bsp.a(alt_instruction_exception_entry.o)
                0x00000000050607f4                alt_exception_cause_generated_bad_addr
 .text          0x0000000005060890        0x0 d:/intelfpga_lite/18.1/nios2eds/bin/gnu/h-x86_64-mingw32/bin/../lib/gcc/nios2-elf/5.3.0/../../../../../H-x86_64-mingw32/nios2-elf/lib\libc.a(lib_a-atexit.o)
 .text.atexit   0x0000000005060890       0x14 d:/intelfpga_lite/18.1/nios2eds/bin/gnu/h-x86_64-mingw32/bin/../lib/gcc/nios2-elf/5.3.0/../../../../../H-x86_64-mingw32/nios2-elf/lib\libc.a(lib_a-atexit.o)
                0x0000000005060890                atexit
 .text          0x00000000050608a4        0x0 d:/intelfpga_lite/18.1/nios2eds/bin/gnu/h-x86_64-mingw32/bin/../lib/gcc/nios2-elf/5.3.0/../../../../../H-x86_64-mingw32/nios2-elf/lib\libc.a(lib_a-exit.o)
 .text.exit     0x00000000050608a4       0x38 d:/intelfpga_lite/18.1/nios2eds/bin/gnu/h-x86_64-mingw32/bin/../lib/gcc/nios2-elf/5.3.0/../../../../../H-x86_64-mingw32/nios2-elf/lib\libc.a(lib_a-exit.o)
                0x00000000050608a4                exit
 .text          0x00000000050608dc        0x0 d:/intelfpga_lite/18.1/nios2eds/bin/gnu/h-x86_64-mingw32/bin/../lib/gcc/nios2-elf/5.3.0/../../../../../H-x86_64-mingw32/nios2-elf/lib\libc.a(lib_a-memcmp.o)
 .text.memcmp   0x00000000050608dc       0x7c d:/intelfpga_lite/18.1/nios2eds/bin/gnu/h-x86_64-mingw32/bin/../lib/gcc/nios2-elf/5.3.0/../../../../../H-x86_64-mingw32/nios2-elf/lib\libc.a(lib_a-memcmp.o)
                0x00000000050608dc                memcmp
 .text          0x0000000005060958        0x0 d:/intelfpga_lite/18.1/nios2eds/bin/gnu/h-x86_64-mingw32/bin/../lib/gcc/nios2-elf/5.3.0/../../../../../H-x86_64-mingw32/nios2-elf/lib\libc.a(lib_a-__atexit.o)
 .text.__register_exitproc
                0x0000000005060958      0x118 d:/intelfpga_lite/18.1/nios2eds/bin/gnu/h-x86_64-mingw32/bin/../lib/gcc/nios2-elf/5.3.0/../../../../../H-x86_64-mingw32/nios2-elf/lib\libc.a(lib_a-__atexit.o)
                0x0000000005060958                __register_exitproc
 .text          0x0000000005060a70        0x0 d:/intelfpga_lite/18.1/nios2eds/bin/gnu/h-x86_64-mingw32/bin/../lib/gcc/nios2-elf/5.3.0/../../../../../H-x86_64-mingw32/nios2-elf/lib\libc.a(lib_a-__call_atexit.o)
 .text.__call_exitprocs
                0x0000000005060a70      0x180 d:/intelfpga_lite/18.1/nios2eds/bin/gnu/h-x86_64-mingw32/bin/../lib/gcc/nios2-elf/5.3.0/../../../../../H-x86_64-mingw32/nios2-elf/lib\libc.a(lib_a-__call_atexit.o)
                0x0000000005060a70                __call_exitprocs
 .text          0x0000000005060bf0       0x34 C:/Users/vanno/OneDrive/Documents/GitKraken/3D_Graphic_Engine/test_accelerometro_vga_lt24/software/test_lt24_touch_bsp/\libhal_bsp.a(alt_exit.o)
                0x0000000005060bf0                _exit
 *(.gnu.warning.*)
 *(.fini)
                [!provide]                        PROVIDE (__etext, ABSOLUTE (.))
                [!provide]                        PROVIDE (_etext, ABSOLUTE (.))
                [!provide]                        PROVIDE (etext, ABSOLUTE (.))
 *(.eh_frame_hdr)
                0x0000000005060c24                . = ALIGN (0x4)
                [!provide]                        PROVIDE (__preinit_array_start, ABSOLUTE (.))
 *(.preinit_array)
                [!provide]                        PROVIDE (__preinit_array_end, ABSOLUTE (.))
                [!provide]                        PROVIDE (__init_array_start, ABSOLUTE (.))
 *(.init_array)
                [!provide]                        PROVIDE (__init_array_end, ABSOLUTE (.))
                [!provide]                        PROVIDE (__fini_array_start, ABSOLUTE (.))
 *(.fini_array)
                [!provide]                        PROVIDE (__fini_array_end, ABSOLUTE (.))
 *(.eh_frame)
 *(.gcc_except_table .gcc_except_table.*)
 *(.dynamic)
                0x0000000005060c24                PROVIDE (__CTOR_LIST__, ABSOLUTE (.))
 *(.ctors)
 .ctors         0x0000000005060c24        0x4 obj/default/src/test_render.o
 *(SORT(.ctors.*))
                0x0000000005060c28                PROVIDE (__CTOR_END__, ABSOLUTE (.))
                0x0000000005060c28                PROVIDE (__DTOR_LIST__, ABSOLUTE (.))
 *(.dtors)
 *(SORT(.dtors.*))
                0x0000000005060c28                PROVIDE (__DTOR_END__, ABSOLUTE (.))
 *(.jcr)
                0x0000000005060c28                . = ALIGN (0x4)

.rodata         0x0000000005060c28      0x878
                0x0000000005060c28                PROVIDE (__ram_rodata_start, ABSOLUTE (.))
                0x0000000005060c28                . = ALIGN (0x4)
 *(.rodata .rodata.* .gnu.linkonce.r.*)
 .rodata        0x0000000005060c28        0xf obj/default/terasic_src/debug.o
 *fill*         0x0000000005060c37        0x1 
 .rodata        0x0000000005060c38       0x57 obj/default/terasic_src/simple_graphics.o
 *fill*         0x0000000005060c8f        0x1 
 .rodata        0x0000000005060c90       0x25 obj/default/terasic_src/simple_text.o
 *fill*         0x0000000005060cb5        0x3 
 .rodata        0x0000000005060cb8       0x56 obj/default/src/LT24_interface.o
 *fill*         0x0000000005060d0e        0x2 
 .rodata        0x0000000005060d10       0x59 obj/default/src/accelerometer.o
 *fill*         0x0000000005060d69        0x3 
 .rodata        0x0000000005060d6c      0x108 obj/default/src/graphic_object.o
 .rodata        0x0000000005060e74       0xbe obj/default/src/test_render.o
 *fill*         0x0000000005060f32        0x2 
 .rodata.npio2_hw
                0x0000000005060f34       0x80 d:/intelfpga_lite/18.1/nios2eds/bin/gnu/h-x86_64-mingw32/bin/../lib/gcc/nios2-elf/5.3.0/../../../../../H-x86_64-mingw32/nios2-elf/lib\libm.a(lib_a-e_rem_pio2.o)
 .rodata.two_over_pi
                0x0000000005060fb4      0x108 d:/intelfpga_lite/18.1/nios2eds/bin/gnu/h-x86_64-mingw32/bin/../lib/gcc/nios2-elf/5.3.0/../../../../../H-x86_64-mingw32/nios2-elf/lib\libm.a(lib_a-e_rem_pio2.o)
 .rodata.PIo2   0x00000000050610bc       0x40 d:/intelfpga_lite/18.1/nios2eds/bin/gnu/h-x86_64-mingw32/bin/../lib/gcc/nios2-elf/5.3.0/../../../../../H-x86_64-mingw32/nios2-elf/lib\libm.a(lib_a-k_rem_pio2.o)
 .rodata.init_jk
                0x00000000050610fc       0x10 d:/intelfpga_lite/18.1/nios2eds/bin/gnu/h-x86_64-mingw32/bin/../lib/gcc/nios2-elf/5.3.0/../../../../../H-x86_64-mingw32/nios2-elf/lib\libm.a(lib_a-k_rem_pio2.o)
 .rodata        0x000000000506110c      0x100 d:/intelfpga_lite/18.1/nios2eds/bin/gnu/h-x86_64-mingw32/bin/../lib/gcc/nios2-elf/5.3.0\libgcc.a(_clz.o)
                0x000000000506110c                __clz_tab
 .rodata.str1.4
                0x000000000506120c        0x2 d:/intelfpga_lite/18.1/nios2eds/bin/gnu/h-x86_64-mingw32/bin/../lib/gcc/nios2-elf/5.3.0/../../../../../H-x86_64-mingw32/nios2-elf/lib\libc.a(lib_a-puts.o)
 *fill*         0x000000000506120e        0x2 
 .rodata.str1.4
                0x0000000005061210       0x42 d:/intelfpga_lite/18.1/nios2eds/bin/gnu/h-x86_64-mingw32/bin/../lib/gcc/nios2-elf/5.3.0/../../../../../H-x86_64-mingw32/nios2-elf/lib\libc.a(lib_a-svfprintf.o)
 .rodata.zeroes.4389
                0x0000000005061252       0x10 d:/intelfpga_lite/18.1/nios2eds/bin/gnu/h-x86_64-mingw32/bin/../lib/gcc/nios2-elf/5.3.0/../../../../../H-x86_64-mingw32/nios2-elf/lib\libc.a(lib_a-svfprintf.o)
 .rodata.blanks.4388
                0x0000000005061262       0x10 d:/intelfpga_lite/18.1/nios2eds/bin/gnu/h-x86_64-mingw32/bin/../lib/gcc/nios2-elf/5.3.0/../../../../../H-x86_64-mingw32/nios2-elf/lib\libc.a(lib_a-svfprintf.o)
 .rodata.str1.4
                0x0000000005061272       0x42 d:/intelfpga_lite/18.1/nios2eds/bin/gnu/h-x86_64-mingw32/bin/../lib/gcc/nios2-elf/5.3.0/../../../../../H-x86_64-mingw32/nios2-elf/lib\libc.a(lib_a-vfprintf.o)
 .rodata.zeroes.4404
                0x0000000005061272       0x10 d:/intelfpga_lite/18.1/nios2eds/bin/gnu/h-x86_64-mingw32/bin/../lib/gcc/nios2-elf/5.3.0/../../../../../H-x86_64-mingw32/nios2-elf/lib\libc.a(lib_a-vfprintf.o)
 .rodata.blanks.4403
                0x0000000005061282       0x10 d:/intelfpga_lite/18.1/nios2eds/bin/gnu/h-x86_64-mingw32/bin/../lib/gcc/nios2-elf/5.3.0/../../../../../H-x86_64-mingw32/nios2-elf/lib\libc.a(lib_a-vfprintf.o)
 *fill*         0x0000000005061292        0x2 
 .rodata.str1.4
                0x0000000005061294       0x10 d:/intelfpga_lite/18.1/nios2eds/bin/gnu/h-x86_64-mingw32/bin/../lib/gcc/nios2-elf/5.3.0/../../../../../H-x86_64-mingw32/nios2-elf/lib\libc.a(lib_a-dtoa.o)
                                         0x12 (size before relaxing)
 .rodata.str1.4
                0x00000000050612a4        0x2 d:/intelfpga_lite/18.1/nios2eds/bin/gnu/h-x86_64-mingw32/bin/../lib/gcc/nios2-elf/5.3.0/../../../../../H-x86_64-mingw32/nios2-elf/lib\libc.a(lib_a-impure.o)
 *fill*         0x00000000050612a6        0x2 
 .rodata.str1.4
                0x00000000050612a8        0xc d:/intelfpga_lite/18.1/nios2eds/bin/gnu/h-x86_64-mingw32/bin/../lib/gcc/nios2-elf/5.3.0/../../../../../H-x86_64-mingw32/nios2-elf/lib\libc.a(lib_a-locale.o)
                                         0x12 (size before relaxing)
 .rodata.p05.2768
                0x00000000050612b4        0xc d:/intelfpga_lite/18.1/nios2eds/bin/gnu/h-x86_64-mingw32/bin/../lib/gcc/nios2-elf/5.3.0/../../../../../H-x86_64-mingw32/nios2-elf/lib\libc.a(lib_a-mprec.o)
 .rodata.__mprec_tinytens
                0x00000000050612c0       0x28 d:/intelfpga_lite/18.1/nios2eds/bin/gnu/h-x86_64-mingw32/bin/../lib/gcc/nios2-elf/5.3.0/../../../../../H-x86_64-mingw32/nios2-elf/lib\libc.a(lib_a-mprec.o)
                0x00000000050612c0                __mprec_tinytens
 .rodata.__mprec_bigtens
                0x00000000050612e8       0x28 d:/intelfpga_lite/18.1/nios2eds/bin/gnu/h-x86_64-mingw32/bin/../lib/gcc/nios2-elf/5.3.0/../../../../../H-x86_64-mingw32/nios2-elf/lib\libc.a(lib_a-mprec.o)
                0x00000000050612e8                __mprec_bigtens
 .rodata.__mprec_tens
                0x0000000005061310       0xc8 d:/intelfpga_lite/18.1/nios2eds/bin/gnu/h-x86_64-mingw32/bin/../lib/gcc/nios2-elf/5.3.0/../../../../../H-x86_64-mingw32/nios2-elf/lib\libc.a(lib_a-mprec.o)
                0x0000000005061310                __mprec_tens
 .rodata.str1.4
                0x00000000050613d8       0x2f d:/intelfpga_lite/18.1/nios2eds/bin/gnu/h-x86_64-mingw32/bin/../lib/gcc/nios2-elf/5.3.0/../../../../../H-x86_64-mingw32/nios2-elf/lib\libc.a(lib_a-svfiprintf.o)
 .rodata.zeroes.4333
                0x00000000050613d8       0x10 d:/intelfpga_lite/18.1/nios2eds/bin/gnu/h-x86_64-mingw32/bin/../lib/gcc/nios2-elf/5.3.0/../../../../../H-x86_64-mingw32/nios2-elf/lib\libc.a(lib_a-svfiprintf.o)
 .rodata.blanks.4332
                0x00000000050613e8       0x10 d:/intelfpga_lite/18.1/nios2eds/bin/gnu/h-x86_64-mingw32/bin/../lib/gcc/nios2-elf/5.3.0/../../../../../H-x86_64-mingw32/nios2-elf/lib\libc.a(lib_a-svfiprintf.o)
 .rodata.str1.4
                0x00000000050613f8       0x2f d:/intelfpga_lite/18.1/nios2eds/bin/gnu/h-x86_64-mingw32/bin/../lib/gcc/nios2-elf/5.3.0/../../../../../H-x86_64-mingw32/nios2-elf/lib\libc.a(lib_a-vfiprintf.o)
 .rodata.zeroes.4349
                0x00000000050613f8       0x10 d:/intelfpga_lite/18.1/nios2eds/bin/gnu/h-x86_64-mingw32/bin/../lib/gcc/nios2-elf/5.3.0/../../../../../H-x86_64-mingw32/nios2-elf/lib\libc.a(lib_a-vfiprintf.o)
 .rodata.blanks.4348
                0x0000000005061408       0x10 d:/intelfpga_lite/18.1/nios2eds/bin/gnu/h-x86_64-mingw32/bin/../lib/gcc/nios2-elf/5.3.0/../../../../../H-x86_64-mingw32/nios2-elf/lib\libc.a(lib_a-vfiprintf.o)
 .rodata        0x0000000005061418        0xa C:/Users/vanno/OneDrive/Documents/GitKraken/3D_Graphic_Engine/test_accelerometro_vga_lt24/software/test_lt24_touch_bsp/\libhal_bsp.a(alt_dev.o)
 *fill*         0x0000000005061422        0x2 
 .rodata        0x0000000005061424       0x11 C:/Users/vanno/OneDrive/Documents/GitKraken/3D_Graphic_Engine/test_accelerometro_vga_lt24/software/test_lt24_touch_bsp/\libhal_bsp.a(alt_main.o)
 *fill*         0x0000000005061435        0x3 
 .rodata        0x0000000005061438       0x67 C:/Users/vanno/OneDrive/Documents/GitKraken/3D_Graphic_Engine/test_accelerometro_vga_lt24/software/test_lt24_touch_bsp/\libhal_bsp.a(alt_sys_init.o)
 *(.rodata1)
                0x00000000050614a0                . = ALIGN (0x4)
 *fill*         0x000000000506149f        0x1 
                0x00000000050614a0                PROVIDE (__ram_rodata_end, ABSOLUTE (.))
                0x0000000005060c28                PROVIDE (__flash_rodata_start, LOADADDR (.rodata))

.rwdata         0x00000000050614a0     0x1fd0 load address 0x0000000005063470
                0x00000000050614a0                PROVIDE (__ram_rwdata_start, ABSOLUTE (.))
                0x00000000050614a0                . = ALIGN (0x4)
 *(.got.plt)
 *(.got)
 *(.data1)
 *(.data .data.* .gnu.linkonce.d.*)
 .data          0x00000000050614a0        0x0 C:/Users/vanno/OneDrive/Documents/GitKraken/3D_Graphic_Engine/test_accelerometro_vga_lt24/software/test_lt24_touch_bsp//obj/HAL/src/crt0.o
 .data          0x00000000050614a0        0x0 obj/default/terasic_src/ILI9341.o
 .data          0x00000000050614a0        0x0 obj/default/terasic_src/debug.o
 .data          0x00000000050614a0      0x415 obj/default/terasic_src/simple_graphics.o
                0x00000000050614a0                cour10_font_array
 .data          0x00000000050618b5        0x0 obj/default/terasic_src/simple_text.o
 .data          0x00000000050618b5        0x0 obj/default/terasic_src/touch_spi.o
 .data          0x00000000050618b5        0x0 obj/default/src/LT24_interface.o
 .data          0x00000000050618b5        0x0 obj/default/src/accelerometer.o
 .data          0x00000000050618b5        0x0 obj/default/src/functions.o
 .data          0x00000000050618b5        0x0 obj/default/src/graphic_object.o
 .data          0x00000000050618b5        0x0 obj/default/src/test_render.o
 .data          0x00000000050618b5        0x0 d:/intelfpga_lite/18.1/nios2eds/bin/gnu/h-x86_64-mingw32/bin/../lib/gcc/nios2-elf/5.3.0/../../../../../H-x86_64-mingw32/nios2-elf/lib\libm.a(lib_a-s_cos.o)
 .data          0x00000000050618b5        0x0 d:/intelfpga_lite/18.1/nios2eds/bin/gnu/h-x86_64-mingw32/bin/../lib/gcc/nios2-elf/5.3.0/../../../../../H-x86_64-mingw32/nios2-elf/lib\libm.a(lib_a-s_sin.o)