Archive member included to satisfy reference by file (symbol)

d:/intelfpga_lite/18.1/nios2eds/bin/gnu/h-x86_64-mingw32/bin/../lib/gcc/nios2-elf/5.3.0/../../../../../H-x86_64-mingw32/nios2-elf/lib\libm.a(lib_a-s_cos.o)
                              obj/default/src/graphic_object.o (cos)
d:/intelfpga_lite/18.1/nios2eds/bin/gnu/h-x86_64-mingw32/bin/../lib/gcc/nios2-elf/5.3.0/../../../../../H-x86_64-mingw32/nios2-elf/lib\libm.a(lib_a-s_sin.o)
                              obj/default/src/graphic_object.o (sin)
d:/intelfpga_lite/18.1/nios2eds/bin/gnu/h-x86_64-mingw32/bin/../lib/gcc/nios2-elf/5.3.0/../../../../../H-x86_64-mingw32/nios2-elf/lib\libm.a(lib_a-s_tan.o)
                              obj/default/src/graphic_object.o (tan)
d:/intelfpga_lite/18.1/nios2eds/bin/gnu/h-x86_64-mingw32/bin/../lib/gcc/nios2-elf/5.3.0/../../../../../H-x86_64-mingw32/nios2-elf/lib\libm.a(lib_a-e_rem_pio2.o)
                              d:/intelfpga_lite/18.1/nios2eds/bin/gnu/h-x86_64-mingw32/bin/../lib/gcc/nios2-elf/5.3.0/../../../../../H-x86_64-mingw32/nios2-elf/lib\libm.a(lib_a-s_cos.o) (__ieee754_rem_pio2)
d:/intelfpga_lite/18.1/nios2eds/bin/gnu/h-x86_64-mingw32/bin/../lib/gcc/nios2-elf/5.3.0/../../../../../H-x86_64-mingw32/nios2-elf/lib\libm.a(lib_a-k_cos.o)
                              d:/intelfpga_lite/18.1/nios2eds/bin/gnu/h-x86_64-mingw32/bin/../lib/gcc/nios2-elf/5.3.0/../../../../../H-x86_64-mingw32/nios2-elf/lib\libm.a(lib_a-s_cos.o) (__kernel_cos)
d:/intelfpga_lite/18.1/nios2eds/bin/gnu/h-x86_64-mingw32/bin/../lib/gcc/nios2-elf/5.3.0/../../../../../H-x86_64-mingw32/nios2-elf/lib\libm.a(lib_a-k_rem_pio2.o)
                              d:/intelfpga_lite/18.1/nios2eds/bin/gnu/h-x86_64-mingw32/bin/../lib/gcc/nios2-elf/5.3.0/../../../../../H-x86_64-mingw32/nios2-elf/lib\libm.a(lib_a-e_rem_pio2.o) (__kernel_rem_pio2)
d:/intelfpga_lite/18.1/nios2eds/bin/gnu/h-x86_64-mingw32/bin/../lib/gcc/nios2-elf/5.3.0/../../../../../H-x86_64-mingw32/nios2-elf/lib\libm.a(lib_a-k_sin.o)
                              d:/intelfpga_lite/18.1/nios2eds/bin/gnu/h-x86_64-mingw32/bin/../lib/gcc/nios2-elf/5.3.0/../../../../../H-x86_64-mingw32/nios2-elf/lib\libm.a(lib_a-s_cos.o) (__kernel_sin)
d:/intelfpga_lite/18.1/nios2eds/bin/gnu/h-x86_64-mingw32/bin/../lib/gcc/nios2-elf/5.3.0/../../../../../H-x86_64-mingw32/nios2-elf/lib\libm.a(lib_a-k_tan.o)
                              d:/intelfpga_lite/18.1/nios2eds/bin/gnu/h-x86_64-mingw32/bin/../lib/gcc/nios2-elf/5.3.0/../../../../../H-x86_64-mingw32/nios2-elf/lib\libm.a(lib_a-s_tan.o) (__kernel_tan)
d:/intelfpga_lite/18.1/nios2eds/bin/gnu/h-x86_64-mingw32/bin/../lib/gcc/nios2-elf/5.3.0/../../../../../H-x86_64-mingw32/nios2-elf/lib\libm.a(lib_a-s_fabs.o)
                              d:/intelfpga_lite/18.1/nios2eds/bin/gnu/h-x86_64-mingw32/bin/../lib/gcc/nios2-elf/5.3.0/../../../../../H-x86_64-mingw32/nios2-elf/lib\libm.a(lib_a-e_rem_pio2.o) (fabs)
d:/intelfpga_lite/18.1/nios2eds/bin/gnu/h-x86_64-mingw32/bin/../lib/gcc/nios2-elf/5.3.0/../../../../../H-x86_64-mingw32/nios2-elf/lib\libm.a(lib_a-s_floor.o)
                              d:/intelfpga_lite/18.1/nios2eds/bin/gnu/h-x86_64-mingw32/bin/../lib/gcc/nios2-elf/5.3.0/../../../../../H-x86_64-mingw32/nios2-elf/lib\libm.a(lib_a-k_rem_pio2.o) (floor)
d:/intelfpga_lite/18.1/nios2eds/bin/gnu/h-x86_64-mingw32/bin/../lib/gcc/nios2-elf/5.3.0/../../../../../H-x86_64-mingw32/nios2-elf/lib\libm.a(lib_a-s_scalbn.o)
                              d:/intelfpga_lite/18.1/nios2eds/bin/gnu/h-x86_64-mingw32/bin/../lib/gcc/nios2-elf/5.3.0/../../../../../H-x86_64-mingw32/nios2-elf/lib\libm.a(lib_a-k_rem_pio2.o) (scalbn)
d:/intelfpga_lite/18.1/nios2eds/bin/gnu/h-x86_64-mingw32/bin/../lib/gcc/nios2-elf/5.3.0/../../../../../H-x86_64-mingw32/nios2-elf/lib\libm.a(lib_a-s_copysign.o)
                              d:/intelfpga_lite/18.1/nios2eds/bin/gnu/h-x86_64-mingw32/bin/../lib/gcc/nios2-elf/5.3.0/../../../../../H-x86_64-mingw32/nios2-elf/lib\libm.a(lib_a-s_scalbn.o) (copysign)
d:/intelfpga_lite/18.1/nios2eds/bin/gnu/h-x86_64-mingw32/bin/../lib/gcc/nios2-elf/5.3.0\libgcc.a(lib2-divmod.o)
                              d:/intelfpga_lite/18.1/nios2eds/bin/gnu/h-x86_64-mingw32/bin/../lib/gcc/nios2-elf/5.3.0/../../../../../H-x86_64-mingw32/nios2-elf/lib\libm.a(lib_a-k_rem_pio2.o) (__divsi3)
d:/intelfpga_lite/18.1/nios2eds/bin/gnu/h-x86_64-mingw32/bin/../lib/gcc/nios2-elf/5.3.0\libgcc.a(addsf3.o)
                              obj/default/src/graphic_object.o (__addsf3)
d:/intelfpga_lite/18.1/nios2eds/bin/gnu/h-x86_64-mingw32/bin/../lib/gcc/nios2-elf/5.3.0\libgcc.a(divsf3.o)
                              obj/default/src/accelerometer.o (__divsf3)
d:/intelfpga_lite/18.1/nios2eds/bin/gnu/h-x86_64-mingw32/bin/../lib/gcc/nios2-elf/5.3.0\libgcc.a(mulsf3.o)
                              obj/default/src/accelerometer.o (__mulsf3)
d:/intelfpga_lite/18.1/nios2eds/bin/gnu/h-x86_64-mingw32/bin/../lib/gcc/nios2-elf/5.3.0\libgcc.a(subsf3.o)
[...]
Memory Configuration

Name             Origin             Length             Attributes
new_sdram_controller_0 0x0000000000000000 0x0000000004000000
reset            0x0000000005001400 0x0000000000000020
onchip_memory2_0 0x0000000005001420 0x00000000000003e0
*default*        0x0000000000000000 0xffffffffffffffff

Linker script and memory map

LOAD C:/Users/vanno/OneDrive/Documents/GitKraken/3D_Graphic_Engine/lt24_fullHD_sdram_cache/Software/DemoMk3_bsp//obj/HAL/src/crt0.o
LOAD obj/default/src/accelerometer.o
LOAD obj/default/src/functions.o
LOAD obj/default/src/graphic_object.o
LOAD obj/default/src/main.o
LOAD d:/intelfpga_lite/18.1/nios2eds/bin/gnu/h-x86_64-mingw32/bin/../lib/gcc/nios2-elf/5.3.0/../../../../../H-x86_64-mingw32/nios2-elf/lib\libstdc++.a
LOAD d:/intelfpga_lite/18.1/nios2eds/bin/gnu/h-x86_64-mingw32/bin/../lib/gcc/nios2-elf/5.3.0/../../../../../H-x86_64-mingw32/nios2-elf/lib\libm.a
LOAD d:/intelfpga_lite/18.1/nios2eds/bin/gnu/h-x86_64-mingw32/bin/../lib/gcc/nios2-elf/5.3.0\libgcc.a
START GROUP
LOAD d:/intelfpga_lite/18.1/nios2eds/bin/gnu/h-x86_64-mingw32/bin/../lib/gcc/nios2-elf/5.3.0/../../../../../H-x86_64-mingw32/nios2-elf/lib\libc.a
LOAD d:/intelfpga_lite/18.1/nios2eds/bin/gnu/h-x86_64-mingw32/bin/../lib/gcc/nios2-elf/5.3.0\libgcc.a
LOAD C:/Users/vanno/OneDrive/Documents/GitKraken/3D_Graphic_Engine/lt24_fullHD_sdram_cache/Software/DemoMk3_bsp/\libhal_bsp.a
LOAD d:/intelfpga_lite/18.1/nios2eds/bin/gnu/h-x86_64-mingw32/bin/../lib/gcc/nios2-elf/5.3.0/../../../../../H-x86_64-mingw32/nios2-elf/lib\libm.a
END GROUP
LOAD d:/intelfpga_lite/18.1/nios2eds/bin/gnu/h-x86_64-mingw32/bin/../lib/gcc/nios2-elf/5.3.0\libgcc.a
                0x0000000000000000                __alt_mem_new_sdram_controller_0 = 0x0
                0x0000000005001400                __alt_mem_onchip_memory2_0 = 0x5001400

.entry          0x0000000005001400       0x20
 *(.entry)
 .entry         0x0000000005001400       0x20 C:/Users/vanno/OneDrive/Documents/GitKraken/3D_Graphic_Engine/lt24_fullHD_sdram_cache/Software/DemoMk3_bsp//obj/HAL/src/crt0.o
                0x0000000005001400                __reset

.exceptions     0x0000000005001420      0x228 load address 0x0000000000000000
                0x0000000005001420                PROVIDE (__ram_exceptions_start, ABSOLUTE (.))
                0x0000000005001420                . = ALIGN (0x20)
 *(.irq)
 *(.exceptions.entry.label)
 .exceptions.entry.label
                0x0000000005001420        0x0 C:/Users/vanno/OneDrive/Documents/GitKraken/3D_Graphic_Engine/lt24_fullHD_sdram_cache/Software/DemoMk3_bsp/\libhal_bsp.a(alt_irq_entry.o)
                0x0000000005001420                alt_irq_entry
 .exceptions.entry.label
                0x0000000005001420        0x0 C:/Users/vanno/OneDrive/Documents/GitKraken/3D_Graphic_Engine/lt24_fullHD_sdram_cache/Software/DemoMk3_bsp/\libhal_bsp.a(alt_exception_entry.o)
                0x0000000005001420                alt_exception
 *(.exceptions.entry.user)
 *(.exceptions.entry.ecc_fatal)
 *(.exceptions.entry)
 .exceptions.entry
                0x0000000005001420       0x54 C:/Users/vanno/OneDrive/Documents/GitKraken/3D_Graphic_Engine/lt24_fullHD_sdram_cache/Software/DemoMk3_bsp/\libhal_bsp.a(alt_exception_entry.o)
 *(.exceptions.irqtest.user)
 *(.exceptions.irqtest)
 .exceptions.irqtest
                0x0000000005001474       0x10 C:/Users/vanno/OneDrive/Documents/GitKraken/3D_Graphic_Engine/lt24_fullHD_sdram_cache/Software/DemoMk3_bsp/\libhal_bsp.a(alt_irq_entry.o)
 *(.exceptions.irqhandler.user)
 *(.exceptions.irqhandler)
 .exceptions.irqhandler
                0x0000000005001484        0x4 C:/Users/vanno/OneDrive/Documents/GitKraken/3D_Graphic_Engine/lt24_fullHD_sdram_cache/Software/DemoMk3_bsp/\libhal_bsp.a(alt_irq_entry.o)
 *(.exceptions.irqreturn.user)
 *(.exceptions.irqreturn)
 .exceptions.irqreturn
                0x0000000005001488        0x4 C:/Users/vanno/OneDrive/Documents/GitKraken/3D_Graphic_Engine/lt24_fullHD_sdram_cache/Software/DemoMk3_bsp/\libhal_bsp.a(alt_irq_entry.o)
 *(.exceptions.notirq.label)
 .exceptions.notirq.label
                0x000000000500148c        0x0 C:/Users/vanno/OneDrive/Documents/GitKraken/3D_Graphic_Engine/lt24_fullHD_sdram_cache/Software/DemoMk3_bsp/\libhal_bsp.a(alt_irq_entry.o)
 *(.exceptions.notirq.user)
 *(.exceptions.notirq)
 .exceptions.notirq
                0x000000000500148c        0x8 C:/Users/vanno/OneDrive/Documents/GitKraken/3D_Graphic_Engine/lt24_fullHD_sdram_cache/Software/DemoMk3_bsp/\libhal_bsp.a(alt_exception_entry.o)
 *(.exceptions.soft.user)
 *(.exceptions.soft)
 *(.exceptions.unknown.user)
 *(.exceptions.unknown)
 .exceptions.unknown
                0x0000000005001494       0x14 C:/Users/vanno/OneDrive/Documents/GitKraken/3D_Graphic_Engine/lt24_fullHD_sdram_cache/Software/DemoMk3_bsp/\libhal_bsp.a(alt_exception_entry.o)
 *(.exceptions.exit.label)
 .exceptions.exit.label
                0x00000000050014a8        0x0 C:/Users/vanno/OneDrive/Documents/GitKraken/3D_Graphic_Engine/lt24_fullHD_sdram_cache/Software/DemoMk3_bsp/\libhal_bsp.a(alt_irq_entry.o)
 .exceptions.exit.label
                0x00000000050014a8        0x0 C:/Users/vanno/OneDrive/Documents/GitKraken/3D_Graphic_Engine/lt24_fullHD_sdram_cache/Software/DemoMk3_bsp/\libhal_bsp.a(alt_exception_entry.o)
 *(.exceptions.exit.user)
 *(.exceptions.exit)
 .exceptions.exit
                0x00000000050014a8       0x54 C:/Users/vanno/OneDrive/Documents/GitKraken/3D_Graphic_Engine/lt24_fullHD_sdram_cache/Software/DemoMk3_bsp/\libhal_bsp.a(alt_exception_entry.o)
 *(.exceptions)
 .exceptions    0x00000000050014fc       0xd8 C:/Users/vanno/OneDrive/Documents/GitKraken/3D_Graphic_Engine/lt24_fullHD_sdram_cache/Software/DemoMk3_bsp/\libhal_bsp.a(alt_irq_handler.o)
                0x00000000050014fc                alt_irq_handler
 .exceptions    0x00000000050015d4       0x74 C:/Users/vanno/OneDrive/Documents/GitKraken/3D_Graphic_Engine/lt24_fullHD_sdram_cache/Software/DemoMk3_bsp/\libhal_bsp.a(alt_instruction_exception_entry.o)
                0x00000000050015d4                alt_instruction_exception_entry
                0x0000000005001648                PROVIDE (__ram_exceptions_end, ABSOLUTE (.))
                0x0000000000000000                PROVIDE (__flash_exceptions_start, LOADADDR (.exceptions))

.text           0x0000000000000228    0x10648
                [!provide]                        PROVIDE (stext, ABSOLUTE (.))
 *(.interp)
 *(.hash)
 *(.dynsym)
 *(.dynstr)
 *(.gnu.version)
 *(.gnu.version_d)
 *(.gnu.version_r)
 *(.rel.init)
 *(.rela.init)
 *(.rel.text .rel.text.* .rel.gnu.linkonce.t.*)
 *(.rela.text .rela.text.* .rela.gnu.linkonce.t.*)
 *(.rel.fini)
 *(.rela.fini)
 *(.rel.rodata .rel.rodata.* .rel.gnu.linkonce.r.*)
 *(.rela.rodata .rela.rodata.* .rela.gnu.linkonce.r.*)
 *(.rel.data .rel.data.* .rel.gnu.linkonce.d.*)
 *(.rela.data .rela.data.* .rela.gnu.linkonce.d.*)
 *(.rel.tdata .rel.tdata.* .rel.gnu.linkonce.td.*)
 *(.rela.tdata .rela.tdata.* .rela.gnu.linkonce.td.*)
 *(.rel.tbss .rel.tbss.* .rel.gnu.linkonce.tb.*)
 *(.rela.tbss .rela.tbss.* .rela.gnu.linkonce.tb.*)
 *(.rel.ctors)
 *(.rela.ctors)
 *(.rel.dtors)
 *(.rela.dtors)
 *(.rel.got)
 *(.rela.got)
 *(.rel.sdata .rel.sdata.* .rel.gnu.linkonce.s.*)
 *(.rela.sdata .rela.sdata.* .rela.gnu.linkonce.s.*)
 *(.rel.sbss .rel.sbss.* .rel.gnu.linkonce.sb.*)
 *(.rela.sbss .rela.sbss.* .rela.gnu.linkonce.sb.*)
 *(.rel.sdata2 .rel.sdata2.* .rel.gnu.linkonce.s2.*)
 *(.rela.sdata2 .rela.sdata2.* .rela.gnu.linkonce.s2.*)
 *(.rel.sbss2 .rel.sbss2.* .rel.gnu.linkonce.sb2.*)
 *(.rela.sbss2 .rela.sbss2.* .rela.gnu.linkonce.sb2.*)
 *(.rel.bss .rel.bss.* .rel.gnu.linkonce.b.*)
 *(.rela.bss .rela.bss.* .rela.gnu.linkonce.b.*)
 *(.rel.plt)
 *(.rela.plt)
 *(.rel.dyn)
 *(.init)
 *(.plt)
 *(.text .stub .text.* .gnu.linkonce.t.*)
 .text          0x0000000000000228       0x4c C:/Users/vanno/OneDrive/Documents/GitKraken/3D_Graphic_Engine/lt24_fullHD_sdram_cache/Software/DemoMk3_bsp//obj/HAL/src/crt0.o
                0x0000000000000228                _start
 .text          0x0000000000000274      0x3bc obj/default/src/accelerometer.o
                0x0000000000000274                init_accelerometer()
                0x00000000000002d0                accelerometer_controller()
 .text          0x0000000000000630      0x5a0 obj/default/src/functions.o
                0x0000000000000630                alt_up_pixel_buffer_dma_clear_screen_delayed(alt_up_pixel_buffer_dma_dev*, int)
                0x00000000000007c8                helper_plot_pixel_enhanced_clipping(unsigned int, int, int, int, int, int)
                0x000000000000084c                alt_up_pixel_buffer_dma_draw_line_enhanced_clipping(alt_up_pixel_buffer_dma_dev*, int, int, int, int, int, int)
 .text          0x0000000000000bd0     0x29ec obj/default/src/graphic_object.o
                0x0000000000000bd0                Cube_3D::Cube_3D()
                0x0000000000000bd0                Cube_3D::Cube_3D()
                0x0000000000001194                Cube_3D::update_translation(float, float, float)
                0x000000000000120c                Cube_3D::update_translation(float, int)
                0x00000000000012b4                Cube_3D::update_translation_relative(float, int)
                0x00000000000013a4                Cube_3D::update_rotation(float, float, float)
                0x000000000000175c                Cube_3D::update_rotation(float, int)
                0x0000000000001804                Cube_3D::update_rotation_relative(float, int)
                0x0000000000001abc                Cube_3D::update_scaling(float, float, float)
                0x0000000000001b34                Cube_3D::update_scaling(float, int)
                0x0000000000001bdc                Cube_3D::update_scaling_relative(float, int)
                0x0000000000001ccc                Cube_3D::display_frame()
                0x0000000000001fe4                Cube_3D::vector_matrix_multiply()
                0x0000000000002618                Cube_3D::Matrix4x4MultiplyBy4x4(float*, float*, float*)
 .text          0x00000000000035bc      0x250 obj/default/src/main.o
                0x00000000000035bc                display_digit(unsigned char)
                0x000000000000361c                display_fps(unsigned long)
                0x000000000000371c                main
 .text._ZN7Cube_3D19calculate_renderingEv
                0x000000000000380c       0xb8 obj/default/src/main.o
                0x000000000000380c                Cube_3D::calculate_rendering()
 .text          0x00000000000038c4        0x0 d:/intelfpga_lite/18.1/nios2eds/bin/gnu/h-x86_64-mingw32/bin/../lib/gcc/nios2-elf/5.3.0/../../../../../H-x86_64-mingw32/nios2-elf/lib\libm.a(lib_a-s_cos.o)
 .text.cos      0x00000000000038c4       0xec d:/intelfpga_lite/18.1/nios2eds/bin/gnu/h-x86_64-mingw32/bin/../lib/gcc/nios2-elf/5.3.0/../../../../../H-x86_64-mingw32/nios2-elf/lib\libm.a(lib_a-s_cos.o)
                0x00000000000038c4                cos
 .text          0x00000000000039b0        0x0 d:/intelfpga_lite/18.1/nios2eds/bin/gnu/h-x86_64-mingw32/bin/../lib/gcc/nios2-elf/5.3.0/../../../../../H-x86_64-mingw32/nios2-elf/lib\libm.a(lib_a-s_sin.o)
 .text.sin      0x00000000000039b0       0xf0 d:/intelfpga_lite/18.1/nios2eds/bin/gnu/h-x86_64-mingw32/bin/../lib/gcc/nios2-elf/5.3.0/../../../../../H-x86_64-mingw32/nios2-elf/lib\libm.a(lib_a-s_sin.o)
                0x00000000000039b0                sin
 .text          0x0000000000003aa0        0x0 d:/intelfpga_lite/18.1/nios2eds/bin/gnu/h-x86_64-mingw32/bin/../lib/gcc/nios2-elf/5.3.0/../../../../../H-x86_64-mingw32/nios2-elf/lib\libm.a(lib_a-s_tan.o)
 .text.tan      0x0000000000003aa0       0xa0 d:/intelfpga_lite/18.1/nios2eds/bin/gnu/h-x86_64-mingw32/bin/../lib/gcc/nios2-elf/5.3.0/../../../../../H-x86_64-mingw32/nios2-elf/lib\libm.a(lib_a-s_tan.o)
                0x0000000000003aa0                tan
 .text          0x0000000000003b40        0x0 d:/intelfpga_lite/18.1/nios2eds/bin/gnu/h-x86_64-mingw32/bin/../lib/gcc/nios2-elf/5.3.0/../../../../../H-x86_64-mingw32/nios2-elf/lib\libm.a(lib_a-e_rem_pio2.o)
 .text.__ieee754_rem_pio2
                0x0000000000003b40      0x76c d:/intelfpga_lite/18.1/nios2eds/bin/gnu/h-x86_64-mingw32/bin/../lib/gcc/nios2-elf/5.3.0/../../../../../H-x86_64-mingw32/nios2-elf/lib\libm.a(lib_a-e_rem_pio2.o)
                0x0000000000003b40                __ieee754_rem_pio2
 .text          0x00000000000042ac        0x0 d:/intelfpga_lite/18.1/nios2eds/bin/gnu/h-x86_64-mingw32/bin/../lib/gcc/nios2-elf/5.3.0/../../../../../H-x86_64-mingw32/nios2-elf/lib\libm.a(lib_a-k_cos.o)
 .text.__kernel_cos
                0x00000000000042ac      0x4a4 d:/intelfpga_lite/18.1/nios2eds/bin/gnu/h-x86_64-mingw32/bin/../lib/gcc/nios2-elf/5.3.0/../../../../../H-x86_64-mingw32/nios2-elf/lib\libm.a(lib_a-k_cos.o)
                0x00000000000042ac                __kernel_cos
 .text          0x0000000000004750        0x0 d:/intelfpga_lite/18.1/nios2eds/bin/gnu/h-x86_64-mingw32/bin/../lib/gcc/nios2-elf/5.3.0/../../../../../H-x86_64-mingw32/nios2-elf/lib\libm.a(lib_a-k_rem_pio2.o)
 .text.__kernel_rem_pio2
                0x0000000000004750      0xd90 d:/intelfpga_lite/18.1/nios2eds/bin/gnu/h-x86_64-mingw32/bin/../lib/gcc/nios2-elf/5.3.0/../../../../../H-x86_64-mingw32/nios2-elf/lib\libm.a(lib_a-k_rem_pio2.o)
                0x0000000000004750                __kernel_rem_pio2
 .text          0x00000000000054e0        0x0 d:/intelfpga_lite/18.1/nios2eds/bin/gnu/h-x86_64-mingw32/bin/../lib/gcc/nios2-elf/5.3.0/../../../../../H-x86_64-mingw32/nios2-elf/lib\libm.a(lib_a-k_sin.o)
 .text.__kernel_sin
                0x00000000000054e0      0x2cc d:/intelfpga_lite/18.1/nios2eds/bin/gnu/h-x86_64-mingw32/bin/../lib/gcc/nios2-elf/5.3.0/../../../../../H-x86_64-mingw32/nios2-elf/lib\libm.a(lib_a-k_sin.o)
                0x00000000000054e0                __kernel_sin
 .text          0x00000000000057ac        0x0 d:/intelfpga_lite/18.1/nios2eds/bin/gnu/h-x86_64-mingw32/bin/../lib/gcc/nios2-elf/5.3.0/../../../../../H-x86_64-mingw32/nios2-elf/lib\libm.a(lib_a-k_tan.o)
 .text.__kernel_tan
                0x00000000000057ac      0x66c d:/intelfpga_lite/18.1/nios2eds/bin/gnu/h-x86_64-mingw32/bin/../lib/gcc/nios2-elf/5.3.0/../../../../../H-x86_64-mingw32/nios2-elf/lib\libm.a(lib_a-k_tan.o)
                0x00000000000057ac                __kernel_tan
 .text          0x0000000000005e18        0x0 d:/intelfpga_lite/18.1/nios2eds/bin/gnu/h-x86_64-mingw32/bin/../lib/gcc/nios2-elf/5.3.0/../../../../../H-x86_64-mingw32/nios2-elf/lib\libm.a(lib_a-s_fabs.o)
 .text.fabs     0x0000000000005e18       0x14 d:/intelfpga_lite/18.1/nios2eds/bin/gnu/h-x86_64-mingw32/bin/../lib/gcc/nios2-elf/5.3.0/../../../../../H-x86_64-mingw32/nios2-elf/lib\libm.a(lib_a-s_fabs.o)
                0x0000000000005e18                fabs
 .text          0x0000000000005e2c        0x0 d:/intelfpga_lite/18.1/nios2eds/bin/gnu/h-x86_64-mingw32/bin/../lib/gcc/nios2-elf/5.3.0/../../../../../H-x86_64-mingw32/nios2-elf/lib\libm.a(lib_a-s_floor.o)
 .text.floor    0x0000000000005e2c      0x1ec d:/intelfpga_lite/18.1/nios2eds/bin/gnu/h-x86_64-mingw32/bin/../lib/gcc/nios2-elf/5.3.0/../../../../../H-x86_64-mingw32/nios2-elf/lib\libm.a(lib_a-s_floor.o)
                0x0000000000005e2c                floor
 .text          0x0000000000006018        0x0 d:/intelfpga_lite/18.1/nios2eds/bin/gnu/h-x86_64-mingw32/bin/../lib/gcc/nios2-elf/5.3.0/../../../../../H-x86_64-mingw32/nios2-elf/lib\libm.a(lib_a-s_scalbn.o)
 .text.scalbn   0x0000000000006018      0x19c d:/intelfpga_lite/18.1/nios2eds/bin/gnu/h-x86_64-mingw32/bin/../lib/gcc/nios2-elf/5.3.0/../../../../../H-x86_64-mingw32/nios2-elf/lib\libm.a(lib_a-s_scalbn.o)
                0x0000000000006018                scalbn
 .text          0x00000000000061b4        0x0 d:/intelfpga_lite/18.1/nios2eds/bin/gnu/h-x86_64-mingw32/bin/../lib/gcc/nios2-elf/5.3.0/../../../../../H-x86_64-mingw32/nios2-elf/lib\libm.a(lib_a-s_copysign.o)
 .text.copysign
                0x00000000000061b4       0x1c d:/intelfpga_lite/18.1/nios2eds/bin/gnu/h-x86_64-mingw32/bin/../lib/gcc/nios2-elf/5.3.0/../../../../../H-x86_64-mingw32/nios2-elf/lib\libm.a(lib_a-s_copysign.o)
                0x00000000000061b4                copysign
 .text          0x00000000000061d0      0x1b4 d:/intelfpga_lite/18.1/nios2eds/bin/gnu/h-x86_64-mingw32/bin/../lib/gcc/nios2-elf/5.3.0\libgcc.a(lib2-divmod.o)
                0x00000000000061d0                __divsi3
                0x0000000000006254                __modsi3
                0x00000000000062c8                __udivsi3
                0x000000000000632c                __umodsi3
 .text          0x0000000000006384      0x4c8 d:/intelfpga_lite/18.1/nios2eds/bin/gnu/h-x86_64-mingw32/bin/../lib/gcc/nios2-elf/5.3.0\libgcc.a(addsf3.o)
                0x0000000000006384                __addsf3
 .text          0x000000000000684c      0x440 d:/intelfpga_lite/18.1/nios2eds/bin/gnu/h-x86_64-mingw32/bin/../lib/gcc/nios2-elf/5.3.0\libgcc.a(divsf3.o)
                0x000000000000684c                __divsf3
 .text          0x0000000000006c8c      0x3fc d:/intelfpga_lite/18.1/nios2eds/bin/gnu/h-x86_64-mingw32/bin/../lib/gcc/nios2-elf/5.3.0\libgcc.a(mulsf3.o)
                0x0000000000006c8c                __mulsf3
 .text          0x0000000000007088      0x4e4 d:/intelfpga_lite/18.1/nios2eds/bin/gnu/h-x86_64-mingw32/bin/../lib/gcc/nios2-elf/5.3.0\libgcc.a(subsf3.o)
                0x0000000000007088                __subsf3
 .text          0x000000000000756c       0x70 d:/intelfpga_lite/18.1/nios2eds/bin/gnu/h-x86_64-mingw32/bin/../lib/gcc/nios2-elf/5.3.0\libgcc.a(fixsfsi.o)
                0x000000000000756c                __fixsfsi
 .text          0x00000000000075dc      0x124 d:/intelfpga_lite/18.1/nios2eds/bin/gnu/h-x86_64-mingw32/bin/../lib/gcc/nios2-elf/5.3.0\libgcc.a(floatsisf.o)
                0x00000000000075dc                __floatsisf
 .text          0x0000000000007700       0xf0 d:/intelfpga_lite/18.1/nios2eds/bin/gnu/h-x86_64-mingw32/bin/../lib/gcc/nios2-elf/5.3.0\libgcc.a(floatunsisf.o)
                0x0000000000007700                __floatunsisf
 .text          0x00000000000077f0      0x8ac d:/intelfpga_lite/18.1/nios2eds/bin/gnu/h-x86_64-mingw32/bin/../lib/gcc/nios2-elf/5.3.0\libgcc.a(adddf3.o)
                0x00000000000077f0                __adddf3
 .text          0x000000000000809c      0x8e8 d:/intelfpga_lite/18.1/nios2eds/bin/gnu/h-x86_64-mingw32/bin/../lib/gcc/nios2-elf/5.3.0\libgcc.a(divdf3.o)
                0x000000000000809c                __divdf3
 .text          0x0000000000008984       0x88 d:/intelfpga_lite/18.1/nios2eds/bin/gnu/h-x86_64-mingw32/bin/../lib/gcc/nios2-elf/5.3.0\libgcc.a(eqdf2.o)
                0x0000000000008984                __nedf2
                0x0000000000008984                __eqdf2
 .text          0x0000000000008a0c       0xdc d:/intelfpga_lite/18.1/nios2eds/bin/gnu/h-x86_64-mingw32/bin/../lib/gcc/nios2-elf/5.3.0\libgcc.a(gedf2.o)
                0x0000000000008a0c                __gedf2
                0x0000000000008a0c                __gtdf2
 .text          0x0000000000008ae8      0x718 d:/intelfpga_lite/18.1/nios2eds/bin/gnu/h-x86_64-mingw32/bin/../lib/gcc/nios2-elf/5.3.0\libgcc.a(muldf3.o)
                0x0000000000008ae8                __muldf3
 .text          0x0000000000009200      0x8fc d:/intelfpga_lite/18.1/nios2eds/bin/gnu/h-x86_64-mingw32/bin/../lib/gcc/nios2-elf/5.3.0\libgcc.a(subdf3.o)
                0x0000000000009200                __subdf3
 .text          0x0000000000009afc       0x80 d:/intelfpga_lite/18.1/nios2eds/bin/gnu/h-x86_64-mingw32/bin/../lib/gcc/nios2-elf/5.3.0\libgcc.a(fixdfsi.o)
                0x0000000000009afc                __fixdfsi
 .text          0x0000000000009b7c       0xdc d:/intelfpga_lite/18.1/nios2eds/bin/gnu/h-x86_64-mingw32/bin/../lib/gcc/nios2-elf/5.3.0\libgcc.a(floatsidf.o)
                0x0000000000009b7c                __floatsidf
 .text          0x0000000000009c58      0x110 d:/intelfpga_lite/18.1/nios2eds/bin/gnu/h-x86_64-mingw32/bin/../lib/gcc/nios2-elf/5.3.0\libgcc.a(extendsfdf2.o)
                0x0000000000009c58                __extendsfdf2
 .text          0x0000000000009d68      0x1a8 d:/intelfpga_lite/18.1/nios2eds/bin/gnu/h-x86_64-mingw32/bin/../lib/gcc/nios2-elf/5.3.0\libgcc.a(truncdfsf2.o)
                0x0000000000009d68                __truncdfsf2
 .text          0x0000000000009f10       0x64 d:/intelfpga_lite/18.1/nios2eds/bin/gnu/h-x86_64-mingw32/bin/../lib/gcc/nios2-elf/5.3.0\libgcc.a(_clzsi2.o)
                0x0000000000009f10                __clzsi2
 .text          0x0000000000009f74        0x0 d:/intelfpga_lite/18.1/nios2eds/bin/gnu/h-x86_64-mingw32/bin/../lib/gcc/nios2-elf/5.3.0\libgcc.a(_clz.o)
 .text          0x0000000000009f74        0x0 d:/intelfpga_lite/18.1/nios2eds/bin/gnu/h-x86_64-mingw32/bin/../lib/gcc/nios2-elf/5.3.0/../../../../../H-x86_64-mingw32/nios2-elf/lib\libc.a(lib_a-memcpy.o)
 .text.memcpy   0x0000000000009f74      0x148 d:/intelfpga_lite/18.1/nios2eds/bin/gnu/h-x86_64-mingw32/bin/../lib/gcc/nios2-elf/5.3.0/../../../../../H-x86_64-mingw32/nios2-elf/lib\libc.a(lib_a-memcpy.o)
                0x0000000000009f74                memcpy
 .text          0x000000000000a0bc        0x0 d:/intelfpga_lite/18.1/nios2eds/bin/gnu/h-x86_64-mingw32/bin/../lib/gcc/nios2-elf/5.3.0/../../../../../H-x86_64-mingw32/nios2-elf/lib\libc.a(lib_a-memset.o)
 .text.memset   0x000000000000a0bc      0x128 d:/intelfpga_lite/18.1/nios2eds/bin/gnu/h-x86_64-mingw32/bin/../lib/gcc/nios2-elf/5.3.0/../../../../../H-x86_64-mingw32/nios2-elf/lib\libc.a(lib_a-memset.o)
                0x000000000000a0bc                memset
 .text          0x000000000000a1e4        0x0 d:/intelfpga_lite/18.1/nios2eds/bin/gnu/h-x86_64-mingw32/bin/../lib/gcc/nios2-elf/5.3.0/../../../../../H-x86_64-mingw32/nios2-elf/lib\libc.a(lib_a-puts.o)
 .text._puts_r  0x000000000000a1e4       0xc0 d:/intelfpga_lite/18.1/nios2eds/bin/gnu/h-x86_64-mingw32/bin/../lib/gcc/nios2-elf/5.3.0/../../../../../H-x86_64-mingw32/nios2-elf/lib\libc.a(lib_a-puts.o)
                0x000000000000a1e4                _puts_r
 .text.puts     0x000000000000a2a4       0x14 d:/intelfpga_lite/18.1/nios2eds/bin/gnu/h-x86_64-mingw32/bin/../lib/gcc/nios2-elf/5.3.0/../../../../../H-x86_64-mingw32/nios2-elf/lib\libc.a(lib_a-puts.o)
                0x000000000000a2a4                puts
 .text          0x000000000000a2b8        0x0 d:/intelfpga_lite/18.1/nios2eds/bin/gnu/h-x86_64-mingw32/bin/../lib/gcc/nios2-elf/5.3.0/../../../../../H-x86_64-mingw32/nios2-elf/lib\libc.a(lib_a-strlen.o)
 .text.strlen   0x000000000000a2b8       0x98 d:/intelfpga_lite/18.1/nios2eds/bin/gnu/h-x86_64-mingw32/bin/../lib/gcc/nios2-elf/5.3.0/../../../../../H-x86_64-mingw32/nios2-elf/lib\libc.a(lib_a-strlen.o)
                0x000000000000a2b8                strlen
 .text          0x000000000000a350        0x0 d:/intelfpga_lite/18.1/nios2eds/bin/gnu/h-x86_64-mingw32/bin/../lib/gcc/nios2-elf/5.3.0/../../../../../H-x86_64-mingw32/nios2-elf/lib\libc.a(lib_a-findfp.o)
 .text.__fp_unlock
                0x000000000000a350        0x8 d:/intelfpga_lite/18.1/nios2eds/bin/gnu/h-x86_64-mingw32/bin/../lib/gcc/nios2-elf/5.3.0/../../../../../H-x86_64-mingw32/nios2-elf/lib\libc.a(lib_a-findfp.o)
 .text._cleanup_r
                0x000000000000a358        0xc d:/intelfpga_lite/18.1/nios2eds/bin/gnu/h-x86_64-mingw32/bin/../lib/gcc/nios2-elf/5.3.0/../../../../../H-x86_64-mingw32/nios2-elf/lib\libc.a(lib_a-findfp.o)
                0x000000000000a358                _cleanup_r
 .text.__sinit.part.1
                0x000000000000a364      0x19c d:/intelfpga_lite/18.1/nios2eds/bin/gnu/h-x86_64-mingw32/bin/../lib/gcc/nios2-elf/5.3.0/../../../../../H-x86_64-mingw32/nios2-elf/lib\libc.a(lib_a-findfp.o)
 .text.__fp_lock
                0x000000000000a500        0x8 d:/intelfpga_lite/18.1/nios2eds/bin/gnu/h-x86_64-mingw32/bin/../lib/gcc/nios2-elf/5.3.0/../../../../../H-x86_64-mingw32/nios2-elf/lib\libc.a(lib_a-findfp.o)
 .text.__sfmoreglue
                0x000000000000a508       0x68 d:/intelfpga_lite/18.1/nios2eds/bin/gnu/h-x86_64-mingw32/bin/../lib/gcc/nios2-elf/5.3.0/../../../../../H-x86_64-mingw32/nios2-elf/lib\libc.a(lib_a-findfp.o)
                0x000000000000a508                __sfmoreglue
 .text.__sfp    0x000000000000a570      0x118 d:/intelfpga_lite/18.1/nios2eds/bin/gnu/h-x86_64-mingw32/bin/../lib/gcc/nios2-elf/5.3.0/../../../../../H-x86_64-mingw32/nios2-elf/lib\libc.a(lib_a-findfp.o)
                0x000000000000a570                __sfp
 .text._cleanup
                0x000000000000a688       0x18 d:/intelfpga_lite/18.1/nios2eds/bin/gnu/h-x86_64-mingw32/bin/../lib/gcc/nios2-elf/5.3.0/../../../../../H-x86_64-mingw32/nios2-elf/lib\libc.a(lib_a-findfp.o)
                0x000000000000a688                _cleanup
 .text.__sinit  0x000000000000a6a0       0x10 d:/intelfpga_lite/18.1/nios2eds/bin/gnu/h-x86_64-mingw32/bin/../lib/gcc/nios2-elf/5.3.0/../../../../../H-x86_64-mingw32/nios2-elf/lib\libc.a(lib_a-findfp.o)
                0x000000000000a6a0                __sinit
 .text.__sfp_lock_acquire
                0x000000000000a6b0        0x4 d:/intelfpga_lite/18.1/nios2eds/bin/gnu/h-x86_64-mingw32/bin/../lib/gcc/nios2-elf/5.3.0/../../../../../H-x86_64-mingw32/nios2-elf/lib\libc.a(lib_a-findfp.o)
                0x000000000000a6b0                __sfp_lock_acquire
 .text.__sfp_lock_release
                0x000000000000a6b4        0x4 d:/intelfpga_lite/18.1/nios2eds/bin/gnu/h-x86_64-mingw32/bin/../lib/gcc/nios2-elf/5.3.0/../../../../../H-x86_64-mingw32/nios2-elf/lib\libc.a(lib_a-findfp.o)
                0x000000000000a6b4                __sfp_lock_release
 .text.__sinit_lock_acquire
                0x000000000000a6b8        0x4 d:/intelfpga_lite/18.1/nios2eds/bin/gnu/h-x86_64-mingw32/bin/../lib/gcc/nios2-elf/5.3.0/../../../../../H-x86_64-mingw32/nios2-elf/lib\libc.a(lib_a-findfp.o)
                0x000000000000a6b8                __sinit_lock_acquire
 .text.__sinit_lock_release
                0x000000000000a6bc        0x4 d:/intelfpga_lite/18.1/nios2eds/bin/gnu/h-x86_64-mingw32/bin/../lib/gcc/nios2-elf/5.3.0/../../../../../H-x86_64-mingw32/nios2-elf/lib\libc.a(lib_a-findfp.o)
                0x000000000000a6bc                __sinit_lock_release
 .text.__fp_lock_all
                0x000000000000a6c0       0x18 d:/intelfpga_lite/18.1/nios2eds/bin/gnu/h-x86_64-mingw32/bin/../lib/gcc/nios2-elf/5.3.0/../../../../../H-x86_64-mingw32/nios2-elf/lib\libc.a(lib_a-findfp.o)
                0x000000000000a6c0                __fp_lock_all
 .text.__fp_unlock_all
                0x000000000000a6d8       0x18 d:/intelfpga_lite/18.1/nios2eds/bin/gnu/h-x86_64-mingw32/bin/../lib/gcc/nios2-elf/5.3.0/../../../../../H-x86_64-mingw32/nios2-elf/lib\libc.a(lib_a-findfp.o)
                0x000000000000a6d8                __fp_unlock_all
 .text          0x000000000000a6f0        0x0 d:/intelfpga_lite/18.1/nios2eds/bin/gnu/h-x86_64-mingw32/bin/../lib/gcc/nios2-elf/5.3.0/../../../../../H-x86_64-mingw32/nios2-elf/lib\libc.a(lib_a-fvwrite.o)
 .text.__sfvwrite_r
                0x000000000000a6f0      0x4bc d:/intelfpga_lite/18.1/nios2eds/bin/gnu/h-x86_64-mingw32/bin/../lib/gcc/nios2-elf/5.3.0/../../../../../H-x86_64-mingw32/nios2-elf/lib\libc.a(lib_a-fvwrite.o)
                0x000000000000a6f0                __sfvwrite_r
 .text          0x000000000000abac        0x0 d:/intelfpga_lite/18.1/nios2eds/bin/gnu/h-x86_64-mingw32/bin/../lib/gcc/nios2-elf/5.3.0/../../../../../H-x86_64-mingw32/nios2-elf/lib\libc.a(lib_a-fwalk.o)
 .text._fwalk   0x000000000000abac       0xc4 d:/intelfpga_lite/18.1/nios2eds/bin/gnu/h-x86_64-mingw32/bin/../lib/gcc/nios2-elf/5.3.0/../../../../../H-x86_64-mingw32/nios2-elf/lib\libc.a(lib_a-fwalk.o)
                0x000000000000abac                _fwalk
 .text._fwalk_reent
                0x000000000000ac70       0xc4 d:/intelfpga_lite/18.1/nios2eds/bin/gnu/h-x86_64-mingw32/bin/../lib/gcc/nios2-elf/5.3.0/../../../../../H-x86_64-mingw32/nios2-elf/lib\libc.a(lib_a-fwalk.o)
                0x000000000000ac70                _fwalk_reent
 .text          0x000000000000ad34        0x0 d:/intelfpga_lite/18.1/nios2eds/bin/gnu/h-x86_64-mingw32/bin/../lib/gcc/nios2-elf/5.3.0/../../../../../H-x86_64-mingw32/nios2-elf/lib\libc.a(lib_a-impure.o)
 .text          0x000000000000ad34        0x0 d:/intelfpga_lite/18.1/nios2eds/bin/gnu/h-x86_64-mingw32/bin/../lib/gcc/nios2-elf/5.3.0/../../../../../H-x86_64-mingw32/nios2-elf/lib\libc.a(lib_a-mallocr.o)
 .text._malloc_r
                0x000000000000ad34      0x80c d:/intelfpga_lite/18.1/nios2eds/bin/gnu/h-x86_64-mingw32/bin/../lib/gcc/nios2-elf/5.3.0/../../../../../H-x86_64-mingw32/nios2-elf/lib\libc.a(lib_a-mallocr.o)
                0x000000000000ad34                _malloc_r
 .text          0x000000000000b540        0x0 d:/intelfpga_lite/18.1/nios2eds/bin/gnu/h-x86_64-mingw32/bin/../lib/gcc/nios2-elf/5.3.0/../../../../../H-x86_64-mingw32/nios2-elf/lib\libc.a(lib_a-memchr.o)
 .text.memchr   0x000000000000b540       0xe4 d:/intelfpga_lite/18.1/nios2eds/bin/gnu/h-x86_64-mingw32/bin/../lib/gcc/nios2-elf/5.3.0/../../../../../H-x86_64-mingw32/nios2-elf/lib\libc.a(lib_a-memchr.o)
                0x000000000000b540                memchr
 .text          0x000000000000b624        0x0 d:/intelfpga_lite/18.1/nios2eds/bin/gnu/h-x86_64-mingw32/bin/../lib/gcc/nios2-elf/5.3.0/../../../../../H-x86_64-mingw32/nios2-elf/lib\libc.a(lib_a-memmove.o)
 .text.memmove  0x000000000000b624      0x15c d:/intelfpga_lite/18.1/nios2eds/bin/gnu/h-x86_64-mingw32/bin/../lib/gcc/nios2-elf/5.3.0/../../../../../H-x86_64-mingw32/nios2-elf/lib\libc.a(lib_a-memmove.o)
                0x000000000000b624                memmove
 .text          0x000000000000b780        0x0 d:/intelfpga_lite/18.1/nios2eds/bin/gnu/h-x86_64-mingw32/bin/../lib/gcc/nios2-elf/5.3.0/../../../../../H-x86_64-mingw32/nios2-elf/lib\libc.a(lib_a-reallocr.o)
 .text._realloc_r
                0x000000000000b780      0x564 d:/intelfpga_lite/18.1/nios2eds/bin/gnu/h-x86_64-mingw32/bin/../lib/gcc/nios2-elf/5.3.0/../../../../../H-x86_64-mingw32/nios2-elf/lib\libc.a(lib_a-reallocr.o)
                0x000000000000b780                _realloc_r
 .text          0x000000000000bce4        0x0 d:/intelfpga_lite/18.1/nios2eds/bin/gnu/h-x86_64-mingw32/bin/../lib/gcc/nios2-elf/5.3.0/../../../../../H-x86_64-mingw32/nios2-elf/lib\libc.a(lib_a-sbrkr.o)
 .text._sbrk_r  0x000000000000bce4       0x54 d:/intelfpga_lite/18.1/nios2eds/bin/gnu/h-x86_64-mingw32/bin/../lib/gcc/nios2-elf/5.3.0/../../../../../H-x86_64-mingw32/nios2-elf/lib\libc.a(lib_a-sbrkr.o)
                0x000000000000bce4                _sbrk_r
 .text          0x000000000000bd38        0x0 d:/intelfpga_lite/18.1/nios2eds/bin/gnu/h-x86_64-mingw32/bin/../lib/gcc/nios2-elf/5.3.0/../../../../../H-x86_64-mingw32/nios2-elf/lib\libc.a(lib_a-stdio.o)
 .text.__sread  0x000000000000bd38       0x54 d:/intelfpga_lite/18.1/nios2eds/bin/gnu/h-x86_64-mingw32/bin/../lib/gcc/nios2-elf/5.3.0/../../../../../H-x86_64-mingw32/nios2-elf/lib\libc.a(lib_a-stdio.o)
                0x000000000000bd38                __sread
 .text.__seofread
                0x000000000000bd8c        0x8 d:/intelfpga_lite/18.1/nios2eds/bin/gnu/h-x86_64-mingw32/bin/../lib/gcc/nios2-elf/5.3.0/../../../../../H-x86_64-mingw32/nios2-elf/lib\libc.a(lib_a-stdio.o)
                0x000000000000bd8c                __seofread
 .text.__swrite
                0x000000000000bd94       0x7c d:/intelfpga_lite/18.1/nios2eds/bin/gnu/h-x86_64-mingw32/bin/../lib/gcc/nios2-elf/5.3.0/../../../../../H-x86_64-mingw32/nios2-elf/lib\libc.a(lib_a-stdio.o)
                0x000000000000bd94                __swrite
 .text.__sseek  0x000000000000be10       0x5c d:/intelfpga_lite/18.1/nios2eds/bin/gnu/h-x86_64-mingw32/bin/../lib/gcc/nios2-elf/5.3.0/../../../../../H-x86_64-mingw32/nios2-elf/lib\libc.a(lib_a-stdio.o)
                0x000000000000be10                __sseek
 .text.__sclose
                0x000000000000be6c        0x8 d:/intelfpga_lite/18.1/nios2eds/bin/gnu/h-x86_64-mingw32/bin/../lib/gcc/nios2-elf/5.3.0/../../../../../H-x86_64-mingw32/nios2-elf/lib\libc.a(lib_a-stdio.o)
                0x000000000000be6c                __sclose
 .text          0x000000000000be74        0x0 d:/intelfpga_lite/18.1/nios2eds/bin/gnu/h-x86_64-mingw32/bin/../lib/gcc/nios2-elf/5.3.0/../../../../../H-x86_64-mingw32/nios2-elf/lib\libc.a(lib_a-writer.o)
 .text._write_r
                0x000000000000be74       0x60 d:/intelfpga_lite/18.1/nios2eds/bin/gnu/h-x86_64-mingw32/bin/../lib/gcc/nios2-elf/5.3.0/../../../../../H-x86_64-mingw32/nios2-elf/lib\libc.a(lib_a-writer.o)
                0x000000000000be74                _write_r
 .text          0x000000000000bed4        0x0 d:/intelfpga_lite/18.1/nios2eds/bin/gnu/h-x86_64-mingw32/bin/../lib/gcc/nios2-elf/5.3.0/../../../../../H-x86_64-mingw32/nios2-elf/lib\libc.a(lib_a-wsetup.o)
 .text.__swsetup_r
                0x000000000000bed4      0x154 d:/intelfpga_lite/18.1/nios2eds/bin/gnu/h-x86_64-mingw32/bin/../lib/gcc/nios2-elf/5.3.0/../../../../../H-x86_64-mingw32/nios2-elf/lib\libc.a(lib_a-wsetup.o)
                0x000000000000bed4                __swsetup_r
 .text          0x000000000000c028        0x0 d:/intelfpga_lite/18.1/nios2eds/bin/gnu/h-x86_64-mingw32/bin/../lib/gcc/nios2-elf/5.3.0/../../../../../H-x86_64-mingw32/nios2-elf/lib\libc.a(closer.o)
 .text._close_r
                0x000000000000c028       0x54 d:/intelfpga_lite/18.1/nios2eds/bin/gnu/h-x86_64-mingw32/bin/../lib/gcc/nios2-elf/5.3.0/../../../../../H-x86_64-mingw32/nios2-elf/lib\libc.a(closer.o)
                0x000000000000c028                _close_r
 .text          0x000000000000c07c        0x0 d:/intelfpga_lite/18.1/nios2eds/bin/gnu/h-x86_64-mingw32/bin/../lib/gcc/nios2-elf/5.3.0/../../../../../H-x86_64-mingw32/nios2-elf/lib\libc.a(lib_a-fclose.o)
 .text._fclose_r
                0x000000000000c07c       0xf0 d:/intelfpga_lite/18.1/nios2eds/bin/gnu/h-x86_64-mingw32/bin/../lib/gcc/nios2-elf/5.3.0/../../../../../H-x86_64-mingw32/nios2-elf/lib\libc.a(lib_a-fclose.o)
                0x000000000000c07c                _fclose_r
 .text.fclose   0x000000000000c16c       0x14 d:/intelfpga_lite/18.1/nios2eds/bin/gnu/h-x86_64-mingw32/bin/../lib/gcc/nios2-elf/5.3.0/../../../../../H-x86_64-mingw32/nios2-elf/lib\libc.a(lib_a-fclose.o)
                0x000000000000c16c                fclose
 .text          0x000000000000c180        0x0 d:/intelfpga_lite/18.1/nios2eds/bin/gnu/h-x86_64-mingw32/bin/../lib/gcc/nios2-elf/5.3.0/../../../../../H-x86_64-mingw32/nios2-elf/lib\libc.a(lib_a-fflush.o)
 .text.__sflush_r
                0x000000000000c180      0x21c d:/intelfpga_lite/18.1/nios2eds/bin/gnu/h-x86_64-mingw32/bin/../lib/gcc/nios2-elf/5.3.0/../../../../../H-x86_64-mingw32/nios2-elf/lib\libc.a(lib_a-fflush.o)
                0x000000000000c180                __sflush_r
 .text._fflush_r
                0x000000000000c39c       0x5c d:/intelfpga_lite/18.1/nios2eds/bin/gnu/h-x86_64-mingw32/bin/../lib/gcc/nios2-elf/5.3.0/../../../../../H-x86_64-mingw32/nios2-elf/lib\libc.a(lib_a-fflush.o)
                0x000000000000c39c                _fflush_r
 .text.fflush   0x000000000000c3f8       0x30 d:/intelfpga_lite/18.1/nios2eds/bin/gnu/h-x86_64-mingw32/bin/../lib/gcc/nios2-elf/5.3.0/../../../../../H-x86_64-mingw32/nios2-elf/lib\libc.a(lib_a-fflush.o)
                0x000000000000c3f8                fflush
 .text          0x000000000000c428        0x0 d:/intelfpga_lite/18.1/nios2eds/bin/gnu/h-x86_64-mingw32/bin/../lib/gcc/nios2-elf/5.3.0/../../../../../H-x86_64-mingw32/nios2-elf/lib\libc.a(lib_a-freer.o)
 .text._malloc_trim_r
                0x000000000000c428      0x124 d:/intelfpga_lite/18.1/nios2eds/bin/gnu/h-x86_64-mingw32/bin/../lib/gcc/nios2-elf/5.3.0/../../../../../H-x86_64-mingw32/nios2-elf/lib\libc.a(lib_a-freer.o)
                0x000000000000c428                _malloc_trim_r
 .text._free_r  0x000000000000c54c      0x310 d:/intelfpga_lite/18.1/nios2eds/bin/gnu/h-x86_64-mingw32/bin/../lib/gcc/nios2-elf/5.3.0/../../../../../H-x86_64-mingw32/nios2-elf/lib\libc.a(lib_a-freer.o)
                0x000000000000c54c                _free_r
 .text          0x000000000000c85c        0x0 d:/intelfpga_lite/18.1/nios2eds/bin/gnu/h-x86_64-mingw32/bin/../lib/gcc/nios2-elf/5.3.0/../../../../../H-x86_64-mingw32/nios2-elf/lib\libc.a(lib_a-int_errno.o)
 .text          0x000000000000c85c        0x0 d:/intelfpga_lite/18.1/nios2eds/bin/gnu/h-x86_64-mingw32/bin/../lib/gcc/nios2-elf/5.3.0/../../../../../H-x86_64-mingw32/nios2-elf/lib\libc.a(lib_a-lseekr.o)
 .text._lseek_r
                0x000000000000c85c       0x60 d:/intelfpga_lite/18.1/nios2eds/bin/gnu/h-x86_64-mingw32/bin/../lib/gcc/nios2-elf/5.3.0/../../../../../H-x86_64-mingw32/nios2-elf/lib\libc.a(lib_a-lseekr.o)
                0x000000000000c85c                _lseek_r
 .text          0x000000000000c8bc        0x0 d:/intelfpga_lite/18.1/nios2eds/bin/gnu/h-x86_64-mingw32/bin/../lib/gcc/nios2-elf/5.3.0/../../../../../H-x86_64-mingw32/nios2-elf/lib\libc.a(lib_a-makebuf.o)
 .text.__smakebuf_r
                0x000000000000c8bc      0x1bc d:/intelfpga_lite/18.1/nios2eds/bin/gnu/h-x86_64-mingw32/bin/../lib/gcc/nios2-elf/5.3.0/../../../../../H-x86_64-mingw32/nios2-elf/lib\libc.a(lib_a-makebuf.o)
                0x000000000000c8bc                __smakebuf_r
 .text          0x000000000000ca78        0x0 d:/intelfpga_lite/18.1/nios2eds/bin/gnu/h-x86_64-mingw32/bin/../lib/gcc/nios2-elf/5.3.0/../../../../../H-x86_64-mingw32/nios2-elf/lib\libc.a(lib_a-readr.o)
 .text._read_r  0x000000000000ca78       0x60 d:/intelfpga_lite/18.1/nios2eds/bin/gnu/h-x86_64-mingw32/bin/../lib/gcc/nios2-elf/5.3.0/../../../../../H-x86_64-mingw32/nios2-elf/lib\libc.a(lib_a-readr.o)
                0x000000000000ca78                _read_r
 .text          0x000000000000cad8        0x0 d:/intelfpga_lite/18.1/nios2eds/bin/gnu/h-x86_64-mingw32/bin/../lib/gcc/nios2-elf/5.3.0/../../../../../H-x86_64-mingw32/nios2-elf/lib\libc.a(lib_a-fstatr.o)
 .text._fstat_r
                0x000000000000cad8       0x5c d:/intelfpga_lite/18.1/nios2eds/bin/gnu/h-x86_64-mingw32/bin/../lib/gcc/nios2-elf/5.3.0/../../../../../H-x86_64-mingw32/nios2-elf/lib\libc.a(lib_a-fstatr.o)
                0x000000000000cad8                _fstat_r
 .text          0x000000000000cb34        0x0 d:/intelfpga_lite/18.1/nios2eds/bin/gnu/h-x86_64-mingw32/bin/../lib/gcc/nios2-elf/5.3.0/../../../../../H-x86_64-mingw32/nios2-elf/lib\libc.a(lib_a-isattyr.o)
 .text._isatty_r
                0x000000000000cb34       0x54 d:/intelfpga_lite/18.1/nios2eds/bin/gnu/h-x86_64-mingw32/bin/../lib/gcc/nios2-elf/5.3.0/../../../../../H-x86_64-mingw32/nios2-elf/lib\libc.a(lib_a-isattyr.o)
                0x000000000000cb34                _isatty_r
 .text          0x000000000000cb88      0x10c C:/Users/vanno/OneDrive/Documents/GitKraken/3D_Graphic_Engine/lt24_fullHD_sdram_cache/Software/DemoMk3_bsp/\libhal_bsp.a(alt_close.o)
                0x000000000000cbc4                close
 .text          0x000000000000cc94       0x2c C:/Users/vanno/OneDrive/Documents/GitKraken/3D_Graphic_Engine/lt24_fullHD_sdram_cache/Software/DemoMk3_bsp/\libhal_bsp.a(alt_dev.o)
 .text          0x000000000000ccc0        0x0 C:/Users/vanno/OneDrive/Documents/GitKraken/3D_Graphic_Engine/lt24_fullHD_sdram_cache/Software/DemoMk3_bsp/\libhal_bsp.a(alt_errno.o)
 .text          0x000000000000ccc0       0xec C:/Users/vanno/OneDrive/Documents/GitKraken/3D_Graphic_Engine/lt24_fullHD_sdram_cache/Software/DemoMk3_bsp/\libhal_bsp.a(alt_fstat.o)
                0x000000000000ccfc                fstat
 .text          0x000000000000cdac       0xe0 C:/Users/vanno/OneDrive/Documents/GitKraken/3D_Graphic_Engine/lt24_fullHD_sdram_cache/Software/DemoMk3_bsp/\libhal_bsp.a(alt_isatty.o)
                0x000000000000cde8                isatty
 .text          0x000000000000ce8c       0xec C:/Users/vanno/OneDrive/Documents/GitKraken/3D_Graphic_Engine/lt24_fullHD_sdram_cache/Software/DemoMk3_bsp/\libhal_bsp.a(alt_load.o)
                0x000000000000cef4                alt_load
 .text          0x000000000000cf78      0x110 C:/Users/vanno/OneDrive/Documents/GitKraken/3D_Graphic_Engine/lt24_fullHD_sdram_cache/Software/DemoMk3_bsp/\libhal_bsp.a(alt_lseek.o)
                0x000000000000cfb4                lseek
 .text          0x000000000000d088       0x7c C:/Users/vanno/OneDrive/Documents/GitKraken/3D_Graphic_Engine/lt24_fullHD_sdram_cache/Software/DemoMk3_bsp/\libhal_bsp.a(alt_main.o)
                0x000000000000d088                alt_main
 .text          0x000000000000d104       0x48 C:/Users/vanno/OneDrive/Documents/GitKraken/3D_Graphic_Engine/lt24_fullHD_sdram_cache/Software/DemoMk3_bsp/\libhal_bsp.a(alt_malloc_lock.o)
                0x000000000000d104                __malloc_lock
                0x000000000000d128                __malloc_unlock
 .text          0x000000000000d14c      0x138 C:/Users/vanno/OneDrive/Documents/GitKraken/3D_Graphic_Engine/lt24_fullHD_sdram_cache/Software/DemoMk3_bsp/\libhal_bsp.a(alt_read.o)
                0x000000000000d188                read
 .text          0x000000000000d284       0x64 C:/Users/vanno/OneDrive/Documents/GitKraken/3D_Graphic_Engine/lt24_fullHD_sdram_cache/Software/DemoMk3_bsp/\libhal_bsp.a(alt_release_fd.o)
                0x000000000000d284                alt_release_fd
 .text          0x000000000000d2e8       0xb0 C:/Users/vanno/OneDrive/Documents/GitKraken/3D_Graphic_Engine/lt24_fullHD_sdram_cache/Software/DemoMk3_bsp/\libhal_bsp.a(alt_sbrk.o)
                0x000000000000d2e8                sbrk
 .text          0x000000000000d398      0x134 C:/Users/vanno/OneDrive/Documents/GitKraken/3D_Graphic_Engine/lt24_fullHD_sdram_cache/Software/DemoMk3_bsp/\libhal_bsp.a(alt_write.o)
                0x000000000000d3d4                write
 .text          0x000000000000d4cc      0x3b4 C:/Users/vanno/OneDrive/Documents/GitKraken/3D_Graphic_Engine/lt24_fullHD_sdram_cache/Software/DemoMk3_bsp/\libhal_bsp.a(alt_sys_init.o)
                0x000000000000d500                alt_irq_init
                0x000000000000d538                alt_sys_init
 .text          0x000000000000d880      0x164 C:/Users/vanno/OneDrive/Documents/GitKraken/3D_Graphic_Engine/lt24_fullHD_sdram_cache/Software/DemoMk3_bsp/\libhal_bsp.a(altera_avalon_jtag_uart_fd.o)
                0x000000000000d880                altera_avalon_jtag_uart_read_fd
                0x000000000000d8e0                altera_avalon_jtag_uart_write_fd
                0x000000000000d940                altera_avalon_jtag_uart_close_fd
                0x000000000000d990                altera_avalon_jtag_uart_ioctl_fd
 .text          0x000000000000d9e4      0x3cc C:/Users/vanno/OneDrive/Documents/GitKraken/3D_Graphic_Engine/lt24_fullHD_sdram_cache/Software/DemoMk3_bsp/\libhal_bsp.a(altera_avalon_jtag_uart_init.o)
                0x000000000000d9e4                altera_avalon_jtag_uart_init
                0x000000000000dd48                altera_avalon_jtag_uart_close
 .text          0x000000000000ddb0       0xf0 C:/Users/vanno/OneDrive/Documents/GitKraken/3D_Graphic_Engine/lt24_fullHD_sdram_cache/Software/DemoMk3_bsp/\libhal_bsp.a(altera_avalon_jtag_uart_ioctl.o)
                0x000000000000ddb0                altera_avalon_jtag_uart_ioctl
 .text          0x000000000000dea0      0x21c C:/Users/vanno/OneDrive/Documents/GitKraken/3D_Graphic_Engine/lt24_fullHD_sdram_cache/Software/DemoMk3_bsp/\libhal_bsp.a(altera_avalon_jtag_uart_read.o)
                0x000000000000dea0                altera_avalon_jtag_uart_read
 .text          0x000000000000e0bc      0x224 C:/Users/vanno/OneDrive/Documents/GitKraken/3D_Graphic_Engine/lt24_fullHD_sdram_cache/Software/DemoMk3_bsp/\libhal_bsp.a(altera_avalon_jtag_uart_write.o)
                0x000000000000e0bc                altera_avalon_jtag_uart_write
 .text          0x000000000000e2e0       0xf0 C:/Users/vanno/OneDrive/Documents/GitKraken/3D_Graphic_Engine/lt24_fullHD_sdram_cache/Software/DemoMk3_bsp/\libhal_bsp.a(altera_avalon_timer_sc.o)
                0x000000000000e35c                alt_avalon_timer_sc_init
 .text          0x000000000000e3d0      0x118 C:/Users/vanno/OneDrive/Documents/GitKraken/3D_Graphic_Engine/lt24_fullHD_sdram_cache/Software/DemoMk3_bsp/\libhal_bsp.a(altera_avalon_timer_ts.o)
                0x000000000000e3d0                alt_timestamp_start
                0x000000000000e448                alt_timestamp
                0x000000000000e4c8                alt_timestamp_freq
 .text          0x000000000000e4e8        0x0 C:/Users/vanno/OneDrive/Documents/GitKraken/3D_Graphic_Engine/lt24_fullHD_sdram_cache/Software/DemoMk3_bsp/\libhal_bsp.a(altera_avalon_timer_vars.o)
 .text          0x000000000000e4e8      0x3b0 C:/Users/vanno/OneDrive/Documents/GitKraken/3D_Graphic_Engine/lt24_fullHD_sdram_cache/Software/DemoMk3_bsp/\libhal_bsp.a(altera_up_avalon_accelerometer_spi.o)
                0x000000000000e4e8                alt_up_accelerometer_spi_open_dev
                0x000000000000e524                alt_up_accelerometer_spi_read_address_register
                0x000000000000e568                alt_up_accelerometer_spi_read
                0x000000000000e5d0                alt_up_accelerometer_spi_write
                0x000000000000e634                alt_up_accelerometer_spi_read_x_axis
                0x000000000000e700                alt_up_accelerometer_spi_read_y_axis
                0x000000000000e7cc                alt_up_accelerometer_spi_read_z_axis
 .text          0x000000000000e898      0xeb4 C:/Users/vanno/OneDrive/Documents/GitKraken/3D_Graphic_Engine/lt24_fullHD_sdram_cache/Software/DemoMk3_bsp/\libhal_bsp.a(altera_up_avalon_video_pixel_buffer_dma.o)
                0x000000000000e898                alt_up_pixel_buffer_dma_open_dev
                0x000000000000e8d4                alt_up_pixel_buffer_dma_draw
                0x000000000000ea68                alt_up_pixel_buffer_dma_change_back_buffer_address
                0x000000000000eac4                alt_up_pixel_buffer_dma_swap_buffers
                0x000000000000eb24                alt_up_pixel_buffer_dma_check_swap_buffers_status
                0x000000000000eb58                alt_up_pixel_buffer_dma_clear_screen
                0x000000000000ec80                alt_up_pixel_buffer_dma_draw_box
                0x000000000000ef5c                alt_up_pixel_buffer_dma_draw_hline
                0x000000000000f16c                alt_up_pixel_buffer_dma_draw_vline
                0x000000000000f3b8                alt_up_pixel_buffer_dma_draw_rectangle
                0x000000000000f480                helper_plot_pixel
                0x000000000000f504                alt_up_pixel_buffer_dma_draw_line
 .text          0x000000000000f74c      0x12c C:/Users/vanno/OneDrive/Documents/GitKraken/3D_Graphic_Engine/lt24_fullHD_sdram_cache/Software/DemoMk3_bsp/\libhal_bsp.a(alt_alarm_start.o)
                0x000000000000f74c                alt_alarm_start
 .text          0x000000000000f878       0x48 C:/Users/vanno/OneDrive/Documents/GitKraken/3D_Graphic_Engine/lt24_fullHD_sdram_cache/Software/DemoMk3_bsp/\libhal_bsp.a(alt_dcache_flush_all.o)
                0x000000000000f878                alt_dcache_flush_all
 .text          0x000000000000f8c0       0xe0 C:/Users/vanno/OneDrive/Documents/GitKraken/3D_Graphic_Engine/lt24_fullHD_sdram_cache/Software/DemoMk3_bsp/\libhal_bsp.a(alt_dev_llist_insert.o)
                0x000000000000f8fc                alt_dev_llist_insert
 .text          0x000000000000f9a0       0x60 C:/Users/vanno/OneDrive/Documents/GitKraken/3D_Graphic_Engine/lt24_fullHD_sdram_cache/Software/DemoMk3_bsp/\libhal_bsp.a(alt_do_ctors.o)
                0x000000000000f9a0                _do_ctors
 .text          0x000000000000fa00       0x60 C:/Users/vanno/OneDrive/Documents/GitKraken/3D_Graphic_Engine/lt24_fullHD_sdram_cache/Software/DemoMk3_bsp/\libhal_bsp.a(alt_do_dtors.o)
                0x000000000000fa00                _do_dtors
 .text          0x000000000000fa60       0x90 C:/Users/vanno/OneDrive/Documents/GitKraken/3D_Graphic_Engine/lt24_fullHD_sdram_cache/Software/DemoMk3_bsp/\libhal_bsp.a(alt_find_dev.o)
                0x000000000000fa60                alt_find_dev
 .text          0x000000000000faf0       0x34 C:/Users/vanno/OneDrive/Documents/GitKraken/3D_Graphic_Engine/lt24_fullHD_sdram_cache/Software/DemoMk3_bsp/\libhal_bsp.a(alt_icache_flush_all.o)
                0x000000000000faf0                alt_icache_flush_all
 .text          0x000000000000fb24      0x140 C:/Users/vanno/OneDrive/Documents/GitKraken/3D_Graphic_Engine/lt24_fullHD_sdram_cache/Software/DemoMk3_bsp/\libhal_bsp.a(alt_io_redirect.o)
                0x000000000000fbe8                alt_io_redirect
 .text          0x000000000000fc64      0x180 C:/Users/vanno/OneDrive/Documents/GitKraken/3D_Graphic_Engine/lt24_fullHD_sdram_cache/Software/DemoMk3_bsp/\libhal_bsp.a(alt_irq_register.o)
                0x000000000000fc64                alt_irq_register
 .text          0x000000000000fde4        0x0 C:/Users/vanno/OneDrive/Documents/GitKraken/3D_Graphic_Engine/lt24_fullHD_sdram_cache/Software/DemoMk3_bsp/\libhal_bsp.a(alt_irq_vars.o)
 .text          0x000000000000fde4      0x254 C:/Users/vanno/OneDrive/Documents/GitKraken/3D_Graphic_Engine/lt24_fullHD_sdram_cache/Software/DemoMk3_bsp/\libhal_bsp.a(alt_open.o)
                0x000000000000fee4                open
 .text          0x0000000000010038      0x1a4 C:/Users/vanno/OneDrive/Documents/GitKraken/3D_Graphic_Engine/lt24_fullHD_sdram_cache/Software/DemoMk3_bsp/\libhal_bsp.a(alt_tick.o)
                0x0000000000010038                alt_alarm_stop
                0x00000000000100d4                alt_tick
 .text          0x00000000000101dc       0x24 C:/Users/vanno/OneDrive/Documents/GitKraken/3D_Graphic_Engine/lt24_fullHD_sdram_cache/Software/DemoMk3_bsp/\libhal_bsp.a(altera_nios2_gen2_irq.o)
                0x00000000000101dc                altera_nios2_gen2_irq_init
 .text          0x0000000000010200      0x108 C:/Users/vanno/OneDrive/Documents/GitKraken/3D_Graphic_Engine/lt24_fullHD_sdram_cache/Software/DemoMk3_bsp/\libhal_bsp.a(alt_find_file.o)
                0x0000000000010200                alt_find_file
 .text          0x0000000000010308       0xa4 C:/Users/vanno/OneDrive/Documents/GitKraken/3D_Graphic_Engine/lt24_fullHD_sdram_cache/Software/DemoMk3_bsp/\libhal_bsp.a(alt_get_fd.o)
                0x0000000000010308                alt_get_fd
 .text          0x00000000000103ac       0x90 C:/Users/vanno/OneDrive/Documents/GitKraken/3D_Graphic_Engine/lt24_fullHD_sdram_cache/Software/DemoMk3_bsp/\libhal_bsp.a(alt_icache_flush.o)
                0x00000000000103ac                alt_icache_flush
 .text          0x000000000001043c        0x0 C:/Users/vanno/OneDrive/Documents/GitKraken/3D_Graphic_Engine/lt24_fullHD_sdram_cache/Software/DemoMk3_bsp/\libhal_bsp.a(alt_irq_entry.o)
 .text          0x000000000001043c        0x0 C:/Users/vanno/OneDrive/Documents/GitKraken/3D_Graphic_Engine/lt24_fullHD_sdram_cache/Software/DemoMk3_bsp/\libhal_bsp.a(alt_irq_handler.o)
 .text          0x000000000001043c        0x0 C:/Users/vanno/OneDrive/Documents/GitKraken/3D_Graphic_Engine/lt24_fullHD_sdram_cache/Software/DemoMk3_bsp/\libhal_bsp.a(alt_exception_entry.o)
 .text          0x000000000001043c       0x9c C:/Users/vanno/OneDrive/Documents/GitKraken/3D_Graphic_Engine/lt24_fullHD_sdram_cache/Software/DemoMk3_bsp/\libhal_bsp.a(alt_instruction_exception_entry.o)
                0x000000000001043c                alt_exception_cause_generated_bad_addr
 .text          0x00000000000104d8        0x0 d:/intelfpga_lite/18.1/nios2eds/bin/gnu/h-x86_64-mingw32/bin/../lib/gcc/nios2-elf/5.3.0/../../../../../H-x86_64-mingw32/nios2-elf/lib\libc.a(lib_a-atexit.o)
 .text.atexit   0x00000000000104d8       0x14 d:/intelfpga_lite/18.1/nios2eds/bin/gnu/h-x86_64-mingw32/bin/../lib/gcc/nios2-elf/5.3.0/../../../../../H-x86_64-mingw32/nios2-elf/lib\libc.a(lib_a-atexit.o)
                0x00000000000104d8                atexit
 .text          0x00000000000104ec        0x0 d:/intelfpga_lite/18.1/nios2eds/bin/gnu/h-x86_64-mingw32/bin/../lib/gcc/nios2-elf/5.3.0/../../../../../H-x86_64-mingw32/nios2-elf/lib\libc.a(lib_a-exit.o)
 .text.exit     0x00000000000104ec       0x38 d:/intelfpga_lite/18.1/nios2eds/bin/gnu/h-x86_64-mingw32/bin/../lib/gcc/nios2-elf/5.3.0/../../../../../H-x86_64-mingw32/nios2-elf/lib\libc.a(lib_a-exit.o)
                0x00000000000104ec                exit
 .text          0x0000000000010524        0x0 d:/intelfpga_lite/18.1/nios2eds/bin/gnu/h-x86_64-mingw32/bin/../lib/gcc/nios2-elf/5.3.0/../../../../../H-x86_64-mingw32/nios2-elf/lib\libc.a(lib_a-memcmp.o)
 .text.memcmp   0x0000000000010524       0x7c d:/intelfpga_lite/18.1/nios2eds/bin/gnu/h-x86_64-mingw32/bin/../lib/gcc/nios2-elf/5.3.0/../../../../../H-x86_64-mingw32/nios2-elf/lib\libc.a(lib_a-memcmp.o)
                0x0000000000010524                memcmp
 .text          0x00000000000105a0        0x0 d:/intelfpga_lite/18.1/nios2eds/bin/gnu/h-x86_64-mingw32/bin/../lib/gcc/nios2-elf/5.3.0/../../../../../H-x86_64-mingw32/nios2-elf/lib\libc.a(lib_a-__atexit.o)
 .text.__register_exitproc
                0x00000000000105a0      0x118 d:/intelfpga_lite/18.1/nios2eds/bin/gnu/h-x86_64-mingw32/bin/../lib/gcc/nios2-elf/5.3.0/../../../../../H-x86_64-mingw32/nios2-elf/lib\libc.a(lib_a-__atexit.o)
                0x00000000000105a0                __register_exitproc
 .text          0x00000000000106b8        0x0 d:/intelfpga_lite/18.1/nios2eds/bin/gnu/h-x86_64-mingw32/bin/../lib/gcc/nios2-elf/5.3.0/../../../../../H-x86_64-mingw32/nios2-elf/lib\libc.a(lib_a-__call_atexit.o)
 .text.__call_exitprocs
                0x00000000000106b8      0x180 d:/intelfpga_lite/18.1/nios2eds/bin/gnu/h-x86_64-mingw32/bin/../lib/gcc/nios2-elf/5.3.0/../../../../../H-x86_64-mingw32/nios2-elf/lib\libc.a(lib_a-__call_atexit.o)
                0x00000000000106b8                __call_exitprocs
 .text          0x0000000000010838       0x34 C:/Users/vanno/OneDrive/Documents/GitKraken/3D_Graphic_Engine/lt24_fullHD_sdram_cache/Software/DemoMk3_bsp/\libhal_bsp.a(alt_exit.o)
                0x0000000000010838                _exit
 *(.gnu.warning.*)
 *(.fini)
                [!provide]                        PROVIDE (__etext, ABSOLUTE (.))
                [!provide]                        PROVIDE (_etext, ABSOLUTE (.))
                [!provide]                        PROVIDE (etext, ABSOLUTE (.))
 *(.eh_frame_hdr)
                0x000000000001086c                . = ALIGN (0x4)
                [!provide]                        PROVIDE (__preinit_array_start, ABSOLUTE (.))
 *(.preinit_array)
                [!provide]                        PROVIDE (__preinit_array_end, ABSOLUTE (.))
                [!provide]                        PROVIDE (__init_array_start, ABSOLUTE (.))
 *(.init_array)
                [!provide]                        PROVIDE (__init_array_end, ABSOLUTE (.))
                [!provide]                        PROVIDE (__fini_array_start, ABSOLUTE (.))
 *(.fini_array)
                [!provide]                        PROVIDE (__fini_array_end, ABSOLUTE (.))
 *(.eh_frame)
 *(.gcc_except_table .gcc_except_table.*)
 *(.dynamic)
                0x000000000001086c                PROVIDE (__CTOR_LIST__, ABSOLUTE (.))
 *(.ctors)
 .ctors         0x000000000001086c        0x4 obj/default/src/main.o
 *(SORT(.ctors.*))
                0x0000000000010870                PROVIDE (__CTOR_END__, ABSOLUTE (.))
                0x0000000000010870                PROVIDE (__DTOR_LIST__, ABSOLUTE (.))
 *(.dtors)
 *(SORT(.dtors.*))
                0x0000000000010870                PROVIDE (__DTOR_END__, ABSOLUTE (.))
 *(.jcr)
                0x0000000000010870                . = ALIGN (0x4)

.rodata         0x0000000000010870     0x29b8
                0x0000000000010870                PROVIDE (__ram_rodata_start, ABSOLUTE (.))
                0x0000000000010870                . = ALIGN (0x4)
 *(.rodata .rodata.* .gnu.linkonce.r.*)
 .rodata        0x0000000000010870       0x4f obj/default/src/accelerometer.o
 *fill*         0x00000000000108bf        0x1 
 .rodata        0x00000000000108c0     0x25cc obj/default/src/graphic_object.o
 .rodata        0x0000000000012e8c       0x32 obj/default/src/main.o
 *fill*         0x0000000000012ebe        0x2 
 .rodata.npio2_hw
                0x0000000000012ec0       0x80 d:/intelfpga_lite/18.1/nios2eds/bin/gnu/h-x86_64-mingw32/bin/../lib/gcc/nios2-elf/5.3.0/../../../../../H-x86_64-mingw32/nios2-elf/lib\libm.a(lib_a-e_rem_pio2.o)
 .rodata.two_over_pi
                0x0000000000012f40      0x108 d:/intelfpga_lite/18.1/nios2eds/bin/gnu/h-x86_64-mingw32/bin/../lib/gcc/nios2-elf/5.3.0/../../../../../H-x86_64-mingw32/nios2-elf/lib\libm.a(lib_a-e_rem_pio2.o)
 .rodata.PIo2   0x0000000000013048       0x40 d:/intelfpga_lite/18.1/nios2eds/bin/gnu/h-x86_64-mingw32/bin/../lib/gcc/nios2-elf/5.3.0/../../../../../H-x86_64-mingw32/nios2-elf/lib\libm.a(lib_a-k_rem_pio2.o)
 .rodata.init_jk
                0x0000000000013088       0x10 d:/intelfpga_lite/18.1/nios2eds/bin/gnu/h-x86_64-mingw32/bin/../lib/gcc/nios2-elf/5.3.0/../../../../../H-x86_64-mingw32/nios2-elf/lib\libm.a(lib_a-k_rem_pio2.o)
 .rodata        0x0000000000013098      0x100 d:/intelfpga_lite/18.1/nios2eds/bin/gnu/h-x86_64-mingw32/bin/../lib/gcc/nios2-elf/5.3.0\libgcc.a(_clz.o)
                0x0000000000013098                __clz_tab
 .rodata.str1.4
                0x0000000000013198        0x2 d:/intelfpga_lite/18.1/nios2eds/bin/gnu/h-x86_64-mingw32/bin/../lib/gcc/nios2-elf/5.3.0/../../../../../H-x86_64-mingw32/nios2-elf/lib\libc.a(lib_a-puts.o)
 *fill*         0x000000000001319a        0x2 
 .rodata.str1.4
                0x000000000001319c        0x4 d:/intelfpga_lite/18.1/nios2eds/bin/gnu/h-x86_64-mingw32/bin/../lib/gcc/nios2-elf/5.3.0/../../../../../H-x86_64-mingw32/nios2-elf/lib\libc.a(lib_a-impure.o)
                                          0x2 (size before relaxing)
 .rodata        0x00000000000131a0        0xa C:/Users/vanno/OneDrive/Documents/GitKraken/3D_Graphic_Engine/lt24_fullHD_sdram_cache/Software/DemoMk3_bsp/\libhal_bsp.a(alt_dev.o)
 *fill*         0x00000000000131aa        0x2 
 .rodata        0x00000000000131ac       0x11 C:/Users/vanno/OneDrive/Documents/GitKraken/3D_Graphic_Engine/lt24_fullHD_sdram_cache/Software/DemoMk3_bsp/\libhal_bsp.a(alt_main.o)
 *fill*         0x00000000000131bd        0x3 
 .rodata        0x00000000000131c0       0x67 C:/Users/vanno/OneDrive/Documents/GitKraken/3D_Graphic_Engine/lt24_fullHD_sdram_cache/Software/DemoMk3_bsp/\libhal_bsp.a(alt_sys_init.o)
 *(.rodata1)
                0x0000000000013228                . = ALIGN (0x4)
 *fill*         0x0000000000013227        0x1 
                0x0000000000013228                PROVIDE (__ram_rodata_end, ABSOLUTE (.))
                0x0000000000010870                PROVIDE (__flash_rodata_start, LOADADDR (.rodata))

.rwdata         0x0000000000013228     0x1b34 load address 0x0000000000014d5c
                0x0000000000013228                PROVIDE (__ram_rwdata_start, ABSOLUTE (.))
                0x0000000000013228                . = ALIGN (0x4)
 *(.got.plt)
 *(.got)
 *(.data1)
 *(.data .data.* .gnu.linkonce.d.*)
 .data          0x0000000000013228        0x0 C:/Users/vanno/OneDrive/Documents/GitKraken/3D_Graphic_Engine/lt24_fullHD_sdram_cache/Software/DemoMk3_bsp//obj/HAL/src/crt0.o
 .data          0x0000000000013228        0x0 obj/default/src/accelerometer.o
 .data          0x0000000000013228        0x0 obj/default/src/functions.o
 .data          0x0000000000013228        0x0 obj/default/src/graphic_object.o
 .data          0x0000000000013228        0x0 obj/default/src/main.o
 .data          0x0000000000013228        0x0 d:/intelfpga_lite/18.1/nios2eds/bin/gnu/h-x86_64-mingw32/bin/../lib/gcc/nios2-elf/5.3.0/../../../../../H-x86_64-mingw32/nios2-elf/lib\libm.a(lib_a-s_cos.o)
 .data          0x0000000000013228        0x0 d:/intelfpga_lite/18.1/nios2eds/bin/gnu/h-x86_64-mingw32/bin/../lib/gcc/nios2-elf/5.3.0/../../../../../H-x86_64-mingw32/nios2-elf/lib\libm.a(lib_a-s_sin.o)
 .data          0x0000000000013228        0x0 d:/intelfpga_lite/18.1/nios2eds/bin/gnu/h-x86_64-mingw32/bin/../lib/gcc/nios2-elf/5.3.0/../../../../../H-x86_64-mingw32/nios2-elf/lib\libm.a(lib_a-s_tan.o)
 .data          0x0000000000013228        0x0 d:/intelfpga_lite/18.1/nios2eds/bin/gnu/h-x86_64-mingw32/bin/../lib/gcc/nios2-elf/5.3.0/../../../../../H-x86_64-mingw32/nios2-elf/lib\libm.a(lib_a-e_rem_pio2.o)
 .data          0x0000000000013228        0x0 d:/intelfpga_lite/18.1/nios2eds/bin/gnu/h-x86_64-mingw32/bin/../lib/gcc/nios2-elf/5.3.0/../../../../../H-x86_64-mingw32/nios2-elf/lib\libm.a(lib_a-k_cos.o)
 .data          0x0000000000013228        0x0 d:/intelfpga_lite/18.1/nios2eds/bin/gnu/h-x86_64-mingw32/bin/../lib/gcc/nios2-elf/5.3.0/../../../../../H-x86_64-mingw32/nios2-elf/lib\libm.a(lib_a-k_rem_pio2.o)
 .data          0x0000000000013228        0x0 d:/intelfpga_lite/18.1/nios2eds/bin/gnu/h-x86_64-mingw32/bin/../lib/gcc/nios2-elf/5.3.0/../../../../../H-x86_64-mingw32/nios2-elf/lib\libm.a(lib_a-k_sin.o)
 .data          0x0000000000013228        0x0 d:/intelfpga_lite/18.1/nios2eds/bin/gnu/h-x86_64-mingw32/bin/../lib/gcc/nios2-elf/5.3.0/../../../../../H-x86_64-mingw32/nios2-elf/lib\libm.a(lib_a-k_tan.o)
 .data          0x0000000000013228        0x0 d:/intelfpga_lite/18.1/nios2eds/bin/gnu/h-x86_64-mingw32/bin/../lib/gcc/nios2-elf/5.3.0/../../../../../H-x86_64-mingw32/nios2-elf/lib\libm.a(lib_a-s_fabs.o)
 .data          0x0000000000013228        0x0 d:/intelfpga_lite/18.1/nios2eds/bin/gnu/h-x86_64-mingw32/bin/../lib/gcc/nios2-elf/5.3.0/../../../../../H-x86_64-mingw32/nios2-elf/lib\libm.a(lib_a-s_floor.o)
 .data          0x0000000000013228        0x0 d:/intelfpga_lite/18.1/nios2eds/bin/gnu/h-x86_64-mingw32/bin/../lib/gcc/nios2-elf/5.3.0/../../../../../H-x86_64-mingw32/nios2-elf/lib\libm.a(lib_a-s_scalbn.o)
 .data          0x0000000000013228        0x0 d:/intelfpga_lite/18.1/nios2eds/bin/gnu/h-x86_64-mingw32/bin/../lib/gcc/nios2-elf/5.3.0/../../../../../H-x86_64-mingw32/nios2-elf/lib\libm.a(lib_a-s_copysign.o)
 .data          0x0000000000013228        0x0 d:/intelfpga_lite/18.1/nios2eds/bin/gnu/h-x86_64-mingw32/bin/../lib/gcc/nios2-elf/5.3.0\libgcc.a(lib2-divmod.o)
 .data          0x0000000000013228        0x0 d:/intelfpga_lite/18.1/nios2eds/bin/gnu/h-x86_64-mingw32/bin/../lib/gcc/nios2-elf/5.3.0\libgcc.a(addsf3.o)
 .data          0x0000000000013228        0x0 d:/intelfpga_lite/18.1/nios2eds/bin/gnu/h-x86_64-mingw32/bin/../lib/gcc/nios2-elf/5.3.0\libgcc.a(divsf3.o)
 .data          0x0000000000013228        0x0 d:/intelfpga_lite/18.1/nios2eds/bin/gnu/h-x86_64-mingw32/bin/../lib/gcc/nios2-elf/5.3.0\libgcc.a(mulsf3.o)
 .data          0x0000000000013228        0x0 d:/intelfpga_lite/18.1/nios2eds/bin/gnu/h-x86_64-mingw32/bin/../lib/gcc/nios2-elf/5.3.0\libgcc.a(subsf3.o)
 .data          0x0000000000013228        0x0 d:/intelfpga_lite/18.1/nios2eds/bin/gnu/h-x86_64-mingw32/bin/../lib/gcc/nios2-elf/5.3.0\libgcc.a(fixsfsi.o)
 .data          0x0000000000013228        0x0 d:/intelfpga_lite/18.1/nios2eds/bin/gnu/h-x86_64-mingw32/bin/../lib/gcc/nios2-elf/5.3.0\libgcc.a(floatsisf.o)
 .data          0x0000000000013228        0x0 d:/intelfpga_lite/18.1/nios2eds/bin/gnu/h-x86_64-mingw32/bin/../lib/gcc/nios2-elf/5.3.0\libgcc.a(floatunsisf.o)
 .data          0x0000000000013228        0x0 d:/intelfpga_lite/18.1/nios2eds/bin/gnu/h-x86_64-mingw32/bin/../lib/gcc/nios2-elf/5.3.0\libgcc.a(adddf3.o)
 .data          0x0000000000013228        0x0 d:/intelfpga_lite/18.1/nios2eds/bin/gnu/h-x86_64-mingw32/bin/../lib/gcc/nios2-elf/5.3.0\libgcc.a(divdf3.o)
 .data          0x0000000000013228        0x0 d:/intelfpga_lite/18.1/nios2eds/bin/gnu/h-x86_64-mingw32/bin/../lib/gcc/nios2-elf/5.3.0\libgcc.a(eqdf2.o)
 .data          0x0000000000013228        0x0 d:/intelfpga_lite/18.1/nios2eds/bin/gnu/h-x86_64-mingw32/bin/../lib/gcc/nios2-elf/5.3.0\libgcc.a(gedf2.o)
 .data          0x0000000000013228        0x0 d:/intelfpga_lite/18.1/nios2eds/bin/gnu/h-x86_64-mingw32/bin/../lib/gcc/nios2-elf/5.3.0\libgcc.a(muldf3.o)
 .data          0x0000000000013228        0x0 d:/intelfpga_lite/18.1/nios2eds/bin/gnu/h-x86_64-mingw32/bin/../lib/gcc/nios2-elf/5.3.0\libgcc.a(subdf3.o)
 .data          0x0000000000013228        0x0 d:/intelfpga_lite/18.1/nios2eds/bin/gnu/h-x86_64-mingw32/bin/../lib/gcc/nios2-elf/5.3.0\libgcc.a(fixdfsi.o)
 .data          0x0000000000013228        0x0 d:/intelfpga_lite/18.1/nios2eds/bin/gnu/h-x86_64-mingw32/bin/../lib/gcc/nios2-elf/5.3.0\libgcc.a(floatsidf.o)
 .data          0x0000000000013228        0x0 d:/intelfpga_lite/18.1/nios2eds/bin/gnu/h-x86_64-mingw32/bin/../lib/gcc/nios2-elf/5.3.0\libgcc.a(extendsfdf2.o)
 .data          0x0000000000013228        0x0 d:/intelfpga_lite/18.1/nios2eds/bin/gnu/h-x86_64-mingw32/bin/../lib/gcc/nios2-elf/5.3.0\libgcc.a(truncdfsf2.o)
 .data          0x0000000000013228        0x0 d:/intelfpga_lite/18.1/nios2eds/bin/gnu/h-x86_64-mingw32/bin/../lib/gcc/nios2-elf/5.3.0\libgcc.a(_clzsi2.o)
 .data          0x0000000000013228        0x0 d:/intelfpga_lite/18.1/nios2eds/bin/gnu/h-x86_64-mingw32/bin/../lib/gcc/nios2-elf/5.3.0\libgcc.a(_clz.o)
 .data          0x0000000000013228        0x0 d:/intelfpga_lite/18.1/nios2eds/bin/gnu/h-x86_64-mingw32/bin/../lib/gcc/nios2-elf/5.3.0/../../../../../H-x86_64-mingw32/nios2-elf/lib\libc.a(lib_a-memcpy.o)
 .data          0x0000000000013228        0x0 d:/intelfpga_lite/18.1/nios2eds/bin/gnu/h-x86_64-mingw32/bin/../lib/gcc/nios2-elf/5.3.0/../../../../../H-x86_64-mingw32/nios2-elf/lib\libc.a(lib_a-memset.o)
 .data          0x0000000000013228        0x0 d:/intelfpga_lite/18.1/nios2eds/bin/gnu/h-x86_64-mingw32/bin/../lib/gcc/nios2-elf/5.3.0/../../../../../H-x86_64-mingw32/nios2-elf/lib\libc.a(lib_a-puts.o)
 .data          0x0000000000013228        0x0 d:/intelfpga_lite/18.1/nios2eds/bin/gnu/h-x86_64-mingw32/bin/../lib/gcc/nios2-elf/5.3.0/../../../../../H-x86_64-mingw32/nios2-elf/lib\libc.a(lib_a-strlen.o)
 .data          0x0000000000013228        0x0 d:/intelfpga_lite/18.1/nios2eds/bin/gnu/h-x86_64-mingw32/bin/../lib/gcc/nios2-elf/5.3.0/../../../../../H-x86_64-mingw32/nios2-elf/lib\libc.a(lib_a-findfp.o)
 .data          0x0000000000013228        0x0 d:/intelfpga_lite/18.1/nios2eds/bin/gnu/h-x86_64-mingw32/bin/../lib/gcc/nios2-elf/5.3.0/../../../../../H-x86_64-mingw32/nios2-elf/lib\libc.a(lib_a-fvwrite.o)
 .data          0x0000000000013228        0x0 d:/intelfpga_lite/18.1/nios2eds/bin/gnu/h-x86_64-mingw32/bin/../lib/gcc/nios2-elf/5.3.0/../../../../../H-x86_64-mingw32/nios2-elf/lib\libc.a(lib_a-fwalk.o)
 .data          0x0000000000013228        0x0 d:/intelfpga_lite/18.1/nios2eds/bin/gnu/h-x86_64-mingw32/bin/../lib/gcc/nios2-elf/5.3.0/../../../../../H-x86_64-mingw32/nios2-elf/lib\libc.a(lib_a-impure.o)
 .data.impure_data
                0x0000000000013228      0x424 d:/intelfpga_lite/18.1/nios2eds/bin/gnu/h-x86_64-mingw32/bin/../lib/gcc/nios2-elf/5.3.0/../../../../../H-x86_64-mingw32/nios2-elf/lib\libc.a(lib_a-impure.o)
 .data          0x000000000001364c        0x0 d:/intelfpga_lite/18.1/nios2eds/bin/gnu/h-x86_64-mingw32/bin/../lib/gcc/nios2-elf/5.3.0/../../../../../H-x86_64-mingw32/nios2-elf/lib\libc.a(lib_a-mallocr.o)
 .data.__malloc_av_
                0x000000000001364c      0x408 d:/intelfpga_lite/18.1/nios2eds/bin/gnu/h-x86_64-mingw32/bin/../lib/gcc/nios2-elf/5.3.0/../../../../../H-x86_64-mingw32/nios2-elf/lib\libc.a(lib_a-mallocr.o)
                0x000000000001364c                __malloc_av_
 .data          0x0000000000013a54        0x0 d:/intelfpga_lite/18.1/nios2eds/bin/gnu/h-x86_64-mingw32/bin/../lib/gcc/nios2-elf/5.3.0/../../../../../H-x86_64-mingw32/nios2-elf/lib\libc.a(lib_a-memchr.o)
 .data          0x0000000000013a54        0x0 d:/intelfpga_lite/18.1/nios2eds/bin/gnu/h-x86_64-mingw32/bin/../lib/gcc/nios2-elf/5.3.0/../../../../../H-x86_64-mingw32/nios2-elf/lib\libc.a(lib_a-memmove.o)
 .data          0x0000000000013a54        0x0 d:/intelfpga_lite/18.1/nios2eds/bin/gnu/h-x86_64-mingw32/bin/../lib/gcc/nios2-elf/5.3.0/../../../../../H-x86_64-mingw32/nios2-elf/lib\libc.a(lib_a-reallocr.o)
 .data          0x0000000000013a54        0x0 d:/intelfpga_lite/18.1/nios2eds/bin/gnu/h-x86_64-mingw32/bin/../lib/gcc/nios2-elf/5.3.0/../../../../../H-x86_64-mingw32/nios2-elf/lib\libc.a(lib_a-sbrkr.o)
 .data          0x0000000000013a54        0x0 d:/intelfpga_lite/18.1/nios2eds/bin/gnu/h-x86_64-mingw32/bin/../lib/gcc/nios2-elf/5.3.0/../../../../../H-x86_64-mingw32/nios2-elf/lib\libc.a(lib_a-stdio.o)
 .data          0x0000000000013a54        0x0 d:/intelfpga_lite/18.1/nios2eds/bin/gnu/h-x86_64-mingw32/bin/../lib/gcc/nios2-elf/5.3.0/../../../../../H-x86_64-mingw32/nios2-elf/lib\libc.a(lib_a-writer.o)
 .data          0x0000000000013a54        0x0 d:/intelfpga_lite/18.1/nios2eds/bin/gnu/h-x86_64-mingw32/bin/../lib/gcc/nios2-elf/5.3.0/../../../../../H-x86_64-mingw32/nios2-elf/lib\libc.a(lib_a-wsetup.o)
 .data          0x0000000000013a54        0x0 d:/intelfpga_lite/18.1/nios2eds/bin/gnu/h-x86_64-mingw32/bin/../lib/gcc/nios2-elf/5.3.0/../../../../../H-x86_64-mingw32/nios2-elf/lib\libc.a(closer.o)
 .data          0x0000000000013a54        0x0 d:/intelfpga_lite/18.1/nios2eds/bin/gnu/h-x86_64-mingw32/bin/../lib/gcc/nios2-elf/5.3.0/../../../../../H-x86_64-mingw32/nios2-elf/lib\libc.a(lib_a-fclose.o)
 .data          0x0000000000013a54        0x0 d:/intelfpga_lite/18.1/nios2eds/bin/gnu/h-x86_64-mingw32/bin/../lib/gcc/nios2-elf/5.3.0/../../../../../H-x86_64-mingw32/nios2-elf/lib\libc.a(lib_a-fflush.o)
 .data          0x0000000000013a54        0x0 d:/intelfpga_lite/18.1/nios2eds/bin/gnu/h-x86_64-mingw32/bin/../lib/gcc/nios2-elf/5.3.0/../../../../../H-x86_64-mingw32/nios2-elf/lib\libc.a(lib_a-freer.o)
 .data          0x0000000000013a54        0x0 d:/intelfpga_lite/18.1/nios2eds/bin/gnu/h-x86_64-mingw32/bin/../lib/gcc/nios2-elf/5.3.0/../../../../../H-x86_64-mingw32/nios2-elf/lib\libc.a(lib_a-int_errno.o)
 .data          0x0000000000013a54        0x0 d:/intelfpga_lite/18.1/nios2eds/bin/gnu/h-x86_64-mingw32/bin/../lib/gcc/nios2-elf/5.3.0/../../../../../H-x86_64-mingw32/nios2-elf/lib\libc.a(lib_a-lseekr.o)
 .data          0x0000000000013a54        0x0 d:/intelfpga_lite/18.1/nios2eds/bin/gnu/h-x86_64-mingw32/bin/../lib/gcc/nios2-elf/5.3.0/../../../../../H-x86_64-mingw32/nios2-elf/lib\libc.a(lib_a-makebuf.o)
 .data          0x0000000000013a54        0x0 d:/intelfpga_lite/18.1/nios2eds/bin/gnu/h-x86_64-mingw32/bin/../lib/gcc/nios2-elf/5.3.0/../../../../../H-x86_64-mingw32/nios2-elf/lib\libc.a(lib_a-readr.o)
 .data          0x0000000000013a54        0x0 d:/intelfpga_lite/18.1/nios2eds/bin/gnu/h-x86_64-mingw32/bin/../lib/gcc/nios2-elf/5.3.0/../../../../../H-x86_64-mingw32/nios2-elf/lib\libc.a(lib_a-fstatr.o)
 .data          0x0000000000013a54        0x0 d:/intelfpga_lite/18.1/nios2eds/bin/gnu/h-x86_64-mingw32/bin/../lib/gcc/nios2-elf/5.3.0/../../../../../H-x86_64-mingw32/nios2-elf/lib\libc.a(lib_a-isattyr.o)
 .data          0x0000000000013a54        0x0 C:/Users/vanno/OneDrive/Documents/GitKraken/3D_Graphic_Engine/lt24_fullHD_sdram_cache/Software/DemoMk3_bsp/\libhal_bsp.a(alt_close.o)
 .data          0x0000000000013a54      0x1a8 C:/Users/vanno/OneDrive/Documents/GitKraken/3D_Graphic_Engine/lt24_fullHD_sdram_cache/Software/DemoMk3_bsp/\libhal_bsp.a(alt_dev.o)
                0x0000000000013a54                alt_dev_null
                0x0000000000013a7c                alt_fd_list
 .data          0x0000000000013bfc        0x0 C:/Users/vanno/OneDrive/Documents/GitKraken/3D_Graphic_Engine/lt24_fullHD_sdram_cache/Software/DemoMk3_bsp/\libhal_bsp.a(alt_errno.o)
 .data          0x0000000000013bfc        0x0 C:/Users/vanno/OneDrive/Documents/GitKraken/3D_Graphic_Engine/lt24_fullHD_sdram_cache/Software/DemoMk3_bsp/\libhal_bsp.a(alt_fstat.o)
 .data          0x0000000000013bfc        0x0 C:/Users/vanno/OneDrive/Documents/GitKraken/3D_Graphic_Engine/lt24_fullHD_sdram_cache/Software/DemoMk3_bsp/\libhal_bsp.a(alt_isatty.o)
 .data          0x0000000000013bfc        0x0 C:/Users/vanno/OneDrive/Documents/GitKraken/3D_Graphic_Engine/lt24_fullHD_sdram_cache/Software/DemoMk3_bsp/\libhal_bsp.a(alt_load.o)
 .data          0x0000000000013bfc        0x0 C:/Users/vanno/OneDrive/Documents/GitKraken/3D_Graphic_Engine/lt24_fullHD_sdram_cache/Software/DemoMk3_bsp/\libhal_bsp.a(alt_lseek.o)
 .data          0x0000000000013bfc        0x0 C:/Users/vanno/OneDrive/Documents/GitKraken/3D_Graphic_Engine/lt24_fullHD_sdram_cache/Software/DemoMk3_bsp/\libhal_bsp.a(alt_main.o)
 .data          0x0000000000013bfc        0x0 C:/Users/vanno/OneDrive/Documents/GitKraken/3D_Graphic_Engine/lt24_fullHD_sdram_cache/Software/DemoMk3_bsp/\libhal_bsp.a(alt_malloc_lock.o)
 .data          0x0000000000013bfc        0x0 C:/Users/vanno/OneDrive/Documents/GitKraken/3D_Graphic_Engine/lt24_fullHD_sdram_cache/Software/DemoMk3_bsp/\libhal_bsp.a(alt_read.o)
 .data          0x0000000000013bfc        0x0 C:/Users/vanno/OneDrive/Documents/GitKraken/3D_Graphic_Engine/lt24_fullHD_sdram_cache/Software/DemoMk3_bsp/\libhal_bsp.a(alt_release_fd.o)
 .data          0x0000000000013bfc        0x0 C:/Users/vanno/OneDrive/Documents/GitKraken/3D_Graphic_Engine/lt24_fullHD_sdram_cache/Software/DemoMk3_bsp/\libhal_bsp.a(alt_sbrk.o)
 .data          0x0000000000013bfc        0x0 C:/Users/vanno/OneDrive/Documents/GitKraken/3D_Graphic_Engine/lt24_fullHD_sdram_cache/Software/DemoMk3_bsp/\libhal_bsp.a(alt_write.o)
 .data          0x0000000000013bfc     0x1124 C:/Users/vanno/OneDrive/Documents/GitKraken/3D_Graphic_Engine/lt24_fullHD_sdram_cache/Software/DemoMk3_bsp/\libhal_bsp.a(alt_sys_init.o)
 .data          0x0000000000014d20        0x0 C:/Users/vanno/OneDrive/Documents/GitKraken/3D_Graphic_Engine/lt24_fullHD_sdram_cache/Software/DemoMk3_bsp/\libhal_bsp.a(altera_avalon_jtag_uart_fd.o)
 .data          0x0000000000014d20        0x0 C:/Users/vanno/OneDrive/Documents/GitKraken/3D_Graphic_Engine/lt24_fullHD_sdram_cache/Software/DemoMk3_bsp/\libhal_bsp.a(altera_avalon_jtag_uart_init.o)
 .data          0x0000000000014d20        0x0 C:/Users/vanno/OneDrive/Documents/GitKraken/3D_Graphic_Engine/lt24_fullHD_sdram_cache/Software/DemoMk3_bsp/\libhal_bsp.a(altera_avalon_jtag_uart_ioctl.o)
 .data          0x0000000000014d20        0x0 C:/Users/vanno/OneDrive/Documents/GitKraken/3D_Graphic_Engine/lt24_fullHD_sdram_cache/Software/DemoMk3_bsp/\libhal_bsp.a(altera_avalon_jtag_uart_read.o)
 .data          0x0000000000014d20        0x0 C:/Users/vanno/OneDrive/Documents/GitKraken/3D_Graphic_Engine/lt24_fullHD_sdram_cache/Software/DemoMk3_bsp/\libhal_bsp.a(altera_avalon_jtag_uart_write.o)
 .data          0x0000000000014d20        0x0 C:/Users/vanno/OneDrive/Documents/GitKraken/3D_Graphic_Engine/lt24_fullHD_sdram_cache/Software/DemoMk3_bsp/\libhal_bsp.a(altera_avalon_timer_sc.o)
 .data          0x0000000000014d20        0x0 C:/Users/vanno/OneDrive/Documents/GitKraken/3D_Graphic_Engine/lt24_fullHD_sdram_cache/Software/DemoMk3_bsp/\libhal_bsp.a(altera_avalon_timer_ts.o)
 .data          0x0000000000014d20        0x0 C:/Users/vanno/OneDrive/Documents/GitKraken/3D_Graphic_Engine/lt24_fullHD_sdram_cache/Software/DemoMk3_bsp/\libhal_bsp.a(altera_avalon_timer_vars.o)
 .data          0x0000000000014d20        0x0 C:/Users/vanno/OneDrive/Documents/GitKraken/3D_Graphic_Engine/lt24_fullHD_sdram_cache/Software/DemoMk3_bsp/\libhal_bsp.a(altera_up_avalon_accelerometer_spi.o)
 .data          0x0000000000014d20        0x0 C:/Users/vanno/OneDrive/Documents/GitKraken/3D_Graphic_Engine/lt24_fullHD_sdram_cache/Software/DemoMk3_bsp/\libhal_bsp.a(altera_up_avalon_video_pixel_buffer_dma.o)
 .data          0x0000000000014d20        0x0 C:/Users/vanno/OneDrive/Documents/GitKraken/3D_Graphic_Engine/lt24_fullHD_sdram_cache/Software/DemoMk3_bsp/\libhal_bsp.a(alt_alarm_start.o)
 .data          0x0000000000014d20        0x0 C:/Users/vanno/OneDrive/Documents/GitKraken/3D_Graphic_Engine/lt24_fullHD_sdram_cache/Software/DemoMk3_bsp/\libhal_bsp.a(alt_dcache_flush_all.o)
 .data          0x0000000000014d20        0x0 C:/Users/vanno/OneDrive/Documents/GitKraken/3D_Graphic_Engine/lt24_fullHD_sdram_cache/Software/DemoMk3_bsp/\libhal_bsp.a(alt_dev_llist_insert.o)
 .data          0x0000000000014d20        0x0 C:/Users/vanno/OneDrive/Documents/GitKraken/3D_Graphic_Engine/lt24_fullHD_sdram_cache/Software/DemoMk3_bsp/\libhal_bsp.a(alt_do_ctors.o)
 .data          0x0000000000014d20        0x0 C:/Users/vanno/OneDrive/Documents/GitKraken/3D_Graphic_Engine/lt24_fullHD_sdram_cache/Software/DemoMk3_bsp/\libhal_bsp.a(alt_do_dtors.o)
 .data          0x0000000000014d20        0x0 C:/Users/vanno/OneDrive/Documents/GitKraken/3D_Graphic_Engine/lt24_fullHD_sdram_cache/Software/DemoMk3_bsp/\libhal_bsp.a(alt_find_dev.o)
 .data          0x0000000000014d20        0x0 C:/Users/vanno/OneDrive/Documents/GitKraken/3D_Graphic_Engine/lt24_fullHD_sdram_cache/Software/DemoMk3_bsp/\libhal_bsp.a(alt_icache_flush_all.o)
 .data          0x0000000000014d20        0x0 C:/Users/vanno/OneDrive/Documents/GitKraken/3D_Graphic_Engine/lt24_fullHD_sdram_cache/Software/DemoMk3_bsp/\libhal_bsp.a(alt_io_redirect.o)
 .data          0x0000000000014d20        0x0 C:/Users/vanno/OneDrive/Documents/GitKraken/3D_Graphic_Engine/lt24_fullHD_sdram_cache/Software/DemoMk3_bsp/\libhal_bsp.a(alt_irq_register.o)
 .data          0x0000000000014d20        0x0 C:/Users/vanno/OneDrive/Documents/GitKraken/3D_Graphic_Engine/lt24_fullHD_sdram_cache/Software/DemoMk3_bsp/\libhal_bsp.a(alt_irq_vars.o)
 .data          0x0000000000014d20        0x0 C:/Users/vanno/OneDrive/Documents/GitKraken/3D_Graphic_Engine/lt24_fullHD_sdram_cache/Software/DemoMk3_bsp/\libhal_bsp.a(alt_open.o)
 .data          0x0000000000014d20        0x0 C:/Users/vanno/OneDrive/Documents/GitKraken/3D_Graphic_Engine/lt24_fullHD_sdram_cache/Software/DemoMk3_bsp/\libhal_bsp.a(alt_tick.o)
 .data          0x0000000000014d20        0x0 C:/Users/vanno/OneDrive/Documents/GitKraken/3D_Graphic_Engine/lt24_fullHD_sdram_cache/Software/DemoMk3_bsp/\libhal_bsp.a(altera_nios2_gen2_irq.o)
 .data          0x0000000000014d20        0x0 C:/Users/vanno/OneDrive/Documents/GitKraken/3D_Graphic_Engine/lt24_fullHD_sdram_cache/Software/DemoMk3_bsp/\libhal_bsp.a(alt_find_file.o)
 .data          0x0000000000014d20        0x0 C:/Users/vanno/OneDrive/Documents/GitKraken/3D_Graphic_Engine/lt24_fullHD_sdram_cache/Software/DemoMk3_bsp/\libhal_bsp.a(alt_get_fd.o)
 .data          0x0000000000014d20        0x0 C:/Users/vanno/OneDrive/Documents/GitKraken/3D_Graphic_Engine/lt24_fullHD_sdram_cache/Software/DemoMk3_bsp/\libhal_bsp.a(alt_icache_flush.o)
 .data          0x0000000000014d20        0x0 C:/Users/vanno/OneDrive/Documents/GitKraken/3D_Graphic_Engine/lt24_fullHD_sdram_cache/Software/DemoMk3_bsp/\libhal_bsp.a(alt_irq_entry.o)
 .data          0x0000000000014d20        0x0 C:/Users/vanno/OneDrive/Documents/GitKraken/3D_Graphic_Engine/lt24_fullHD_sdram_cache/Software/DemoMk3_bsp/\libhal_bsp.a(alt_irq_handler.o)
 .data          0x0000000000014d20        0x0 C:/Users/vanno/OneDrive/Documents/GitKraken/3D_Graphic_Engine/lt24_fullHD_sdram_cache/Software/DemoMk3_bsp/\libhal_bsp.a(alt_exception_entry.o)
 .data          0x0000000000014d20        0x0 C:/Users/vanno/OneDrive/Documents/GitKraken/3D_Graphic_Engine/lt24_fullHD_sdram_cache/Software/DemoMk3_bsp/\libhal_bsp.a(alt_instruction_exception_entry.o)
 .data          0x0000000000014d20        0x0 d:/intelfpga_lite/18.1/nios2eds/bin/gnu/h-x86_64-mingw32/bin/../lib/gcc/nios2-elf/5.3.0/../../../../../H-x86_64-mingw32/nios2-elf/lib\libc.a(lib_a-atexit.o)
 .data          0x0000000000014d20        0x0 d:/intelfpga_lite/18.1/nios2eds/bin/gnu/h-x86_64-mingw32/bin/../lib/gcc/nios2-elf/5.3.0/../../../../../H-x86_64-mingw32/nios2-elf/lib\libc.a(lib_a-exit.o)
 .data          0x0000000000014d20        0x0 d:/intelfpga_lite/18.1/nios2eds/bin/gnu/h-x86_64-mingw32/bin/../lib/gcc/nios2-elf/5.3.0/../../../../../H-x86_64-mingw32/nios2-elf/lib\libc.a(lib_a-memcmp.o)
 .data          0x0000000000014d20        0x0 d:/intelfpga_lite/18.1/nios2eds/bin/gnu/h-x86_64-mingw32/bin/../lib/gcc/nios2-elf/5.3.0/../../../../../H-x86_64-mingw32/nios2-elf/lib\libc.a(lib_a-__atexit.o)
 .data          0x0000000000014d20        0x0 d:/intelfpga_lite/18.1/nios2eds/bin/gnu/h-x86_64-mingw32/bin/../lib/gcc/nios2-elf/5.3.0/../../../../../H-x86_64-mingw32/nios2-elf/lib\libc.a(lib_a-__call_atexit.o)
 .data          0x0000000000014d20        0x0 C:/Users/vanno/OneDrive/Documents/GitKraken/3D_Graphic_Engine/lt24_fullHD_sdram_cache/Software/DemoMk3_bsp/\libhal_bsp.a(alt_exit.o)
                0x000000000001cd20                _gp = ABSOLUTE ((. + 0x8000))
                [!provide]                        PROVIDE (gp, _gp)
 *(.rwdata .rwdata.*)
 *(.sdata .sdata.* .gnu.linkonce.s.*)
 .sdata         0x0000000000014d20        0x1 obj/default/src/accelerometer.o
 *fill*         0x0000000000014d21        0x3 
 .sdata._global_impure_ptr
                0x0000000000014d24        0x4 d:/intelfpga_lite/18.1/nios2eds/bin/gnu/h-x86_64-mingw32/bin/../lib/gcc/nios2-elf/5.3.0/../../../../../H-x86_64-mingw32/nios2-elf/lib\libc.a(lib_a-impure.o)
                0x0000000000014d24                _global_impure_ptr
 .sdata._impure_ptr
                0x0000000000014d28        0x4 d:/intelfpga_lite/18.1/nios2eds/bin/gnu/h-x86_64-mingw32/bin/../lib/gcc/nios2-elf/5.3.0/../../../../../H-x86_64-mingw32/nios2-elf/lib\libc.a(lib_a-impure.o)
                0x0000000000014d28                _impure_ptr
 .sdata.__malloc_sbrk_base
                0x0000000000014d2c        0x4 d:/intelfpga_lite/18.1/nios2eds/bin/gnu/h-x86_64-mingw32/bin/../lib/gcc/nios2-elf/5.3.0/../../../../../H-x86_64-mingw32/nios2-elf/lib\libc.a(lib_a-mallocr.o)
                0x0000000000014d2c                __malloc_sbrk_base
 .sdata.__malloc_trim_threshold
                0x0000000000014d30        0x4 d:/intelfpga_lite/18.1/nios2eds/bin/gnu/h-x86_64-mingw32/bin/../lib/gcc/nios2-elf/5.3.0/../../../../../H-x86_64-mingw32/nios2-elf/lib\libc.a(lib_a-mallocr.o)
                0x0000000000014d30                __malloc_trim_threshold
 .sdata         0x0000000000014d34       0x14 C:/Users/vanno/OneDrive/Documents/GitKraken/3D_Graphic_Engine/lt24_fullHD_sdram_cache/Software/DemoMk3_bsp/\libhal_bsp.a(alt_dev.o)
                0x0000000000014d34                alt_fs_list
                0x0000000000014d3c                alt_dev_list
                0x0000000000014d44                alt_max_fd
 .sdata         0x0000000000014d48        0x4 C:/Users/vanno/OneDrive/Documents/GitKraken/3D_Graphic_Engine/lt24_fullHD_sdram_cache/Software/DemoMk3_bsp/\libhal_bsp.a(alt_errno.o)
                0x0000000000014d48                alt_errno
 .sdata         0x0000000000014d4c        0x4 C:/Users/vanno/OneDrive/Documents/GitKraken/3D_Graphic_Engine/lt24_fullHD_sdram_cache/Software/DemoMk3_bsp/\libhal_bsp.a(alt_sbrk.o)
 .sdata         0x0000000000014d50        0x4 C:/Users/vanno/OneDrive/Documents/GitKraken/3D_Graphic_Engine/lt24_fullHD_sdram_cache/Software/DemoMk3_bsp/\libhal_bsp.a(alt_irq_vars.o)
                0x0000000000014d50                alt_priority_mask
 .sdata         0x0000000000014d54        0x8 C:/Users/vanno/OneDrive/Documents/GitKraken/3D_Graphic_Engine/lt24_fullHD_sdram_cache/Software/DemoMk3_bsp/\libhal_bsp.a(alt_tick.o)
                0x0000000000014d54                alt_alarm_list
 *(.sdata2 .sdata2.* .gnu.linkonce.s2.*)
                0x0000000000014d5c                . = ALIGN (0x4)
                0x0000000000014d5c                _edata = ABSOLUTE (.)
                [!provide]                        PROVIDE (edata, ABSOLUTE (.))
                0x0000000000014d5c                PROVIDE (__ram_rwdata_end, ABSOLUTE (.))
                0x0000000000014d5c                PROVIDE (__flash_rwdata_start, LOADADDR (.rwdata))

.bss            0x0000000000016890     0x5bac
                0x0000000000016890                __bss_start = ABSOLUTE (.)
                [!provide]                        PROVIDE (__sbss_start, ABSOLUTE (.))
                [!provide]                        PROVIDE (___sbss_start, ABSOLUTE (.))
 *(.dynsbss)
 *(.sbss .sbss.* .gnu.linkonce.sb.*)
 .sbss          0x0000000000016890       0x28 obj/default/src/accelerometer.o
                0x0000000000016890                accelerometer_dev
 .sbss          0x00000000000168b8        0x4 obj/default/src/main.o
                0x00000000000168b8                pixel_buf_dma_dev
 .sbss.__malloc_max_total_mem
                0x00000000000168bc        0x4 d:/intelfpga_lite/18.1/nios2eds/bin/gnu/h-x86_64-mingw32/bin/../lib/gcc/nios2-elf/5.3.0/../../../../../H-x86_64-mingw32/nios2-elf/lib\libc.a(lib_a-mallocr.o)
                0x00000000000168bc                __malloc_max_total_mem
 .sbss.__malloc_max_sbrked_mem
                0x00000000000168c0        0x4 d:/intelfpga_lite/18.1/nios2eds/bin/gnu/h-x86_64-mingw32/bin/../lib/gcc/nios2-elf/5.3.0/../../../../../H-x86_64-mingw32/nios2-elf/lib\libc.a(lib_a-mallocr.o)
                0x00000000000168c0                __malloc_max_sbrked_mem
 .sbss.__malloc_top_pad
                0x00000000000168c4        0x4 d:/intelfpga_lite/18.1/nios2eds/bin/gnu/h-x86_64-mingw32/bin/../lib/gcc/nios2-elf/5.3.0/../../../../../H-x86_64-mingw32/nios2-elf/lib\libc.a(lib_a-mallocr.o)
                0x00000000000168c4                __malloc_top_pad
 .sbss          0x00000000000168c8        0x4 d:/intelfpga_lite/18.1/nios2eds/bin/gnu/h-x86_64-mingw32/bin/../lib/gcc/nios2-elf/5.3.0/../../../../../H-x86_64-mingw32/nios2-elf/lib\libc.a(lib_a-int_errno.o)
                0x00000000000168c8                errno
 .sbss          0x00000000000168cc        0xc C:/Users/vanno/OneDrive/Documents/GitKraken/3D_Graphic_Engine/lt24_fullHD_sdram_cache/Software/DemoMk3_bsp/\libhal_bsp.a(alt_main.o)
                0x00000000000168cc                alt_argc
                0x00000000000168d0                alt_argv
                0x00000000000168d4                alt_envp
 .sbss          0x00000000000168d8        0x8 C:/Users/vanno/OneDrive/Documents/GitKraken/3D_Graphic_Engine/lt24_fullHD_sdram_cache/Software/DemoMk3_bsp/\libhal_bsp.a(altera_avalon_timer_vars.o)
                0x00000000000168d8                altera_avalon_timer_ts_base
                0x00000000000168dc                altera_avalon_timer_ts_freq
 .sbss          0x00000000000168e0        0x4 C:/Users/vanno/OneDrive/Documents/GitKraken/3D_Graphic_Engine/lt24_fullHD_sdram_cache/Software/DemoMk3_bsp/\libhal_bsp.a(alt_irq_vars.o)
                0x00000000000168e0                alt_irq_active
 .sbss          0x00000000000168e4        0x8 C:/Users/vanno/OneDrive/Documents/GitKraken/3D_Graphic_Engine/lt24_fullHD_sdram_cache/Software/DemoMk3_bsp/\libhal_bsp.a(alt_tick.o)
                0x00000000000168e4                _alt_tick_rate
                0x00000000000168e8                _alt_nticks
 .sbss          0x00000000000168ec        0x4 C:/Users/vanno/OneDrive/Documents/GitKraken/3D_Graphic_Engine/lt24_fullHD_sdram_cache/Software/DemoMk3_bsp/\libhal_bsp.a(alt_instruction_exception_entry.o)
                0x00000000000168ec                alt_instruction_exception_handler
 *(.sbss2 .sbss2.* .gnu.linkonce.sb2.*)
 *(.scommon)
                [!provide]                        PROVIDE (__sbss_end, ABSOLUTE (.))
                [!provide]                        PROVIDE (___sbss_end, ABSOLUTE (.))
 *(.dynbss)
 *(.bss .bss.* .gnu.linkonce.b.*)
 .bss           0x00000000000168f0        0x0 C:/Users/vanno/OneDrive/Documents/GitKraken/3D_Graphic_Engine/lt24_fullHD_sdram_cache/Software/DemoMk3_bsp//obj/HAL/src/crt0.o
 .bss           0x00000000000168f0        0x0 obj/default/src/accelerometer.o
 .bss           0x00000000000168f0        0x0 obj/default/src/functions.o
 .bss           0x00000000000168f0        0x0 obj/default/src/graphic_object.o
 .bss           0x00000000000168f0     0x5a24 obj/default/src/main.o
                0x00000000000168f0                Cube
 .bss           0x000000000001c314        0x0 d:/intelfpga_lite/18.1/nios2eds/bin/gnu/h-x86_64-mingw32/bin/../lib/gcc/nios2-elf/5.3.0/../../../../../H-x86_64-mingw32/nios2-elf/lib\libm.a(lib_a-s_cos.o)
 .bss           0x000000000001c314        0x0 d:/intelfpga_lite/18.1/nios2eds/bin/gnu/h-x86_64-mingw32/bin/../lib/gcc/nios2-elf/5.3.0/../../../../../H-x86_64-mingw32/nios2-elf/lib\libm.a(lib_a-s_sin.o)
 .bss           0x000000000001c314        0x0 d:/intelfpga_lite/18.1/nios2eds/bin/gnu/h-x86_64-mingw32/bin/../lib/gcc/nios2-elf/5.3.0/../../../../../H-x86_64-mingw32/nios2-elf/lib\libm.a(lib_a-s_tan.o)
 .bss           0x000000000001c314        0x0 d:/intelfpga_lite/18.1/nios2eds/bin/gnu/h-x86_64-mingw32/bin/../lib/gcc/nios2-elf/5.3.0/../../../../../H-x86_64-mingw32/nios2-elf/lib\libm.a(lib_a-e_rem_pio2.o)
 .bss           0x000000000001c314        0x0 d:/intelfpga_lite/18.1/nios2eds/bin/gnu/h-x86_64-mingw32/bin/../lib/gcc/nios2-elf/5.3.0/../../../../../H-x86_64-mingw32/nios2-elf/lib\libm.a(lib_a-k_cos.o)
 .bss           0x000000000001c314        0x0 d:/intelfpga_lite/18.1/nios2eds/bin/gnu/h-x86_64-mingw32/bin/../lib/gcc/nios2-elf/5.3.0/../../../../../H-x86_64-mingw32/nios2-elf/lib\libm.a(lib_a-k_rem_pio2.o)
 .bss           0x000000000001c314        0x0 d:/intelfpga_lite/18.1/nios2eds/bin/gnu/h-x86_64-mingw32/bin/../lib/gcc/nios2-elf/5.3.0/../../../../../H-x86_64-mingw32/nios2-elf/lib\libm.a(lib_a-k_sin.o)
 .bss           0x000000000001c314        0x0 d:/intelfpga_lite/18.1/nios2eds/bin/gnu/h-x86_64-mingw32/bin/../lib/gcc/nios2-elf/5.3.0/../../../../../H-x86_64-mingw32/nios2-elf/lib\libm.a(lib_a-k_tan.o)
 .bss           0x000000000001c314        0x0 d:/intelfpga_lite/18.1/nios2eds/bin/gnu/h-x86_64-mingw32/bin/../lib/gcc/nios2-elf/5.3.0/../../../../../H-x86_64-mingw32/nios2-elf/lib\libm.a(lib_a-s_fabs.o)
 .bss           0x000000000001c314        0x0 d:/intelfpga_lite/18.1/nios2eds/bin/gnu/h-x86_64-mingw32/bin/../lib/gcc/nios2-elf/5.3.0/../../../../../H-x86_64-mingw32/nios2-elf/lib\libm.a(lib_a-s_floor.o)
 .bss           0x000000000001c314        0x0 d:/intelfpga_lite/18.1/nios2eds/bin/gnu/h-x86_64-mingw32/bin/../lib/gcc/nios2-elf/5.3.0/../../../../../H-x86_64-mingw32/nios2-elf/lib\libm.a(lib_a-s_scalbn.o)
 .bss           0x000000000001c314        0x0 d:/intelfpga_lite/18.1/nios2eds/bin/gnu/h-x86_64-mingw32/bin/../lib/gcc/nios2-elf/5.3.0/../../../../../H-x86_64-mingw32/nios2-elf/lib\libm.a(lib_a-s_copysign.o)
 .bss           0x000000000001c314        0x0 d:/intelfpga_lite/18.1/nios2eds/bin/gnu/h-x86_64-mingw32/bin/../lib/gcc/nios2-elf/5.3.0\libgcc.a(lib2-divmod.o)
 .bss           0x000000000001c314        0x0 d:/intelfpga_lite/18.1/nios2eds/bin/gnu/h-x86_64-mingw32/bin/../lib/gcc/nios2-elf/5.3.0\libgcc.a(addsf3.o)
 .bss           0x000000000001c314        0x0 d:/intelfpga_lite/18.1/nios2eds/bin/gnu/h-x86_64-mingw32/bin/../lib/gcc/nios2-elf/5.3.0\libgcc.a(divsf3.o)
 .bss           0x000000000001c314        0x0 d:/intelfpga_lite/18.1/nios2eds/bin/gnu/h-x86_64-mingw32/bin/../lib/gcc/nios2-elf/5.3.0\libgcc.a(mulsf3.o)
 .bss           0x000000000001c314        0x0 d:/intelfpga_lite/18.1/nios2eds/bin/gnu/h-x86_64-mingw32/bin/../lib/gcc/nios2-elf/5.3.0\libgcc.a(subsf3.o)
 .bss           0x000000000001c314        0x0 d:/intelfpga_lite/18.1/nios2eds/bin/gnu/h-x86_64-mingw32/bin/../lib/gcc/nios2-elf/5.3.0\libgcc.a(fixsfsi.o)
 .bss           0x000000000001c314        0x0 d:/intelfpga_lite/18.1/nios2eds/bin/gnu/h-x86_64-mingw32/bin/../lib/gcc/nios2-elf/5.3.0\libgcc.a(floatsisf.o)
 .bss           0x000000000001c314        0x0 d:/intelfpga_lite/18.1/nios2eds/bin/gnu/h-x86_64-mingw32/bin/../lib/gcc/nios2-elf/5.3.0\libgcc.a(floatunsisf.o)
 .bss           0x000000000001c314        0x0 d:/intelfpga_lite/18.1/nios2eds/bin/gnu/h-x86_64-mingw32/bin/../lib/gcc/nios2-elf/5.3.0\libgcc.a(adddf3.o)
 .bss           0x000000000001c314        0x0 d:/intelfpga_lite/18.1/nios2eds/bin/gnu/h-x86_64-mingw32/bin/../lib/gcc/nios2-elf/5.3.0\libgcc.a(divdf3.o)
 .bss           0x000000000001c314        0x0 d:/intelfpga_lite/18.1/nios2eds/bin/gnu/h-x86_64-mingw32/bin/../lib/gcc/nios2-elf/5.3.0\libgcc.a(eqdf2.o)
 .bss           0x000000000001c314        0x0 d:/intelfpga_lite/18.1/nios2eds/bin/gnu/h-x86_64-mingw32/bin/../lib/gcc/nios2-elf/5.3.0\libgcc.a(gedf2.o)
 .bss           0x000000000001c314        0x0 d:/intelfpga_lite/18.1/nios2eds/bin/gnu/h-x86_64-mingw32/bin/../lib/gcc/nios2-elf/5.3.0\libgcc.a(muldf3.o)
 .bss           0x000000000001c314        0x0 d:/intelfpga_lite/18.1/nios2eds/bin/gnu/h-x86_64-mingw32/bin/../lib/gcc/nios2-elf/5.3.0\libgcc.a(subdf3.o)
 .bss           0x000000000001c314        0x0 d:/intelfpga_lite/18.1/nios2eds/bin/gnu/h-x86_64-mingw32/bin/../lib/gcc/nios2-elf/5.3.0\libgcc.a(fixdfsi.o)
 .bss           0x000000000001c314        0x0 d:/intelfpga_lite/18.1/nios2eds/bin/gnu/h-x86_64-mingw32/bin/../lib/gcc/nios2-elf/5.3.0\libgcc.a(floatsidf.o)
 .bss           0x000000000001c314        0x0 d:/intelfpga_lite/18.1/nios2eds/bin/gnu/h-x86_64-mingw32/bin/../lib/gcc/nios2-elf/5.3.0\libgcc.a(extendsfdf2.o)
 .bss           0x000000000001c314        0x0 d:/intelfpga_lite/18.1/nios2eds/bin/gnu/h-x86_64-mingw32/bin/../lib/gcc/nios2-elf/5.3.0\libgcc.a(truncdfsf2.o)
 .bss           0x000000000001c314        0x0 d:/intelfpga_lite/18.1/nios2eds/bin/gnu/h-x86_64-mingw32/bin/../lib/gcc/nios2-elf/5.3.0\libgcc.a(_clzsi2.o)
 .bss           0x000000000001c314        0x0 d:/intelfpga_lite/18.1/nios2eds/bin/gnu/h-x86_64-mingw32/bin/../lib/gcc/nios2-elf/5.3.0\libgcc.a(_clz.o)
 .bss           0x000000000001c314        0x0 d:/intelfpga_lite/18.1/nios2eds/bin/gnu/h-x86_64-mingw32/bin/../lib/gcc/nios2-elf/5.3.0/../../../../../H-x86_64-mingw32/nios2-elf/lib\libc.a(lib_a-memcpy.o)
 .bss           0x000000000001c314        0x0 d:/intelfpga_lite/18.1/nios2eds/bin/gnu/h-x86_64-mingw32/bin/../lib/gcc/nios2-elf/5.3.0/../../../../../H-x86_64-mingw32/nios2-elf/lib\libc.a(lib_a-memset.o)