Archive member included to satisfy reference by file (symbol)

p:/altera/16.0/nios2eds/bin/gnu/h-x86_64-mingw32/bin/../lib/gcc/nios2-elf/5.2.0/../../../../../H-x86_64-mingw32/nios2-elf/lib\libm.a(lib_a-w_sqrt.o)
                              obj/default/geometry.o (sqrt)
p:/altera/16.0/nios2eds/bin/gnu/h-x86_64-mingw32/bin/../lib/gcc/nios2-elf/5.2.0/../../../../../H-x86_64-mingw32/nios2-elf/lib\libm.a(lib_a-e_sqrt.o)
                              p:/altera/16.0/nios2eds/bin/gnu/h-x86_64-mingw32/bin/../lib/gcc/nios2-elf/5.2.0/../../../../../H-x86_64-mingw32/nios2-elf/lib\libm.a(lib_a-w_sqrt.o) (__ieee754_sqrt)
p:/altera/16.0/nios2eds/bin/gnu/h-x86_64-mingw32/bin/../lib/gcc/nios2-elf/5.2.0/../../../../../H-x86_64-mingw32/nios2-elf/lib\libm.a(lib_a-s_fpclassify.o)
                              p:/altera/16.0/nios2eds/bin/gnu/h-x86_64-mingw32/bin/../lib/gcc/nios2-elf/5.2.0/../../../../../H-x86_64-mingw32/nios2-elf/lib\libm.a(lib_a-w_sqrt.o) (__fpclassifyd)
p:/altera/16.0/nios2eds/bin/gnu/h-x86_64-mingw32/bin/../lib/gcc/nios2-elf/5.2.0/../../../../../H-x86_64-mingw32/nios2-elf/lib\libm.a(lib_a-s_lib_ver.o)
                              p:/altera/16.0/nios2eds/bin/gnu/h-x86_64-mingw32/bin/../lib/gcc/nios2-elf/5.2.0/../../../../../H-x86_64-mingw32/nios2-elf/lib\libm.a(lib_a-w_sqrt.o) (__fdlib_version)
p:/altera/16.0/nios2eds/bin/gnu/h-x86_64-mingw32/bin/../lib/gcc/nios2-elf/5.2.0/../../../../../H-x86_64-mingw32/nios2-elf/lib\libm.a(lib_a-s_matherr.o)
                              p:/altera/16.0/nios2eds/bin/gnu/h-x86_64-mingw32/bin/../lib/gcc/nios2-elf/5.2.0/../../../../../H-x86_64-mingw32/nios2-elf/lib\libm.a(lib_a-w_sqrt.o) (matherr)
p:/altera/16.0/nios2eds/bin/gnu/h-x86_64-mingw32/bin/../lib/gcc/nios2-elf/5.2.0\libgcc.a(lib2-divmod.o)
                              obj/default/graphic_lib/simple_text.o (__divsi3)
p:/altera/16.0/nios2eds/bin/gnu/h-x86_64-mingw32/bin/../lib/gcc/nios2-elf/5.2.0\libgcc.a(adddf3.o)
                              p:/altera/16.0/nios2eds/bin/gnu/h-x86_64-mingw32/bin/../lib/gcc/nios2-elf/5.2.0/../../../../../H-x86_64-mingw32/nios2-elf/lib\libm.a(lib_a-e_sqrt.o) (__adddf3)
p:/altera/16.0/nios2eds/bin/gnu/h-x86_64-mingw32/bin/../lib/gcc/nios2-elf/5.2.0\libgcc.a(divdf3.o)
                              p:/altera/16.0/nios2eds/bin/gnu/h-x86_64-mingw32/bin/../lib/gcc/nios2-elf/5.2.0/../../../../../H-x86_64-mingw32/nios2-elf/lib\libm.a(lib_a-w_sqrt.o) (__divdf3)
p:/altera/16.0/nios2eds/bin/gnu/h-x86_64-mingw32/bin/../lib/gcc/nios2-elf/5.2.0\libgcc.a(ledf2.o)
                              p:/altera/16.0/nios2eds/bin/gnu/h-x86_64-mingw32/bin/../lib/gcc/nios2-elf/5.2.0/../../../../../H-x86_64-mingw32/nios2-elf/lib\libm.a(lib_a-w_sqrt.o) (__ltdf2)
p:/altera/16.0/nios2eds/bin/gnu/h-x86_64-mingw32/bin/../lib/gcc/nios2-elf/5.2.0\libgcc.a(muldf3.o)
                              p:/altera/16.0/nios2eds/bin/gnu/h-x86_64-mingw32/bin/../lib/gcc/nios2-elf/5.2.0/../../../../../H-x86_64-mingw32/nios2-elf/lib\libm.a(lib_a-e_sqrt.o) (__muldf3)
p:/altera/16.0/nios2eds/bin/gnu/h-x86_64-mingw32/bin/../lib/gcc/nios2-elf/5.2.0\libgcc.a(subdf3.o)
                              p:/altera/16.0/nios2eds/bin/gnu/h-x86_64-mingw32/bin/../lib/gcc/nios2-elf/5.2.0/../../../../../H-x86_64-mingw32/nios2-elf/lib\libm.a(lib_a-e_sqrt.o) (__subdf3)
p:/altera/16.0/nios2eds/bin/gnu/h-x86_64-mingw32/bin/../lib/gcc/nios2-elf/5.2.0\libgcc.a(fixdfsi.o)
                              obj/default/geometry.o (__fixdfsi)
p:/altera/16.0/nios2eds/bin/gnu/h-x86_64-mingw32/bin/../lib/gcc/nios2-elf/5.2.0\libgcc.a(floatsidf.o)
                              obj/default/geometry.o (__floatsidf)
p:/altera/16.0/nios2eds/bin/gnu/h-x86_64-mingw32/bin/../lib/gcc/nios2-elf/5.2.0\libgcc.a(_clzsi2.o)
                              p:/altera/16.0/nios2eds/bin/gnu/h-x86_64-mingw32/bin/../lib/gcc/nios2-elf/5.2.0\libgcc.a(adddf3.o) (__clzsi2)
p:/altera/16.0/nios2eds/bin/gnu/h-x86_64-mingw32/bin/../lib/gcc/nios2-elf/5.2.0\libgcc.a(_clz.o)
                              p:/altera/16.0/nios2eds/bin/gnu/h-x86_64-mingw32/bin/../lib/gcc/nios2-elf/5.2.0\libgcc.a(_clzsi2.o) (__clz_tab)
p:/altera/16.0/nios2eds/bin/gnu/h-x86_64-mingw32/bin/../lib/gcc/nios2-elf/5.2.0/../../../../../H-x86_64-mingw32/nios2-elf/lib\libc.a(lib_a-errno.o)
                              p:/altera/16.0/nios2eds/bin/gnu/h-x86_64-mingw32/bin/../lib/gcc/nios2-elf/5.2.0/../../../../../H-x86_64-mingw32/nios2-elf/lib\libm.a(lib_a-w_sqrt.o) (__errno)
p:/altera/16.0/nios2eds/bin/gnu/h-x86_64-mingw32/bin/../lib/gcc/nios2-elf/5.2.0/../../../../../H-x86_64-mingw32/nios2-elf/lib\libc.a(lib_a-impure.o)
                              p:/altera/16.0/nios2eds/bin/gnu/h-x86_64-mingw32/bin/../lib/gcc/nios2-elf/5.2.0/../../../../../H-x86_64-mingw32/nios2-elf/lib\libc.a(lib_a-errno.o) (_impure_ptr)
p:/altera/16.0/nios2eds/bin/gnu/h-x86_64-mingw32/bin/../lib/gcc/nios2-elf/5.2.0/../../../../../H-x86_64-mingw32/nios2-elf/lib\libc.a(lib_a-malloc.o)
[...]
Memory Configuration

Name             Origin             Length             Attributes
sdram_BEFORE_EXCEPTION 0x0000000004000000 0x0000000000400000
sdram            0x0000000004400000 0x0000000003c00000
reset            0x0000000009004000 0x0000000000000020
onchip_memory    0x0000000009004020 0x0000000000002fe0
*default*        0x0000000000000000 0xffffffffffffffff

Linker script and memory map

LOAD ../LT24_Painter_bsp//obj/HAL/src/crt0.o
LOAD obj/default/fonts/tahomabold_20.o
LOAD obj/default/fonts/tahomabold_32.o
LOAD obj/default/geometry.o
LOAD obj/default/graphic_lib/ILI9341.o
LOAD obj/default/graphic_lib/simple_graphics.o
LOAD obj/default/graphic_lib/simple_text.o
LOAD obj/default/gui.o
LOAD obj/default/gui_vpg.o
LOAD obj/default/main.o
LOAD obj/default/terasic_lib/I2C.o
LOAD obj/default/terasic_lib/SEG7.o
LOAD obj/default/terasic_lib/debug.o
LOAD obj/default/terasic_lib/queue.o
LOAD obj/default/terasic_lib/touch_spi.o
LOAD p:/altera/16.0/nios2eds/bin/gnu/h-x86_64-mingw32/bin/../lib/gcc/nios2-elf/5.2.0/../../../../../H-x86_64-mingw32/nios2-elf/lib\libstdc++.a
LOAD p:/altera/16.0/nios2eds/bin/gnu/h-x86_64-mingw32/bin/../lib/gcc/nios2-elf/5.2.0/../../../../../H-x86_64-mingw32/nios2-elf/lib\libm.a
LOAD p:/altera/16.0/nios2eds/bin/gnu/h-x86_64-mingw32/bin/../lib/gcc/nios2-elf/5.2.0\libgcc.a
START GROUP
LOAD p:/altera/16.0/nios2eds/bin/gnu/h-x86_64-mingw32/bin/../lib/gcc/nios2-elf/5.2.0/../../../../../H-x86_64-mingw32/nios2-elf/lib\libc.a
LOAD p:/altera/16.0/nios2eds/bin/gnu/h-x86_64-mingw32/bin/../lib/gcc/nios2-elf/5.2.0\libgcc.a
LOAD ../LT24_Painter_bsp/\libhal_bsp.a
LOAD p:/altera/16.0/nios2eds/bin/gnu/h-x86_64-mingw32/bin/../lib/gcc/nios2-elf/5.2.0/../../../../../H-x86_64-mingw32/nios2-elf/lib\libm.a
END GROUP
LOAD p:/altera/16.0/nios2eds/bin/gnu/h-x86_64-mingw32/bin/../lib/gcc/nios2-elf/5.2.0\libgcc.a
                0x0000000004000000                __alt_mem_sdram = 0x4000000
                0x0000000009004000                __alt_mem_onchip_memory = 0x9004000

.entry          0x0000000009004000       0x20
 *(.entry)
 .entry         0x0000000009004000       0x20 ../LT24_Painter_bsp//obj/HAL/src/crt0.o
                0x0000000009004000                __reset

.exceptions     0x0000000004400000      0x224
                0x0000000004400000                PROVIDE (__ram_exceptions_start, ABSOLUTE (.))
                0x0000000004400000                . = ALIGN (0x20)
 *(.irq)
 *(.exceptions.entry.label)
 .exceptions.entry.label
                0x0000000004400000        0x0 ../LT24_Painter_bsp/\libhal_bsp.a(alt_irq_entry.o)
                0x0000000004400000                alt_irq_entry
 .exceptions.entry.label
                0x0000000004400000        0x0 ../LT24_Painter_bsp/\libhal_bsp.a(alt_exception_entry.o)
                0x0000000004400000                alt_exception
 *(.exceptions.entry.user)
 *(.exceptions.entry.ecc_fatal)
 *(.exceptions.entry)
 .exceptions.entry
                0x0000000004400000       0x54 ../LT24_Painter_bsp/\libhal_bsp.a(alt_exception_entry.o)
 *(.exceptions.irqtest.user)
 *(.exceptions.irqtest)
 .exceptions.irqtest
                0x0000000004400054       0x10 ../LT24_Painter_bsp/\libhal_bsp.a(alt_irq_entry.o)
 *(.exceptions.irqhandler.user)
 *(.exceptions.irqhandler)
 .exceptions.irqhandler
                0x0000000004400064        0x4 ../LT24_Painter_bsp/\libhal_bsp.a(alt_irq_entry.o)
 *(.exceptions.irqreturn.user)
 *(.exceptions.irqreturn)
 .exceptions.irqreturn
                0x0000000004400068        0x4 ../LT24_Painter_bsp/\libhal_bsp.a(alt_irq_entry.o)
 *(.exceptions.notirq.label)
 .exceptions.notirq.label
                0x000000000440006c        0x0 ../LT24_Painter_bsp/\libhal_bsp.a(alt_irq_entry.o)
 *(.exceptions.notirq.user)
 *(.exceptions.notirq)
 .exceptions.notirq
                0x000000000440006c        0x8 ../LT24_Painter_bsp/\libhal_bsp.a(alt_exception_entry.o)
 *(.exceptions.soft.user)
 *(.exceptions.soft)
 *(.exceptions.unknown.user)
 *(.exceptions.unknown)
 .exceptions.unknown
                0x0000000004400074       0x14 ../LT24_Painter_bsp/\libhal_bsp.a(alt_exception_entry.o)
 *(.exceptions.exit.label)
 .exceptions.exit.label
                0x0000000004400088        0x0 ../LT24_Painter_bsp/\libhal_bsp.a(alt_irq_entry.o)
 .exceptions.exit.label
                0x0000000004400088        0x0 ../LT24_Painter_bsp/\libhal_bsp.a(alt_exception_entry.o)
 *(.exceptions.exit.user)
 *(.exceptions.exit)
 .exceptions.exit
                0x0000000004400088       0x54 ../LT24_Painter_bsp/\libhal_bsp.a(alt_exception_entry.o)
 *(.exceptions)
 .exceptions    0x00000000044000dc       0xd4 ../LT24_Painter_bsp/\libhal_bsp.a(alt_irq_handler.o)
                0x00000000044000dc                alt_irq_handler
 .exceptions    0x00000000044001b0       0x74 ../LT24_Painter_bsp/\libhal_bsp.a(alt_instruction_exception_entry.o)
                0x00000000044001b0                alt_instruction_exception_entry
                0x0000000004400224                PROVIDE (__ram_exceptions_end, ABSOLUTE (.))
                0x0000000004400000                PROVIDE (__flash_exceptions_start, LOADADDR (.exceptions))

.text           0x0000000004400224    0x1a92c
                [!provide]                        PROVIDE (stext, ABSOLUTE (.))
 *(.interp)
 *(.hash)
 *(.dynsym)
 *(.dynstr)
 *(.gnu.version)
 *(.gnu.version_d)
 *(.gnu.version_r)
 *(.rel.init)
 *(.rela.init)
 *(.rel.text .rel.text.* .rel.gnu.linkonce.t.*)
 *(.rela.text .rela.text.* .rela.gnu.linkonce.t.*)
 *(.rel.fini)
 *(.rela.fini)
 *(.rel.rodata .rel.rodata.* .rel.gnu.linkonce.r.*)
 *(.rela.rodata .rela.rodata.* .rela.gnu.linkonce.r.*)
 *(.rel.data .rel.data.* .rel.gnu.linkonce.d.*)
 *(.rela.data .rela.data.* .rela.gnu.linkonce.d.*)
 *(.rel.tdata .rel.tdata.* .rel.gnu.linkonce.td.*)
 *(.rela.tdata .rela.tdata.* .rela.gnu.linkonce.td.*)
 *(.rel.tbss .rel.tbss.* .rel.gnu.linkonce.tb.*)
 *(.rela.tbss .rela.tbss.* .rela.gnu.linkonce.tb.*)
 *(.rel.ctors)
 *(.rela.ctors)
 *(.rel.dtors)
 *(.rela.dtors)
 *(.rel.got)
 *(.rela.got)
 *(.rel.sdata .rel.sdata.* .rel.gnu.linkonce.s.*)
 *(.rela.sdata .rela.sdata.* .rela.gnu.linkonce.s.*)
 *(.rel.sbss .rel.sbss.* .rel.gnu.linkonce.sb.*)
 *(.rela.sbss .rela.sbss.* .rela.gnu.linkonce.sb.*)
 *(.rel.sdata2 .rel.sdata2.* .rel.gnu.linkonce.s2.*)
 *(.rela.sdata2 .rela.sdata2.* .rela.gnu.linkonce.s2.*)
 *(.rel.sbss2 .rel.sbss2.* .rel.gnu.linkonce.sb2.*)
 *(.rela.sbss2 .rela.sbss2.* .rela.gnu.linkonce.sb2.*)
 *(.rel.bss .rel.bss.* .rel.gnu.linkonce.b.*)
 *(.rela.bss .rela.bss.* .rela.gnu.linkonce.b.*)
 *(.rel.plt)
 *(.rela.plt)
 *(.rel.dyn)
 *(.init)
 *(.plt)
 *(.text .stub .text.* .gnu.linkonce.t.*)
 .text          0x0000000004400224       0x4c ../LT24_Painter_bsp//obj/HAL/src/crt0.o
                0x0000000004400224                _start
 .text          0x0000000004400270        0x0 obj/default/fonts/tahomabold_20.o
 .text          0x0000000004400270        0x0 obj/default/fonts/tahomabold_32.o
 .text          0x0000000004400270      0x40c obj/default/geometry.o
                0x0000000004400270                IsPtInRect
                0x00000000044002f4                PtSet
                0x0000000004400338                RectSet
                0x0000000004400398                RectInflate
                0x0000000004400424                RectOffset
                0x00000000044004b0                RectCopy
                0x0000000004400518                RectWidth
                0x000000000440054c                RectHeight
                0x0000000004400580                PtDistance
                0x0000000004400634                PtCopy
 .text          0x000000000440067c      0xa8c obj/default/graphic_lib/ILI9341.o
                0x000000000440067c                Delay_Ms
                0x00000000044006cc                LCD_SetCursor
                0x0000000004400784                LCD_Clear
                0x0000000004400808                LCD_DrawPoint
                0x0000000004400878                LCD_Init
                0x0000000004400ee8                LCD_Pattern_Horizon
                0x0000000004401024                LCD_Pattern_Vertical
 .text          0x0000000004401108     0x2704 obj/default/graphic_lib/simple_graphics.o
                0x0000000004401108                vid_clean_screen
                0x000000000440116c                vid_draw_line
                0x0000000004401238                vid_scroll_string_quit
                0x000000000440127c                vid_scroll_string_init
                0x00000000044013d0                vid_scroll_string
                0x0000000004401748                vid_move_block
                0x0000000004401864                vid_print_string
                0x000000000440196c                vid_draw_box
                0x0000000004401ac4                vid_print_char
                0x0000000004401bb4                vid_set_pixel
                0x0000000004401c58                vid_get_pixel
                0x0000000004401c98                vid_paint_block
                0x0000000004401d30                vid_draw_horiz_line
                0x0000000004401dac                vid_merge_colors
                0x0000000004401df8                vid_color_convert24_16
                0x0000000004401e98                vid_color_convert16_24
                0x0000000004401f04                vid_copy_line_to_frame_buffer
                0x0000000004401f48                vid_draw_sloped_line
                0x00000000044021bc                vid_draw_circle
                0x00000000044022f8                vid_draw_round_corner_box
                0x00000000044026a8                vid_round_corner_points
                0x0000000004402de4                max3
                0x0000000004402e38                min3
                0x0000000004402e8c                max_diff3
                0x0000000004402ef0                vid_put_pixel_in_span_map
                0x0000000004402ff4                vid_bres_scan_edges
                0x0000000004403238                vid_draw_triangle
                0x00000000044035ec                CopyImage16
                0x00000000044036d8                CropImage16
 .text          0x000000000440380c      0xa4c obj/default/graphic_lib/simple_text.o
                0x000000000440380c                vid_print_string_alpha
                0x0000000004403a70                seperate_color_channels
                0x0000000004403bb8                merge_color_channels
                0x0000000004403ce8                read_from_frame
                0x0000000004403d2c                alpha_blending
                0x0000000004403f88                vid_print_char_alpha
                0x0000000004404170                vid_string_pixel_length_alpha
 .text          0x0000000004404258      0x988 obj/default/gui.o
                0x0000000004404258                GUI_ShowWelcome
                0x000000000440432c                GUI_DeskInit
                0x0000000004404508                GUI_CheckButton
                0x0000000004404598                GUI_DeskDraw
                0x00000000044047d4                IsContinuedPoint
                0x0000000004404868                GUI_ClearPaintArea
                0x00000000044048f4                GUI
                0x0000000004404b1c                GUI_ShowInfo
                0x0000000004404b84                GUI_ShowTouchPoint
 .text          0x0000000004404be0      0x7e8 obj/default/gui_vpg.o
                0x0000000004404be0                ShowInfo
                0x0000000004404c44                VPG_XLine
                0x0000000004404c68                VPG_ColorPanel
                0x0000000004404d1c                VPG_Grid
                0x0000000004404e1c                VPG_VGrid
                0x0000000004404f04                VPG_HGrid
                0x0000000004404fec                VPG_ColorBar
                0x00000000044051a0                GUI_ShowPAT
                0x0000000004405320                GUI_VPG
 .text          0x00000000044053c8      0x128 obj/default/main.o
                0x00000000044053c8                main
 .text          0x00000000044054f0     0x1168 obj/default/terasic_lib/I2C.o
                0x00000000044054f0                my_wait
                0x0000000004405534                I2C_Write
                0x0000000004405630                I2C_Write16
                0x0000000004405770                I2C_Read
                0x0000000004405894                I2C_Read16
                0x0000000004405a0c                I2C_MultipleRead
                0x0000000004405b88                i2c_start
                0x0000000004405c14                i2c_stop
                0x0000000004405c8c                i2c_write
                0x0000000004405df0                i2c_read
                0x0000000004405f48                I2CL_Write
                0x0000000004406088                I2CL_Read
                0x00000000044061f0                I2CL_MultipleRead
                0x00000000044063b0                I2CL_MultipleWrite
                0x000000000440652c                I2CL_Read16
                0x00000000044065cc                I2CL_Write16
 .text          0x0000000004406658      0x448 obj/default/terasic_lib/SEG7.o
                0x0000000004406658                SEG7_Clear
                0x00000000044066bc                SEG7_Full
                0x0000000004406720                SEG7_Number
                0x0000000004406798                SEG7_All_Number
                0x0000000004406844                SEG7_Seg
                0x00000000044068dc                SEG7_Hex
                0x00000000044069b0                SEG7_Decimal
 .text          0x0000000004406aa0      0x1b8 obj/default/terasic_lib/debug.o
                0x0000000004406aa0                debug_output
                0x0000000004406ad4                myprintf
                0x0000000004406b40                myprintf_hexarray
                0x0000000004406bc8                myprintf_dwordarray
 .text          0x0000000004406c58      0x2a0 obj/default/terasic_lib/queue.o
                0x0000000004406c58                QUEUE_New
                0x0000000004406cc8                QUEUE_Delete
                0x0000000004406cfc                QUEUE_IsEmpty
                0x0000000004406d3c                QUEUE_IsFull
                0x0000000004406da0                QUEUE_Push
                0x0000000004406e34                QUEUE_Pop
                0x0000000004406ec4                QUEUE_Empty
 .text          0x0000000004406ef8      0xa78 obj/default/terasic_lib/touch_spi.o
                0x0000000004406ef8                Touch_Init
                0x000000000440706c                Touch_UnInit
                0x00000000044070d8                Touch_EmptyFifo
                0x0000000004407114                Touch_GetXY
                0x000000000440725c                touch_isr
                0x00000000044072d8                touch_empty_fifo
                0x000000000440730c                touch_is_pen_pressed
                0x000000000440734c                touch_enable_penirq
                0x00000000044074b4                touch_clear_input
                0x00000000044074e8                touch_get_xy
                0x000000000440781c                touch_alarm_callback
                0x0000000004407894                touch_xy_transform
 .text          0x0000000004407970        0x0 p:/altera/16.0/nios2eds/bin/gnu/h-x86_64-mingw32/bin/../lib/gcc/nios2-elf/5.2.0/../../../../../H-x86_64-mingw32/nios2-elf/lib\libm.a(lib_a-w_sqrt.o)
 .text.sqrt     0x0000000004407970      0x130 p:/altera/16.0/nios2eds/bin/gnu/h-x86_64-mingw32/bin/../lib/gcc/nios2-elf/5.2.0/../../../../../H-x86_64-mingw32/nios2-elf/lib\libm.a(lib_a-w_sqrt.o)
                0x0000000004407970                sqrt
 .text          0x0000000004407aa0        0x0 p:/altera/16.0/nios2eds/bin/gnu/h-x86_64-mingw32/bin/../lib/gcc/nios2-elf/5.2.0/../../../../../H-x86_64-mingw32/nios2-elf/lib\libm.a(lib_a-e_sqrt.o)
 .text.__ieee754_sqrt
                0x0000000004407aa0      0x28c p:/altera/16.0/nios2eds/bin/gnu/h-x86_64-mingw32/bin/../lib/gcc/nios2-elf/5.2.0/../../../../../H-x86_64-mingw32/nios2-elf/lib\libm.a(lib_a-e_sqrt.o)
                0x0000000004407aa0                __ieee754_sqrt
 .text          0x0000000004407d2c        0x0 p:/altera/16.0/nios2eds/bin/gnu/h-x86_64-mingw32/bin/../lib/gcc/nios2-elf/5.2.0/../../../../../H-x86_64-mingw32/nios2-elf/lib\libm.a(lib_a-s_fpclassify.o)
 .text.__fpclassifyd
                0x0000000004407d2c       0x74 p:/altera/16.0/nios2eds/bin/gnu/h-x86_64-mingw32/bin/../lib/gcc/nios2-elf/5.2.0/../../../../../H-x86_64-mingw32/nios2-elf/lib\libm.a(lib_a-s_fpclassify.o)
                0x0000000004407d2c                __fpclassifyd
 .text          0x0000000004407da0        0x0 p:/altera/16.0/nios2eds/bin/gnu/h-x86_64-mingw32/bin/../lib/gcc/nios2-elf/5.2.0/../../../../../H-x86_64-mingw32/nios2-elf/lib\libm.a(lib_a-s_lib_ver.o)
 .text          0x0000000004407da0        0x0 p:/altera/16.0/nios2eds/bin/gnu/h-x86_64-mingw32/bin/../lib/gcc/nios2-elf/5.2.0/../../../../../H-x86_64-mingw32/nios2-elf/lib\libm.a(lib_a-s_matherr.o)
 .text.matherr  0x0000000004407da0        0x8 p:/altera/16.0/nios2eds/bin/gnu/h-x86_64-mingw32/bin/../lib/gcc/nios2-elf/5.2.0/../../../../../H-x86_64-mingw32/nios2-elf/lib\libm.a(lib_a-s_matherr.o)
                0x0000000004407da0                matherr
 .text          0x0000000004407da8      0x1b4 p:/altera/16.0/nios2eds/bin/gnu/h-x86_64-mingw32/bin/../lib/gcc/nios2-elf/5.2.0\libgcc.a(lib2-divmod.o)
                0x0000000004407da8                __divsi3
                0x0000000004407e2c                __modsi3
                0x0000000004407ea0                __udivsi3
                0x0000000004407f04                __umodsi3
 .text          0x0000000004407f5c      0x8ac p:/altera/16.0/nios2eds/bin/gnu/h-x86_64-mingw32/bin/../lib/gcc/nios2-elf/5.2.0\libgcc.a(adddf3.o)
                0x0000000004407f5c                __adddf3
 .text          0x0000000004408808      0x8e8 p:/altera/16.0/nios2eds/bin/gnu/h-x86_64-mingw32/bin/../lib/gcc/nios2-elf/5.2.0\libgcc.a(divdf3.o)
                0x0000000004408808                __divdf3
 .text          0x00000000044090f0       0xf4 p:/altera/16.0/nios2eds/bin/gnu/h-x86_64-mingw32/bin/../lib/gcc/nios2-elf/5.2.0\libgcc.a(ledf2.o)
                0x00000000044090f0                __ledf2
                0x00000000044090f0                __ltdf2
 .text          0x00000000044091e4      0x718 p:/altera/16.0/nios2eds/bin/gnu/h-x86_64-mingw32/bin/../lib/gcc/nios2-elf/5.2.0\libgcc.a(muldf3.o)
                0x00000000044091e4                __muldf3
 .text          0x00000000044098fc      0x8fc p:/altera/16.0/nios2eds/bin/gnu/h-x86_64-mingw32/bin/../lib/gcc/nios2-elf/5.2.0\libgcc.a(subdf3.o)
                0x00000000044098fc                __subdf3
 .text          0x000000000440a1f8       0x80 p:/altera/16.0/nios2eds/bin/gnu/h-x86_64-mingw32/bin/../lib/gcc/nios2-elf/5.2.0\libgcc.a(fixdfsi.o)
                0x000000000440a1f8                __fixdfsi
 .text          0x000000000440a278       0xdc p:/altera/16.0/nios2eds/bin/gnu/h-x86_64-mingw32/bin/../lib/gcc/nios2-elf/5.2.0\libgcc.a(floatsidf.o)
                0x000000000440a278                __floatsidf
 .text          0x000000000440a354       0x64 p:/altera/16.0/nios2eds/bin/gnu/h-x86_64-mingw32/bin/../lib/gcc/nios2-elf/5.2.0\libgcc.a(_clzsi2.o)
                0x000000000440a354                __clzsi2
 .text          0x000000000440a3b8        0x0 p:/altera/16.0/nios2eds/bin/gnu/h-x86_64-mingw32/bin/../lib/gcc/nios2-elf/5.2.0\libgcc.a(_clz.o)
 .text          0x000000000440a3b8        0x0 p:/altera/16.0/nios2eds/bin/gnu/h-x86_64-mingw32/bin/../lib/gcc/nios2-elf/5.2.0/../../../../../H-x86_64-mingw32/nios2-elf/lib\libc.a(lib_a-errno.o)
 .text.__errno  0x000000000440a3b8       0x10 p:/altera/16.0/nios2eds/bin/gnu/h-x86_64-mingw32/bin/../lib/gcc/nios2-elf/5.2.0/../../../../../H-x86_64-mingw32/nios2-elf/lib\libc.a(lib_a-errno.o)
                0x000000000440a3b8                __errno
 .text          0x000000000440a3c8        0x0 p:/altera/16.0/nios2eds/bin/gnu/h-x86_64-mingw32/bin/../lib/gcc/nios2-elf/5.2.0/../../../../../H-x86_64-mingw32/nios2-elf/lib\libc.a(lib_a-impure.o)
 .text          0x000000000440a3c8        0x0 p:/altera/16.0/nios2eds/bin/gnu/h-x86_64-mingw32/bin/../lib/gcc/nios2-elf/5.2.0/../../../../../H-x86_64-mingw32/nios2-elf/lib\libc.a(lib_a-malloc.o)
 .text.malloc   0x000000000440a3c8       0x14 p:/altera/16.0/nios2eds/bin/gnu/h-x86_64-mingw32/bin/../lib/gcc/nios2-elf/5.2.0/../../../../../H-x86_64-mingw32/nios2-elf/lib\libc.a(lib_a-malloc.o)
                0x000000000440a3c8                malloc
 .text.free     0x000000000440a3dc       0x14 p:/altera/16.0/nios2eds/bin/gnu/h-x86_64-mingw32/bin/../lib/gcc/nios2-elf/5.2.0/../../../../../H-x86_64-mingw32/nios2-elf/lib\libc.a(lib_a-malloc.o)
                0x000000000440a3dc                free
 .text          0x000000000440a3f0        0x0 p:/altera/16.0/nios2eds/bin/gnu/h-x86_64-mingw32/bin/../lib/gcc/nios2-elf/5.2.0/../../../../../H-x86_64-mingw32/nios2-elf/lib\libc.a(lib_a-mallocr.o)
 .text._malloc_r
                0x000000000440a3f0      0x80c p:/altera/16.0/nios2eds/bin/gnu/h-x86_64-mingw32/bin/../lib/gcc/nios2-elf/5.2.0/../../../../../H-x86_64-mingw32/nios2-elf/lib\libc.a(lib_a-mallocr.o)
                0x000000000440a3f0                _malloc_r
 .text          0x000000000440abfc        0x0 p:/altera/16.0/nios2eds/bin/gnu/h-x86_64-mingw32/bin/../lib/gcc/nios2-elf/5.2.0/../../../../../H-x86_64-mingw32/nios2-elf/lib\libc.a(lib_a-memcpy.o)
 .text.memcpy   0x000000000440abfc      0x148 p:/altera/16.0/nios2eds/bin/gnu/h-x86_64-mingw32/bin/../lib/gcc/nios2-elf/5.2.0/../../../../../H-x86_64-mingw32/nios2-elf/lib\libc.a(lib_a-memcpy.o)
                0x000000000440abfc                memcpy
 .text          0x000000000440ad44        0x0 p:/altera/16.0/nios2eds/bin/gnu/h-x86_64-mingw32/bin/../lib/gcc/nios2-elf/5.2.0/../../../../../H-x86_64-mingw32/nios2-elf/lib\libc.a(lib_a-memset.o)
 .text.memset   0x000000000440ad44      0x128 p:/altera/16.0/nios2eds/bin/gnu/h-x86_64-mingw32/bin/../lib/gcc/nios2-elf/5.2.0/../../../../../H-x86_64-mingw32/nios2-elf/lib\libc.a(lib_a-memset.o)
                0x000000000440ad44                memset
 .text          0x000000000440ae6c        0x0 p:/altera/16.0/nios2eds/bin/gnu/h-x86_64-mingw32/bin/../lib/gcc/nios2-elf/5.2.0/../../../../../H-x86_64-mingw32/nios2-elf/lib\libc.a(lib_a-printf.o)
 .text._printf_r
                0x000000000440ae6c       0x30 p:/altera/16.0/nios2eds/bin/gnu/h-x86_64-mingw32/bin/../lib/gcc/nios2-elf/5.2.0/../../../../../H-x86_64-mingw32/nios2-elf/lib\libc.a(lib_a-printf.o)
                0x000000000440ae6c                _printf_r
 .text.printf   0x000000000440ae9c       0x3c p:/altera/16.0/nios2eds/bin/gnu/h-x86_64-mingw32/bin/../lib/gcc/nios2-elf/5.2.0/../../../../../H-x86_64-mingw32/nios2-elf/lib\libc.a(lib_a-printf.o)
                0x000000000440ae9c                printf
 .text          0x000000000440aed8        0x0 p:/altera/16.0/nios2eds/bin/gnu/h-x86_64-mingw32/bin/../lib/gcc/nios2-elf/5.2.0/../../../../../H-x86_64-mingw32/nios2-elf/lib\libc.a(lib_a-puts.o)
 .text._puts_r  0x000000000440aed8       0xc0 p:/altera/16.0/nios2eds/bin/gnu/h-x86_64-mingw32/bin/../lib/gcc/nios2-elf/5.2.0/../../../../../H-x86_64-mingw32/nios2-elf/lib\libc.a(lib_a-puts.o)
                0x000000000440aed8                _puts_r
 .text.puts     0x000000000440af98       0x14 p:/altera/16.0/nios2eds/bin/gnu/h-x86_64-mingw32/bin/../lib/gcc/nios2-elf/5.2.0/../../../../../H-x86_64-mingw32/nios2-elf/lib\libc.a(lib_a-puts.o)
                0x000000000440af98                puts
 .text          0x000000000440afac        0x0 p:/altera/16.0/nios2eds/bin/gnu/h-x86_64-mingw32/bin/../lib/gcc/nios2-elf/5.2.0/../../../../../H-x86_64-mingw32/nios2-elf/lib\libc.a(lib_a-sbrkr.o)
 .text._sbrk_r  0x000000000440afac       0x54 p:/altera/16.0/nios2eds/bin/gnu/h-x86_64-mingw32/bin/../lib/gcc/nios2-elf/5.2.0/../../../../../H-x86_64-mingw32/nios2-elf/lib\libc.a(lib_a-sbrkr.o)
                0x000000000440afac                _sbrk_r
 .text          0x000000000440b000        0x0 p:/altera/16.0/nios2eds/bin/gnu/h-x86_64-mingw32/bin/../lib/gcc/nios2-elf/5.2.0/../../../../../H-x86_64-mingw32/nios2-elf/lib\libc.a(lib_a-sprintf.o)
 .text._sprintf_r
                0x000000000440b000       0x58 p:/altera/16.0/nios2eds/bin/gnu/h-x86_64-mingw32/bin/../lib/gcc/nios2-elf/5.2.0/../../../../../H-x86_64-mingw32/nios2-elf/lib\libc.a(lib_a-sprintf.o)
                0x000000000440b000                _sprintf_r
 .text.sprintf  0x000000000440b058       0x6c p:/altera/16.0/nios2eds/bin/gnu/h-x86_64-mingw32/bin/../lib/gcc/nios2-elf/5.2.0/../../../../../H-x86_64-mingw32/nios2-elf/lib\libc.a(lib_a-sprintf.o)
                0x000000000440b058                sprintf
 .text          0x000000000440b0c4        0x0 p:/altera/16.0/nios2eds/bin/gnu/h-x86_64-mingw32/bin/../lib/gcc/nios2-elf/5.2.0/../../../../../H-x86_64-mingw32/nios2-elf/lib\libc.a(lib_a-strcpy.o)
 .text.strcpy   0x000000000440b0c4       0x90 p:/altera/16.0/nios2eds/bin/gnu/h-x86_64-mingw32/bin/../lib/gcc/nios2-elf/5.2.0/../../../../../H-x86_64-mingw32/nios2-elf/lib\libc.a(lib_a-strcpy.o)
                0x000000000440b0c4                strcpy
 .text          0x000000000440b154        0x0 p:/altera/16.0/nios2eds/bin/gnu/h-x86_64-mingw32/bin/../lib/gcc/nios2-elf/5.2.0/../../../../../H-x86_64-mingw32/nios2-elf/lib\libc.a(lib_a-strlen.o)
 .text.strlen   0x000000000440b154       0x98 p:/altera/16.0/nios2eds/bin/gnu/h-x86_64-mingw32/bin/../lib/gcc/nios2-elf/5.2.0/../../../../../H-x86_64-mingw32/nios2-elf/lib\libc.a(lib_a-strlen.o)
                0x000000000440b154                strlen
 .text          0x000000000440b1ec        0x0 p:/altera/16.0/nios2eds/bin/gnu/h-x86_64-mingw32/bin/../lib/gcc/nios2-elf/5.2.0/../../../../../H-x86_64-mingw32/nios2-elf/lib\libc.a(lib_a-svfprintf.o)
 .text.___svfprintf_internal_r
                0x000000000440b1ec     0x21d8 p:/altera/16.0/nios2eds/bin/gnu/h-x86_64-mingw32/bin/../lib/gcc/nios2-elf/5.2.0/../../../../../H-x86_64-mingw32/nios2-elf/lib\libc.a(lib_a-svfprintf.o)
                0x000000000440b1ec                ___svfprintf_internal_r
 .text          0x000000000440d3c4        0x0 p:/altera/16.0/nios2eds/bin/gnu/h-x86_64-mingw32/bin/../lib/gcc/nios2-elf/5.2.0/../../../../../H-x86_64-mingw32/nios2-elf/lib\libc.a(lib_a-vfprintf.o)
 .text.___vfprintf_internal_r
                0x000000000440d3c4     0x21f8 p:/altera/16.0/nios2eds/bin/gnu/h-x86_64-mingw32/bin/../lib/gcc/nios2-elf/5.2.0/../../../../../H-x86_64-mingw32/nios2-elf/lib\libc.a(lib_a-vfprintf.o)
                0x000000000440d3c4                ___vfprintf_internal_r
 .text.__vfprintf_internal
                0x000000000440f5bc       0x1c p:/altera/16.0/nios2eds/bin/gnu/h-x86_64-mingw32/bin/../lib/gcc/nios2-elf/5.2.0/../../../../../H-x86_64-mingw32/nios2-elf/lib\libc.a(lib_a-vfprintf.o)
                0x000000000440f5bc                __vfprintf_internal
 .text.__sbprintf
                0x000000000440f5d8       0xbc p:/altera/16.0/nios2eds/bin/gnu/h-x86_64-mingw32/bin/../lib/gcc/nios2-elf/5.2.0/../../../../../H-x86_64-mingw32/nios2-elf/lib\libc.a(lib_a-vfprintf.o)
 .text          0x000000000440f694        0x0 p:/altera/16.0/nios2eds/bin/gnu/h-x86_64-mingw32/bin/../lib/gcc/nios2-elf/5.2.0/../../../../../H-x86_64-mingw32/nios2-elf/lib\libc.a(lib_a-vsnprintf.o)
 .text._vsnprintf_r
                0x000000000440f694       0xf0 p:/altera/16.0/nios2eds/bin/gnu/h-x86_64-mingw32/bin/../lib/gcc/nios2-elf/5.2.0/../../../../../H-x86_64-mingw32/nios2-elf/lib\libc.a(lib_a-vsnprintf.o)
                0x000000000440f694                _vsnprintf_r
 .text.vsnprintf
                0x000000000440f784       0x34 p:/altera/16.0/nios2eds/bin/gnu/h-x86_64-mingw32/bin/../lib/gcc/nios2-elf/5.2.0/../../../../../H-x86_64-mingw32/nios2-elf/lib\libc.a(lib_a-vsnprintf.o)
                0x000000000440f784                vsnprintf
 .text          0x000000000440f7b8        0x0 p:/altera/16.0/nios2eds/bin/gnu/h-x86_64-mingw32/bin/../lib/gcc/nios2-elf/5.2.0/../../../../../H-x86_64-mingw32/nios2-elf/lib\libc.a(lib_a-wsetup.o)
 .text.__swsetup_r
                0x000000000440f7b8      0x154 p:/altera/16.0/nios2eds/bin/gnu/h-x86_64-mingw32/bin/../lib/gcc/nios2-elf/5.2.0/../../../../../H-x86_64-mingw32/nios2-elf/lib\libc.a(lib_a-wsetup.o)
                0x000000000440f7b8                __swsetup_r
 .text          0x000000000440f90c        0x0 p:/altera/16.0/nios2eds/bin/gnu/h-x86_64-mingw32/bin/../lib/gcc/nios2-elf/5.2.0/../../../../../H-x86_64-mingw32/nios2-elf/lib\libc.a(lib_a-dtoa.o)
 .text.quorem   0x000000000440f90c      0x200 p:/altera/16.0/nios2eds/bin/gnu/h-x86_64-mingw32/bin/../lib/gcc/nios2-elf/5.2.0/../../../../../H-x86_64-mingw32/nios2-elf/lib\libc.a(lib_a-dtoa.o)
 .text._dtoa_r  0x000000000440fb0c     0x1688 p:/altera/16.0/nios2eds/bin/gnu/h-x86_64-mingw32/bin/../lib/gcc/nios2-elf/5.2.0/../../../../../H-x86_64-mingw32/nios2-elf/lib\libc.a(lib_a-dtoa.o)
                0x000000000440fb0c                _dtoa_r
 .text          0x0000000004411194        0x0 p:/altera/16.0/nios2eds/bin/gnu/h-x86_64-mingw32/bin/../lib/gcc/nios2-elf/5.2.0/../../../../../H-x86_64-mingw32/nios2-elf/lib\libc.a(lib_a-fflush.o)
 .text.__sflush_r
                0x0000000004411194      0x21c p:/altera/16.0/nios2eds/bin/gnu/h-x86_64-mingw32/bin/../lib/gcc/nios2-elf/5.2.0/../../../../../H-x86_64-mingw32/nios2-elf/lib\libc.a(lib_a-fflush.o)
                0x0000000004411194                __sflush_r
 .text._fflush_r
                0x00000000044113b0       0x5c p:/altera/16.0/nios2eds/bin/gnu/h-x86_64-mingw32/bin/../lib/gcc/nios2-elf/5.2.0/../../../../../H-x86_64-mingw32/nios2-elf/lib\libc.a(lib_a-fflush.o)
                0x00000000044113b0                _fflush_r
 .text.fflush   0x000000000441140c       0x30 p:/altera/16.0/nios2eds/bin/gnu/h-x86_64-mingw32/bin/../lib/gcc/nios2-elf/5.2.0/../../../../../H-x86_64-mingw32/nios2-elf/lib\libc.a(lib_a-fflush.o)
                0x000000000441140c                fflush
 .text          0x000000000441143c        0x0 p:/altera/16.0/nios2eds/bin/gnu/h-x86_64-mingw32/bin/../lib/gcc/nios2-elf/5.2.0/../../../../../H-x86_64-mingw32/nios2-elf/lib\libc.a(lib_a-findfp.o)
 .text.__fp_unlock
                0x000000000441143c        0x8 p:/altera/16.0/nios2eds/bin/gnu/h-x86_64-mingw32/bin/../lib/gcc/nios2-elf/5.2.0/../../../../../H-x86_64-mingw32/nios2-elf/lib\libc.a(lib_a-findfp.o)
 .text._cleanup_r
                0x0000000004411444        0xc p:/altera/16.0/nios2eds/bin/gnu/h-x86_64-mingw32/bin/../lib/gcc/nios2-elf/5.2.0/../../../../../H-x86_64-mingw32/nios2-elf/lib\libc.a(lib_a-findfp.o)
                0x0000000004411444                _cleanup_r
 .text.__sinit.part.1
                0x0000000004411450      0x19c p:/altera/16.0/nios2eds/bin/gnu/h-x86_64-mingw32/bin/../lib/gcc/nios2-elf/5.2.0/../../../../../H-x86_64-mingw32/nios2-elf/lib\libc.a(lib_a-findfp.o)
 .text.__fp_lock
                0x00000000044115ec        0x8 p:/altera/16.0/nios2eds/bin/gnu/h-x86_64-mingw32/bin/../lib/gcc/nios2-elf/5.2.0/../../../../../H-x86_64-mingw32/nios2-elf/lib\libc.a(lib_a-findfp.o)
 .text.__sfmoreglue
                0x00000000044115f4       0x68 p:/altera/16.0/nios2eds/bin/gnu/h-x86_64-mingw32/bin/../lib/gcc/nios2-elf/5.2.0/../../../../../H-x86_64-mingw32/nios2-elf/lib\libc.a(lib_a-findfp.o)
                0x00000000044115f4                __sfmoreglue
 .text.__sfp    0x000000000441165c      0x118 p:/altera/16.0/nios2eds/bin/gnu/h-x86_64-mingw32/bin/../lib/gcc/nios2-elf/5.2.0/../../../../../H-x86_64-mingw32/nios2-elf/lib\libc.a(lib_a-findfp.o)
                0x000000000441165c                __sfp
 .text._cleanup
                0x0000000004411774       0x18 p:/altera/16.0/nios2eds/bin/gnu/h-x86_64-mingw32/bin/../lib/gcc/nios2-elf/5.2.0/../../../../../H-x86_64-mingw32/nios2-elf/lib\libc.a(lib_a-findfp.o)
                0x0000000004411774                _cleanup
 .text.__sinit  0x000000000441178c       0x10 p:/altera/16.0/nios2eds/bin/gnu/h-x86_64-mingw32/bin/../lib/gcc/nios2-elf/5.2.0/../../../../../H-x86_64-mingw32/nios2-elf/lib\libc.a(lib_a-findfp.o)
                0x000000000441178c                __sinit
 .text.__sfp_lock_acquire
                0x000000000441179c        0x4 p:/altera/16.0/nios2eds/bin/gnu/h-x86_64-mingw32/bin/../lib/gcc/nios2-elf/5.2.0/../../../../../H-x86_64-mingw32/nios2-elf/lib\libc.a(lib_a-findfp.o)
                0x000000000441179c                __sfp_lock_acquire
 .text.__sfp_lock_release
                0x00000000044117a0        0x4 p:/altera/16.0/nios2eds/bin/gnu/h-x86_64-mingw32/bin/../lib/gcc/nios2-elf/5.2.0/../../../../../H-x86_64-mingw32/nios2-elf/lib\libc.a(lib_a-findfp.o)
                0x00000000044117a0                __sfp_lock_release
 .text.__sinit_lock_acquire
                0x00000000044117a4        0x4 p:/altera/16.0/nios2eds/bin/gnu/h-x86_64-mingw32/bin/../lib/gcc/nios2-elf/5.2.0/../../../../../H-x86_64-mingw32/nios2-elf/lib\libc.a(lib_a-findfp.o)
                0x00000000044117a4                __sinit_lock_acquire
 .text.__sinit_lock_release
                0x00000000044117a8        0x4 p:/altera/16.0/nios2eds/bin/gnu/h-x86_64-mingw32/bin/../lib/gcc/nios2-elf/5.2.0/../../../../../H-x86_64-mingw32/nios2-elf/lib\libc.a(lib_a-findfp.o)
                0x00000000044117a8                __sinit_lock_release
 .text.__fp_lock_all
                0x00000000044117ac       0x18 p:/altera/16.0/nios2eds/bin/gnu/h-x86_64-mingw32/bin/../lib/gcc/nios2-elf/5.2.0/../../../../../H-x86_64-mingw32/nios2-elf/lib\libc.a(lib_a-findfp.o)
                0x00000000044117ac                __fp_lock_all
 .text.__fp_unlock_all
                0x00000000044117c4       0x18 p:/altera/16.0/nios2eds/bin/gnu/h-x86_64-mingw32/bin/../lib/gcc/nios2-elf/5.2.0/../../../../../H-x86_64-mingw32/nios2-elf/lib\libc.a(lib_a-findfp.o)
                0x00000000044117c4                __fp_unlock_all
 .text          0x00000000044117dc        0x0 p:/altera/16.0/nios2eds/bin/gnu/h-x86_64-mingw32/bin/../lib/gcc/nios2-elf/5.2.0/../../../../../H-x86_64-mingw32/nios2-elf/lib\libc.a(lib_a-freer.o)
 .text._malloc_trim_r
                0x00000000044117dc      0x124 p:/altera/16.0/nios2eds/bin/gnu/h-x86_64-mingw32/bin/../lib/gcc/nios2-elf/5.2.0/../../../../../H-x86_64-mingw32/nios2-elf/lib\libc.a(lib_a-freer.o)
                0x00000000044117dc                _malloc_trim_r
 .text._free_r  0x0000000004411900      0x310 p:/altera/16.0/nios2eds/bin/gnu/h-x86_64-mingw32/bin/../lib/gcc/nios2-elf/5.2.0/../../../../../H-x86_64-mingw32/nios2-elf/lib\libc.a(lib_a-freer.o)
                0x0000000004411900                _free_r
 .text          0x0000000004411c10        0x0 p:/altera/16.0/nios2eds/bin/gnu/h-x86_64-mingw32/bin/../lib/gcc/nios2-elf/5.2.0/../../../../../H-x86_64-mingw32/nios2-elf/lib\libc.a(lib_a-fvwrite.o)
 .text.__sfvwrite_r
                0x0000000004411c10      0x4bc p:/altera/16.0/nios2eds/bin/gnu/h-x86_64-mingw32/bin/../lib/gcc/nios2-elf/5.2.0/../../../../../H-x86_64-mingw32/nios2-elf/lib\libc.a(lib_a-fvwrite.o)
                0x0000000004411c10                __sfvwrite_r
 .text          0x00000000044120cc        0x0 p:/altera/16.0/nios2eds/bin/gnu/h-x86_64-mingw32/bin/../lib/gcc/nios2-elf/5.2.0/../../../../../H-x86_64-mingw32/nios2-elf/lib\libc.a(lib_a-fwalk.o)
 .text._fwalk   0x00000000044120cc       0xc4 p:/altera/16.0/nios2eds/bin/gnu/h-x86_64-mingw32/bin/../lib/gcc/nios2-elf/5.2.0/../../../../../H-x86_64-mingw32/nios2-elf/lib\libc.a(lib_a-fwalk.o)
                0x00000000044120cc                _fwalk
 .text._fwalk_reent
                0x0000000004412190       0xc4 p:/altera/16.0/nios2eds/bin/gnu/h-x86_64-mingw32/bin/../lib/gcc/nios2-elf/5.2.0/../../../../../H-x86_64-mingw32/nios2-elf/lib\libc.a(lib_a-fwalk.o)
                0x0000000004412190                _fwalk_reent
 .text          0x0000000004412254        0x0 p:/altera/16.0/nios2eds/bin/gnu/h-x86_64-mingw32/bin/../lib/gcc/nios2-elf/5.2.0/../../../../../H-x86_64-mingw32/nios2-elf/lib\libc.a(lib_a-int_errno.o)
 .text          0x0000000004412254        0x0 p:/altera/16.0/nios2eds/bin/gnu/h-x86_64-mingw32/bin/../lib/gcc/nios2-elf/5.2.0/../../../../../H-x86_64-mingw32/nios2-elf/lib\libc.a(lib_a-locale.o)
 .text._setlocale_r
                0x0000000004412254       0x7c p:/altera/16.0/nios2eds/bin/gnu/h-x86_64-mingw32/bin/../lib/gcc/nios2-elf/5.2.0/../../../../../H-x86_64-mingw32/nios2-elf/lib\libc.a(lib_a-locale.o)
                0x0000000004412254                _setlocale_r
 .text.__locale_charset
                0x00000000044122d0        0xc p:/altera/16.0/nios2eds/bin/gnu/h-x86_64-mingw32/bin/../lib/gcc/nios2-elf/5.2.0/../../../../../H-x86_64-mingw32/nios2-elf/lib\libc.a(lib_a-locale.o)
                0x00000000044122d0                __locale_charset
 .text.__locale_mb_cur_max
                0x00000000044122dc       0x10 p:/altera/16.0/nios2eds/bin/gnu/h-x86_64-mingw32/bin/../lib/gcc/nios2-elf/5.2.0/../../../../../H-x86_64-mingw32/nios2-elf/lib\libc.a(lib_a-locale.o)
                0x00000000044122dc                __locale_mb_cur_max
 .text.__locale_msgcharset
                0x00000000044122ec        0xc p:/altera/16.0/nios2eds/bin/gnu/h-x86_64-mingw32/bin/../lib/gcc/nios2-elf/5.2.0/../../../../../H-x86_64-mingw32/nios2-elf/lib\libc.a(lib_a-locale.o)
                0x00000000044122ec                __locale_msgcharset
 .text.__locale_cjk_lang
                0x00000000044122f8        0x8 p:/altera/16.0/nios2eds/bin/gnu/h-x86_64-mingw32/bin/../lib/gcc/nios2-elf/5.2.0/../../../../../H-x86_64-mingw32/nios2-elf/lib\libc.a(lib_a-locale.o)
                0x00000000044122f8                __locale_cjk_lang
 .text._localeconv_r
                0x0000000004412300        0xc p:/altera/16.0/nios2eds/bin/gnu/h-x86_64-mingw32/bin/../lib/gcc/nios2-elf/5.2.0/../../../../../H-x86_64-mingw32/nios2-elf/lib\libc.a(lib_a-locale.o)
                0x0000000004412300                _localeconv_r
 .text.setlocale
                0x000000000441230c       0x18 p:/altera/16.0/nios2eds/bin/gnu/h-x86_64-mingw32/bin/../lib/gcc/nios2-elf/5.2.0/../../../../../H-x86_64-mingw32/nios2-elf/lib\libc.a(lib_a-locale.o)
                0x000000000441230c                setlocale
 .text.localeconv
                0x0000000004412324        0xc p:/altera/16.0/nios2eds/bin/gnu/h-x86_64-mingw32/bin/../lib/gcc/nios2-elf/5.2.0/../../../../../H-x86_64-mingw32/nios2-elf/lib\libc.a(lib_a-locale.o)
                0x0000000004412324                localeconv
 .text          0x0000000004412330        0x0 p:/altera/16.0/nios2eds/bin/gnu/h-x86_64-mingw32/bin/../lib/gcc/nios2-elf/5.2.0/../../../../../H-x86_64-mingw32/nios2-elf/lib\libc.a(lib_a-makebuf.o)
 .text.__smakebuf_r
                0x0000000004412330      0x1bc p:/altera/16.0/nios2eds/bin/gnu/h-x86_64-mingw32/bin/../lib/gcc/nios2-elf/5.2.0/../../../../../H-x86_64-mingw32/nios2-elf/lib\libc.a(lib_a-makebuf.o)
                0x0000000004412330                __smakebuf_r
 .text          0x00000000044124ec        0x0 p:/altera/16.0/nios2eds/bin/gnu/h-x86_64-mingw32/bin/../lib/gcc/nios2-elf/5.2.0/../../../../../H-x86_64-mingw32/nios2-elf/lib\libc.a(lib_a-memchr.o)
 .text.memchr   0x00000000044124ec       0xe4 p:/altera/16.0/nios2eds/bin/gnu/h-x86_64-mingw32/bin/../lib/gcc/nios2-elf/5.2.0/../../../../../H-x86_64-mingw32/nios2-elf/lib\libc.a(lib_a-memchr.o)
                0x00000000044124ec                memchr
 .text          0x00000000044125d0        0x0 p:/altera/16.0/nios2eds/bin/gnu/h-x86_64-mingw32/bin/../lib/gcc/nios2-elf/5.2.0/../../../../../H-x86_64-mingw32/nios2-elf/lib\libc.a(lib_a-memmove.o)
 .text.memmove  0x00000000044125d0      0x15c p:/altera/16.0/nios2eds/bin/gnu/h-x86_64-mingw32/bin/../lib/gcc/nios2-elf/5.2.0/../../../../../H-x86_64-mingw32/nios2-elf/lib\libc.a(lib_a-memmove.o)
                0x00000000044125d0                memmove
 .text          0x000000000441272c        0x0 p:/altera/16.0/nios2eds/bin/gnu/h-x86_64-mingw32/bin/../lib/gcc/nios2-elf/5.2.0/../../../../../H-x86_64-mingw32/nios2-elf/lib\libc.a(lib_a-mprec.o)
 .text._Balloc  0x000000000441272c       0xa8 p:/altera/16.0/nios2eds/bin/gnu/h-x86_64-mingw32/bin/../lib/gcc/nios2-elf/5.2.0/../../../../../H-x86_64-mingw32/nios2-elf/lib\libc.a(lib_a-mprec.o)
                0x000000000441272c                _Balloc
 .text._Bfree   0x00000000044127d4       0x28 p:/altera/16.0/nios2eds/bin/gnu/h-x86_64-mingw32/bin/../lib/gcc/nios2-elf/5.2.0/../../../../../H-x86_64-mingw32/nios2-elf/lib\libc.a(lib_a-mprec.o)
                0x00000000044127d4                _Bfree
 .text.__multadd
                0x00000000044127fc      0x120 p:/altera/16.0/nios2eds/bin/gnu/h-x86_64-mingw32/bin/../lib/gcc/nios2-elf/5.2.0/../../../../../H-x86_64-mingw32/nios2-elf/lib\libc.a(lib_a-mprec.o)
                0x00000000044127fc                __multadd
 .text.__s2b    0x000000000441291c      0x104 p:/altera/16.0/nios2eds/bin/gnu/h-x86_64-mingw32/bin/../lib/gcc/nios2-elf/5.2.0/../../../../../H-x86_64-mingw32/nios2-elf/lib\libc.a(lib_a-mprec.o)
                0x000000000441291c                __s2b
 .text.__hi0bits
                0x0000000004412a20       0x68 p:/altera/16.0/nios2eds/bin/gnu/h-x86_64-mingw32/bin/../lib/gcc/nios2-elf/5.2.0/../../../../../H-x86_64-mingw32/nios2-elf/lib\libc.a(lib_a-mprec.o)
                0x0000000004412a20                __hi0bits
 .text.__lo0bits
                0x0000000004412a88       0xb0 p:/altera/16.0/nios2eds/bin/gnu/h-x86_64-mingw32/bin/../lib/gcc/nios2-elf/5.2.0/../../../../../H-x86_64-mingw32/nios2-elf/lib\libc.a(lib_a-mprec.o)
                0x0000000004412a88                __lo0bits
 .text.__i2b    0x0000000004412b38       0x3c p:/altera/16.0/nios2eds/bin/gnu/h-x86_64-mingw32/bin/../lib/gcc/nios2-elf/5.2.0/../../../../../H-x86_64-mingw32/nios2-elf/lib\libc.a(lib_a-mprec.o)
                0x0000000004412b38                __i2b
 .text.__multiply
                0x0000000004412b74      0x1f8 p:/altera/16.0/nios2eds/bin/gnu/h-x86_64-mingw32/bin/../lib/gcc/nios2-elf/5.2.0/../../../../../H-x86_64-mingw32/nios2-elf/lib\libc.a(lib_a-mprec.o)
                0x0000000004412b74                __multiply
 .text.__pow5mult
                0x0000000004412d6c      0x140 p:/altera/16.0/nios2eds/bin/gnu/h-x86_64-mingw32/bin/../lib/gcc/nios2-elf/5.2.0/../../../../../H-x86_64-mingw32/nios2-elf/lib\libc.a(lib_a-mprec.o)
                0x0000000004412d6c                __pow5mult
 .text.__lshift
                0x0000000004412eac      0x148 p:/altera/16.0/nios2eds/bin/gnu/h-x86_64-mingw32/bin/../lib/gcc/nios2-elf/5.2.0/../../../../../H-x86_64-mingw32/nios2-elf/lib\libc.a(lib_a-mprec.o)
                0x0000000004412eac                __lshift
 .text.__mcmp   0x0000000004412ff4       0x60 p:/altera/16.0/nios2eds/bin/gnu/h-x86_64-mingw32/bin/../lib/gcc/nios2-elf/5.2.0/../../../../../H-x86_64-mingw32/nios2-elf/lib\libc.a(lib_a-mprec.o)
                0x0000000004412ff4                __mcmp
 .text.__mdiff  0x0000000004413054      0x1fc p:/altera/16.0/nios2eds/bin/gnu/h-x86_64-mingw32/bin/../lib/gcc/nios2-elf/5.2.0/../../../../../H-x86_64-mingw32/nios2-elf/lib\libc.a(lib_a-mprec.o)
                0x0000000004413054                __mdiff
 .text.__ulp    0x0000000004413250       0x64 p:/altera/16.0/nios2eds/bin/gnu/h-x86_64-mingw32/bin/../lib/gcc/nios2-elf/5.2.0/../../../../../H-x86_64-mingw32/nios2-elf/lib\libc.a(lib_a-mprec.o)
                0x0000000004413250                __ulp
 .text.__b2d    0x00000000044132b4      0x10c p:/altera/16.0/nios2eds/bin/gnu/h-x86_64-mingw32/bin/../lib/gcc/nios2-elf/5.2.0/../../../../../H-x86_64-mingw32/nios2-elf/lib\libc.a(lib_a-mprec.o)
                0x00000000044132b4                __b2d
 .text.__d2b    0x00000000044133c0      0x14c p:/altera/16.0/nios2eds/bin/gnu/h-x86_64-mingw32/bin/../lib/gcc/nios2-elf/5.2.0/../../../../../H-x86_64-mingw32/nios2-elf/lib\libc.a(lib_a-mprec.o)
                0x00000000044133c0                __d2b
 .text.__ratio  0x000000000441350c       0xa4 p:/altera/16.0/nios2eds/bin/gnu/h-x86_64-mingw32/bin/../lib/gcc/nios2-elf/5.2.0/../../../../../H-x86_64-mingw32/nios2-elf/lib\libc.a(lib_a-mprec.o)
                0x000000000441350c                __ratio
 .text._mprec_log10
                0x00000000044135b0       0x74 p:/altera/16.0/nios2eds/bin/gnu/h-x86_64-mingw32/bin/../lib/gcc/nios2-elf/5.2.0/../../../../../H-x86_64-mingw32/nios2-elf/lib\libc.a(lib_a-mprec.o)
                0x00000000044135b0                _mprec_log10
 .text.__copybits
                0x0000000004413624       0x78 p:/altera/16.0/nios2eds/bin/gnu/h-x86_64-mingw32/bin/../lib/gcc/nios2-elf/5.2.0/../../../../../H-x86_64-mingw32/nios2-elf/lib\libc.a(lib_a-mprec.o)
                0x0000000004413624                __copybits
 .text.__any_on
                0x000000000441369c       0x8c p:/altera/16.0/nios2eds/bin/gnu/h-x86_64-mingw32/bin/../lib/gcc/nios2-elf/5.2.0/../../../../../H-x86_64-mingw32/nios2-elf/lib\libc.a(lib_a-mprec.o)
                0x000000000441369c                __any_on
 .text          0x0000000004413728        0x0 p:/altera/16.0/nios2eds/bin/gnu/h-x86_64-mingw32/bin/../lib/gcc/nios2-elf/5.2.0/../../../../../H-x86_64-mingw32/nios2-elf/lib\libc.a(lib_a-reallocr.o)
 .text._realloc_r
                0x0000000004413728      0x564 p:/altera/16.0/nios2eds/bin/gnu/h-x86_64-mingw32/bin/../lib/gcc/nios2-elf/5.2.0/../../../../../H-x86_64-mingw32/nios2-elf/lib\libc.a(lib_a-reallocr.o)
                0x0000000004413728                _realloc_r
 .text          0x0000000004413c8c        0x0 p:/altera/16.0/nios2eds/bin/gnu/h-x86_64-mingw32/bin/../lib/gcc/nios2-elf/5.2.0/../../../../../H-x86_64-mingw32/nios2-elf/lib\libc.a(lib_a-stdio.o)
 .text.__sread  0x0000000004413c8c       0x54 p:/altera/16.0/nios2eds/bin/gnu/h-x86_64-mingw32/bin/../lib/gcc/nios2-elf/5.2.0/../../../../../H-x86_64-mingw32/nios2-elf/lib\libc.a(lib_a-stdio.o)
                0x0000000004413c8c                __sread
 .text.__seofread
                0x0000000004413ce0        0x8 p:/altera/16.0/nios2eds/bin/gnu/h-x86_64-mingw32/bin/../lib/gcc/nios2-elf/5.2.0/../../../../../H-x86_64-mingw32/nios2-elf/lib\libc.a(lib_a-stdio.o)
                0x0000000004413ce0                __seofread
 .text.__swrite
                0x0000000004413ce8       0x7c p:/altera/16.0/nios2eds/bin/gnu/h-x86_64-mingw32/bin/../lib/gcc/nios2-elf/5.2.0/../../../../../H-x86_64-mingw32/nios2-elf/lib\libc.a(lib_a-stdio.o)
                0x0000000004413ce8                __swrite
 .text.__sseek  0x0000000004413d64       0x5c p:/altera/16.0/nios2eds/bin/gnu/h-x86_64-mingw32/bin/../lib/gcc/nios2-elf/5.2.0/../../../../../H-x86_64-mingw32/nios2-elf/lib\libc.a(lib_a-stdio.o)
                0x0000000004413d64                __sseek
 .text.__sclose
                0x0000000004413dc0        0x8 p:/altera/16.0/nios2eds/bin/gnu/h-x86_64-mingw32/bin/../lib/gcc/nios2-elf/5.2.0/../../../../../H-x86_64-mingw32/nios2-elf/lib\libc.a(lib_a-stdio.o)
                0x0000000004413dc0                __sclose
 .text          0x0000000004413dc8        0x0 p:/altera/16.0/nios2eds/bin/gnu/h-x86_64-mingw32/bin/../lib/gcc/nios2-elf/5.2.0/../../../../../H-x86_64-mingw32/nios2-elf/lib\libc.a(lib_a-strcmp.o)
 .text.strcmp   0x0000000004413dc8       0xdc p:/altera/16.0/nios2eds/bin/gnu/h-x86_64-mingw32/bin/../lib/gcc/nios2-elf/5.2.0/../../../../../H-x86_64-mingw32/nios2-elf/lib\libc.a(lib_a-strcmp.o)
                0x0000000004413dc8                strcmp
 .text          0x0000000004413ea4        0x0 p:/altera/16.0/nios2eds/bin/gnu/h-x86_64-mingw32/bin/../lib/gcc/nios2-elf/5.2.0/../../../../../H-x86_64-mingw32/nios2-elf/lib\libc.a(lib_a-svfiprintf.o)
 .text.__ssprint_r
                0x0000000004413ea4      0x1d0 p:/altera/16.0/nios2eds/bin/gnu/h-x86_64-mingw32/bin/../lib/gcc/nios2-elf/5.2.0/../../../../../H-x86_64-mingw32/nios2-elf/lib\libc.a(lib_a-svfiprintf.o)
                0x0000000004413ea4                __ssprint_r
 .text.___svfiprintf_internal_r
                0x0000000004414074     0x123c p:/altera/16.0/nios2eds/bin/gnu/h-x86_64-mingw32/bin/../lib/gcc/nios2-elf/5.2.0/../../../../../H-x86_64-mingw32/nios2-elf/lib\libc.a(lib_a-svfiprintf.o)
                0x0000000004414074                ___svfiprintf_internal_r
 .text          0x00000000044152b0        0x0 p:/altera/16.0/nios2eds/bin/gnu/h-x86_64-mingw32/bin/../lib/gcc/nios2-elf/5.2.0/../../../../../H-x86_64-mingw32/nios2-elf/lib\libc.a(lib_a-vfiprintf.o)
 .text.__sprint_r.part.0
                0x00000000044152b0       0xfc p:/altera/16.0/nios2eds/bin/gnu/h-x86_64-mingw32/bin/../lib/gcc/nios2-elf/5.2.0/../../../../../H-x86_64-mingw32/nios2-elf/lib\libc.a(lib_a-vfiprintf.o)
 .text.__sprint_r
                0x00000000044153ac       0x18 p:/altera/16.0/nios2eds/bin/gnu/h-x86_64-mingw32/bin/../lib/gcc/nios2-elf/5.2.0/../../../../../H-x86_64-mingw32/nios2-elf/lib\libc.a(lib_a-vfiprintf.o)
                0x00000000044153ac                __sprint_r
 .text.___vfiprintf_internal_r
                0x00000000044153c4     0x145c p:/altera/16.0/nios2eds/bin/gnu/h-x86_64-mingw32/bin/../lib/gcc/nios2-elf/5.2.0/../../../../../H-x86_64-mingw32/nios2-elf/lib\libc.a(lib_a-vfiprintf.o)
                0x00000000044153c4                ___vfiprintf_internal_r
 .text.__vfiprintf_internal
                0x0000000004416820       0x1c p:/altera/16.0/nios2eds/bin/gnu/h-x86_64-mingw32/bin/../lib/gcc/nios2-elf/5.2.0/../../../../../H-x86_64-mingw32/nios2-elf/lib\libc.a(lib_a-vfiprintf.o)
                0x0000000004416820                __vfiprintf_internal
 .text.__sbprintf
                0x000000000441683c       0xbc p:/altera/16.0/nios2eds/bin/gnu/h-x86_64-mingw32/bin/../lib/gcc/nios2-elf/5.2.0/../../../../../H-x86_64-mingw32/nios2-elf/lib\libc.a(lib_a-vfiprintf.o)
 .text          0x00000000044168f8        0x0 p:/altera/16.0/nios2eds/bin/gnu/h-x86_64-mingw32/bin/../lib/gcc/nios2-elf/5.2.0/../../../../../H-x86_64-mingw32/nios2-elf/lib\libc.a(lib_a-writer.o)
 .text._write_r
                0x00000000044168f8       0x60 p:/altera/16.0/nios2eds/bin/gnu/h-x86_64-mingw32/bin/../lib/gcc/nios2-elf/5.2.0/../../../../../H-x86_64-mingw32/nios2-elf/lib\libc.a(lib_a-writer.o)
                0x00000000044168f8                _write_r
 .text          0x0000000004416958        0x0 p:/altera/16.0/nios2eds/bin/gnu/h-x86_64-mingw32/bin/../lib/gcc/nios2-elf/5.2.0/../../../../../H-x86_64-mingw32/nios2-elf/lib\libc.a(closer.o)
 .text._close_r
                0x0000000004416958       0x54 p:/altera/16.0/nios2eds/bin/gnu/h-x86_64-mingw32/bin/../lib/gcc/nios2-elf/5.2.0/../../../../../H-x86_64-mingw32/nios2-elf/lib\libc.a(closer.o)
                0x0000000004416958                _close_r
 .text          0x00000000044169ac        0x0 p:/altera/16.0/nios2eds/bin/gnu/h-x86_64-mingw32/bin/../lib/gcc/nios2-elf/5.2.0/../../../../../H-x86_64-mingw32/nios2-elf/lib\libc.a(lib_a-callocr.o)
 .text._calloc_r
                0x00000000044169ac       0xc4 p:/altera/16.0/nios2eds/bin/gnu/h-x86_64-mingw32/bin/../lib/gcc/nios2-elf/5.2.0/../../../../../H-x86_64-mingw32/nios2-elf/lib\libc.a(lib_a-callocr.o)
                0x00000000044169ac                _calloc_r
 .text          0x0000000004416a70        0x0 p:/altera/16.0/nios2eds/bin/gnu/h-x86_64-mingw32/bin/../lib/gcc/nios2-elf/5.2.0/../../../../../H-x86_64-mingw32/nios2-elf/lib\libc.a(lib_a-fclose.o)
 .text._fclose_r
                0x0000000004416a70       0xf0 p:/altera/16.0/nios2eds/bin/gnu/h-x86_64-mingw32/bin/../lib/gcc/nios2-elf/5.2.0/../../../../../H-x86_64-mingw32/nios2-elf/lib\libc.a(lib_a-fclose.o)
                0x0000000004416a70                _fclose_r
 .text.fclose   0x0000000004416b60       0x14 p:/altera/16.0/nios2eds/bin/gnu/h-x86_64-mingw32/bin/../lib/gcc/nios2-elf/5.2.0/../../../../../H-x86_64-mingw32/nios2-elf/lib\libc.a(lib_a-fclose.o)
                0x0000000004416b60                fclose
 .text          0x0000000004416b74        0x0 p:/altera/16.0/nios2eds/bin/gnu/h-x86_64-mingw32/bin/../lib/gcc/nios2-elf/5.2.0/../../../../../H-x86_64-mingw32/nios2-elf/lib\libc.a(lib_a-fputwc.o)
 .text.__fputwc
                0x0000000004416b74      0x164 p:/altera/16.0/nios2eds/bin/gnu/h-x86_64-mingw32/bin/../lib/gcc/nios2-elf/5.2.0/../../../../../H-x86_64-mingw32/nios2-elf/lib\libc.a(lib_a-fputwc.o)
                0x0000000004416b74                __fputwc
 .text._fputwc_r
                0x0000000004416cd8       0x24 p:/altera/16.0/nios2eds/bin/gnu/h-x86_64-mingw32/bin/../lib/gcc/nios2-elf/5.2.0/../../../../../H-x86_64-mingw32/nios2-elf/lib\libc.a(lib_a-fputwc.o)
                0x0000000004416cd8                _fputwc_r
 .text.fputwc   0x0000000004416cfc       0x80 p:/altera/16.0/nios2eds/bin/gnu/h-x86_64-mingw32/bin/../lib/gcc/nios2-elf/5.2.0/../../../../../H-x86_64-mingw32/nios2-elf/lib\libc.a(lib_a-fputwc.o)
                0x0000000004416cfc                fputwc
 .text          0x0000000004416d7c        0x0 p:/altera/16.0/nios2eds/bin/gnu/h-x86_64-mingw32/bin/../lib/gcc/nios2-elf/5.2.0/../../../../../H-x86_64-mingw32/nios2-elf/lib\libc.a(lib_a-fstatr.o)
 .text._fstat_r
                0x0000000004416d7c       0x5c p:/altera/16.0/nios2eds/bin/gnu/h-x86_64-mingw32/bin/../lib/gcc/nios2-elf/5.2.0/../../../../../H-x86_64-mingw32/nios2-elf/lib\libc.a(lib_a-fstatr.o)
                0x0000000004416d7c                _fstat_r
 .text          0x0000000004416dd8        0x0 p:/altera/16.0/nios2eds/bin/gnu/h-x86_64-mingw32/bin/../lib/gcc/nios2-elf/5.2.0/../../../../../H-x86_64-mingw32/nios2-elf/lib\libc.a(lib_a-isattyr.o)
 .text._isatty_r
                0x0000000004416dd8       0x54 p:/altera/16.0/nios2eds/bin/gnu/h-x86_64-mingw32/bin/../lib/gcc/nios2-elf/5.2.0/../../../../../H-x86_64-mingw32/nios2-elf/lib\libc.a(lib_a-isattyr.o)
                0x0000000004416dd8                _isatty_r
 .text          0x0000000004416e2c        0x0 p:/altera/16.0/nios2eds/bin/gnu/h-x86_64-mingw32/bin/../lib/gcc/nios2-elf/5.2.0/../../../../../H-x86_64-mingw32/nios2-elf/lib\libc.a(lib_a-lseekr.o)
 .text._lseek_r
                0x0000000004416e2c       0x60 p:/altera/16.0/nios2eds/bin/gnu/h-x86_64-mingw32/bin/../lib/gcc/nios2-elf/5.2.0/../../../../../H-x86_64-mingw32/nios2-elf/lib\libc.a(lib_a-lseekr.o)
                0x0000000004416e2c                _lseek_r
 .text          0x0000000004416e8c        0x0 p:/altera/16.0/nios2eds/bin/gnu/h-x86_64-mingw32/bin/../lib/gcc/nios2-elf/5.2.0/../../../../../H-x86_64-mingw32/nios2-elf/lib\libc.a(lib_a-readr.o)
 .text._read_r  0x0000000004416e8c       0x60 p:/altera/16.0/nios2eds/bin/gnu/h-x86_64-mingw32/bin/../lib/gcc/nios2-elf/5.2.0/../../../../../H-x86_64-mingw32/nios2-elf/lib\libc.a(lib_a-readr.o)
                0x0000000004416e8c                _read_r
 .text          0x0000000004416eec        0x0 p:/altera/16.0/nios2eds/bin/gnu/h-x86_64-mingw32/bin/../lib/gcc/nios2-elf/5.2.0/../../../../../H-x86_64-mingw32/nios2-elf/lib\libc.a(lib_a-wbuf.o)
 .text.__swbuf_r
                0x0000000004416eec      0x140 p:/altera/16.0/nios2eds/bin/gnu/h-x86_64-mingw32/bin/../lib/gcc/nios2-elf/5.2.0/../../../../../H-x86_64-mingw32/nios2-elf/lib\libc.a(lib_a-wbuf.o)
                0x0000000004416eec                __swbuf_r
 .text.__swbuf  0x000000000441702c       0x18 p:/altera/16.0/nios2eds/bin/gnu/h-x86_64-mingw32/bin/../lib/gcc/nios2-elf/5.2.0/../../../../../H-x86_64-mingw32/nios2-elf/lib\libc.a(lib_a-wbuf.o)
                0x000000000441702c                __swbuf
 .text          0x0000000004417044        0x0 p:/altera/16.0/nios2eds/bin/gnu/h-x86_64-mingw32/bin/../lib/gcc/nios2-elf/5.2.0/../../../../../H-x86_64-mingw32/nios2-elf/lib\libc.a(lib_a-wcrtomb.o)
 .text._wcrtomb_r
                0x0000000004417044       0x9c p:/altera/16.0/nios2eds/bin/gnu/h-x86_64-mingw32/bin/../lib/gcc/nios2-elf/5.2.0/../../../../../H-x86_64-mingw32/nios2-elf/lib\libc.a(lib_a-wcrtomb.o)
                0x0000000004417044                _wcrtomb_r
 .text.wcrtomb  0x00000000044170e0       0xc0 p:/altera/16.0/nios2eds/bin/gnu/h-x86_64-mingw32/bin/../lib/gcc/nios2-elf/5.2.0/../../../../../H-x86_64-mingw32/nios2-elf/lib\libc.a(lib_a-wcrtomb.o)
                0x00000000044170e0                wcrtomb
 .text          0x00000000044171a0        0x0 p:/altera/16.0/nios2eds/bin/gnu/h-x86_64-mingw32/bin/../lib/gcc/nios2-elf/5.2.0/../../../../../H-x86_64-mingw32/nios2-elf/lib\libc.a(lib_a-wctomb_r.o)
 .text.__ascii_wctomb
                0x00000000044171a0       0x30 p:/altera/16.0/nios2eds/bin/gnu/h-x86_64-mingw32/bin/../lib/gcc/nios2-elf/5.2.0/../../../../../H-x86_64-mingw32/nios2-elf/lib\libc.a(lib_a-wctomb_r.o)
                0x00000000044171a0                __ascii_wctomb
 .text._wctomb_r
                0x00000000044171d0       0x5c p:/altera/16.0/nios2eds/bin/gnu/h-x86_64-mingw32/bin/../lib/gcc/nios2-elf/5.2.0/../../../../../H-x86_64-mingw32/nios2-elf/lib\libc.a(lib_a-wctomb_r.o)
                0x00000000044171d0                _wctomb_r
 .text          0x000000000441722c      0x578 p:/altera/16.0/nios2eds/bin/gnu/h-x86_64-mingw32/bin/../lib/gcc/nios2-elf/5.2.0\libgcc.a(_udivdi3.o)
                0x000000000441722c                __udivdi3
 .text          0x00000000044177a4      0x538 p:/altera/16.0/nios2eds/bin/gnu/h-x86_64-mingw32/bin/../lib/gcc/nios2-elf/5.2.0\libgcc.a(_umoddi3.o)
                0x00000000044177a4                __umoddi3
 .text          0x0000000004417cdc       0x88 p:/altera/16.0/nios2eds/bin/gnu/h-x86_64-mingw32/bin/../lib/gcc/nios2-elf/5.2.0\libgcc.a(eqdf2.o)
                0x0000000004417cdc                __nedf2
                0x0000000004417cdc                __eqdf2
 .text          0x0000000004417d64       0xdc p:/altera/16.0/nios2eds/bin/gnu/h-x86_64-mingw32/bin/../lib/gcc/nios2-elf/5.2.0\libgcc.a(gedf2.o)
                0x0000000004417d64                __gedf2
                0x0000000004417d64                __gtdf2
 .text          0x0000000004417e40       0xa8 p:/altera/16.0/nios2eds/bin/gnu/h-x86_64-mingw32/bin/../lib/gcc/nios2-elf/5.2.0\libgcc.a(floatunsidf.o)
                0x0000000004417e40                __floatunsidf
 .text          0x0000000004417ee8      0x140 ../LT24_Painter_bsp/\libhal_bsp.a(alt_alarm_start.o)
                0x0000000004417ee8                alt_alarm_start
 .text          0x0000000004418028      0x120 ../LT24_Painter_bsp/\libhal_bsp.a(alt_close.o)
                0x0000000004418078                close
 .text          0x0000000004418148       0x2c ../LT24_Painter_bsp/\libhal_bsp.a(alt_dev.o)
 .text          0x0000000004418174        0x0 ../LT24_Painter_bsp/\libhal_bsp.a(alt_errno.o)
 .text          0x0000000004418174      0x100 ../LT24_Painter_bsp/\libhal_bsp.a(alt_fstat.o)
                0x00000000044181c4                fstat
 .text          0x0000000004418274      0x1e0 ../LT24_Painter_bsp/\libhal_bsp.a(alt_iic.o)
                0x0000000004418274                alt_ic_isr_register
                0x00000000044182c4                alt_ic_irq_enable
                0x0000000004418364                alt_ic_irq_disable
                0x0000000004418408                alt_ic_irq_enabled
 .text          0x0000000004418454       0xf0 ../LT24_Painter_bsp/\libhal_bsp.a(alt_iic_isr_register.o)
                0x0000000004418454                alt_iic_isr_register
 .text          0x0000000004418544        0x0 ../LT24_Painter_bsp/\libhal_bsp.a(alt_irq_entry.o)
 .text          0x0000000004418544        0x0 ../LT24_Painter_bsp/\libhal_bsp.a(alt_irq_handler.o)
 .text          0x0000000004418544        0x0 ../LT24_Painter_bsp/\libhal_bsp.a(alt_irq_vars.o)
 .text          0x0000000004418544       0xf4 ../LT24_Painter_bsp/\libhal_bsp.a(alt_isatty.o)
                0x0000000004418594                isatty
 .text          0x0000000004418638       0xec ../LT24_Painter_bsp/\libhal_bsp.a(alt_load.o)
                0x00000000044186a0                alt_load
 .text          0x0000000004418724      0x124 ../LT24_Painter_bsp/\libhal_bsp.a(alt_lseek.o)
                0x0000000004418774                lseek
 .text          0x0000000004418848       0x7c ../LT24_Painter_bsp/\libhal_bsp.a(alt_main.o)
                0x0000000004418848                alt_main
 .text          0x00000000044188c4       0x48 ../LT24_Painter_bsp/\libhal_bsp.a(alt_malloc_lock.o)
                0x00000000044188c4                __malloc_lock
                0x00000000044188e8                __malloc_unlock
 .text          0x000000000441890c      0x14c ../LT24_Painter_bsp/\libhal_bsp.a(alt_read.o)
                0x000000000441895c                read
 .text          0x0000000004418a58       0x64 ../LT24_Painter_bsp/\libhal_bsp.a(alt_release_fd.o)
                0x0000000004418a58                alt_release_fd
 .text          0x0000000004418abc       0xb0 ../LT24_Painter_bsp/\libhal_bsp.a(alt_sbrk.o)
                0x0000000004418abc                sbrk
 .text          0x0000000004418b6c      0x1a4 ../LT24_Painter_bsp/\libhal_bsp.a(alt_tick.o)
                0x0000000004418b6c                alt_alarm_stop
                0x0000000004418c08                alt_tick
 .text          0x0000000004418d10       0x30 ../LT24_Painter_bsp/\libhal_bsp.a(alt_usleep.o)
                0x0000000004418d10                usleep
 .text          0x0000000004418d40      0x148 ../LT24_Painter_bsp/\libhal_bsp.a(alt_write.o)
                0x0000000004418d90                write
 .text          0x0000000004418e88       0xd8 ../LT24_Painter_bsp/\libhal_bsp.a(alt_sys_init.o)
                0x0000000004418ec0                alt_irq_init
                0x0000000004418ef8                alt_sys_init
 .text          0x0000000004418f60      0x164 ../LT24_Painter_bsp/\libhal_bsp.a(altera_avalon_jtag_uart_fd.o)
                0x0000000004418f60                altera_avalon_jtag_uart_read_fd
                0x0000000004418fc0                altera_avalon_jtag_uart_write_fd
                0x0000000004419020                altera_avalon_jtag_uart_close_fd
                0x0000000004419070                altera_avalon_jtag_uart_ioctl_fd
 .text          0x00000000044190c4      0x3e4 ../LT24_Painter_bsp/\libhal_bsp.a(altera_avalon_jtag_uart_init.o)
                0x00000000044190c4                altera_avalon_jtag_uart_init
                0x0000000004419440                altera_avalon_jtag_uart_close
 .text          0x00000000044194a8       0xf0 ../LT24_Painter_bsp/\libhal_bsp.a(altera_avalon_jtag_uart_ioctl.o)
                0x00000000044194a8                altera_avalon_jtag_uart_ioctl
 .text          0x0000000004419598      0x21c ../LT24_Painter_bsp/\libhal_bsp.a(altera_avalon_jtag_uart_read.o)
                0x0000000004419598                altera_avalon_jtag_uart_read
 .text          0x00000000044197b4      0x224 ../LT24_Painter_bsp/\libhal_bsp.a(altera_avalon_jtag_uart_write.o)
                0x00000000044197b4                altera_avalon_jtag_uart_write
 .text          0x00000000044199d8      0x1fc ../LT24_Painter_bsp/\libhal_bsp.a(altera_avalon_spi.o)
                0x00000000044199d8                alt_avalon_spi_command
 .text          0x0000000004419bd4      0x104 ../LT24_Painter_bsp/\libhal_bsp.a(altera_avalon_timer_sc.o)
                0x0000000004419c4c                alt_avalon_timer_sc_init
 .text          0x0000000004419cd8      0x158 ../LT24_Painter_bsp/\libhal_bsp.a(alt_busy_sleep.o)
                0x0000000004419cd8                alt_busy_sleep
 .text          0x0000000004419e30       0x48 ../LT24_Painter_bsp/\libhal_bsp.a(alt_dcache_flush_all.o)
                0x0000000004419e30                alt_dcache_flush_all
 .text          0x0000000004419e78       0xf4 ../LT24_Painter_bsp/\libhal_bsp.a(alt_dev_llist_insert.o)
                0x0000000004419ec8                alt_dev_llist_insert
 .text          0x0000000004419f6c       0x60 ../LT24_Painter_bsp/\libhal_bsp.a(alt_do_ctors.o)
                0x0000000004419f6c                _do_ctors
 .text          0x0000000004419fcc       0x60 ../LT24_Painter_bsp/\libhal_bsp.a(alt_do_dtors.o)
                0x0000000004419fcc                _do_dtors
 .text          0x000000000441a02c        0x0 ../LT24_Painter_bsp/\libhal_bsp.a(alt_exception_entry.o)
 .text          0x000000000441a02c       0x34 ../LT24_Painter_bsp/\libhal_bsp.a(alt_icache_flush_all.o)
                0x000000000441a02c                alt_icache_flush_all
 .text          0x000000000441a060       0x9c ../LT24_Painter_bsp/\libhal_bsp.a(alt_instruction_exception_entry.o)
                0x000000000441a060                alt_exception_cause_generated_bad_addr
 .text          0x000000000441a0fc      0x140 ../LT24_Painter_bsp/\libhal_bsp.a(alt_io_redirect.o)
                0x000000000441a1c0                alt_io_redirect
 .text          0x000000000441a23c      0x274 ../LT24_Painter_bsp/\libhal_bsp.a(alt_open.o)
                0x000000000441a358                open
 .text          0x000000000441a4b0       0x24 ../LT24_Painter_bsp/\libhal_bsp.a(altera_nios2_gen2_irq.o)
                0x000000000441a4b0                altera_nios2_gen2_irq_init
 .text          0x000000000441a4d4       0x90 ../LT24_Painter_bsp/\libhal_bsp.a(alt_find_dev.o)
                0x000000000441a4d4                alt_find_dev
 .text          0x000000000441a564      0x114 ../LT24_Painter_bsp/\libhal_bsp.a(alt_find_file.o)
                0x000000000441a564                alt_find_file
 .text          0x000000000441a678       0xb4 ../LT24_Painter_bsp/\libhal_bsp.a(alt_get_fd.o)
                0x000000000441a678                alt_get_fd
 .text          0x000000000441a72c       0x90 ../LT24_Painter_bsp/\libhal_bsp.a(alt_icache_flush.o)
                0x000000000441a72c                alt_icache_flush
 .text          0x000000000441a7bc        0x0 p:/altera/16.0/nios2eds/bin/gnu/h-x86_64-mingw32/bin/../lib/gcc/nios2-elf/5.2.0/../../../../../H-x86_64-mingw32/nios2-elf/lib\libc.a(lib_a-atexit.o)
 .text.atexit   0x000000000441a7bc       0x14 p:/altera/16.0/nios2eds/bin/gnu/h-x86_64-mingw32/bin/../lib/gcc/nios2-elf/5.2.0/../../../../../H-x86_64-mingw32/nios2-elf/lib\libc.a(lib_a-atexit.o)
                0x000000000441a7bc                atexit
 .text          0x000000000441a7d0        0x0 p:/altera/16.0/nios2eds/bin/gnu/h-x86_64-mingw32/bin/../lib/gcc/nios2-elf/5.2.0/../../../../../H-x86_64-mingw32/nios2-elf/lib\libc.a(lib_a-exit.o)
 .text.exit     0x000000000441a7d0       0x38 p:/altera/16.0/nios2eds/bin/gnu/h-x86_64-mingw32/bin/../lib/gcc/nios2-elf/5.2.0/../../../../../H-x86_64-mingw32/nios2-elf/lib\libc.a(lib_a-exit.o)
                0x000000000441a7d0                exit
 .text          0x000000000441a808        0x0 p:/altera/16.0/nios2eds/bin/gnu/h-x86_64-mingw32/bin/../lib/gcc/nios2-elf/5.2.0/../../../../../H-x86_64-mingw32/nios2-elf/lib\libc.a(lib_a-memcmp.o)
 .text.memcmp   0x000000000441a808       0x7c p:/altera/16.0/nios2eds/bin/gnu/h-x86_64-mingw32/bin/../lib/gcc/nios2-elf/5.2.0/../../../../../H-x86_64-mingw32/nios2-elf/lib\libc.a(lib_a-memcmp.o)
                0x000000000441a808                memcmp
 .text          0x000000000441a884        0x0 p:/altera/16.0/nios2eds/bin/gnu/h-x86_64-mingw32/bin/../lib/gcc/nios2-elf/5.2.0/../../../../../H-x86_64-mingw32/nios2-elf/lib\libc.a(lib_a-__atexit.o)
 .text.__register_exitproc
                0x000000000441a884      0x118 p:/altera/16.0/nios2eds/bin/gnu/h-x86_64-mingw32/bin/../lib/gcc/nios2-elf/5.2.0/../../../../../H-x86_64-mingw32/nios2-elf/lib\libc.a(lib_a-__atexit.o)
                0x000000000441a884                __register_exitproc
 .text          0x000000000441a99c        0x0 p:/altera/16.0/nios2eds/bin/gnu/h-x86_64-mingw32/bin/../lib/gcc/nios2-elf/5.2.0/../../../../../H-x86_64-mingw32/nios2-elf/lib\libc.a(lib_a-__call_atexit.o)
 .text.__call_exitprocs
                0x000000000441a99c      0x180 p:/altera/16.0/nios2eds/bin/gnu/h-x86_64-mingw32/bin/../lib/gcc/nios2-elf/5.2.0/../../../../../H-x86_64-mingw32/nios2-elf/lib\libc.a(lib_a-__call_atexit.o)
                0x000000000441a99c                __call_exitprocs
 .text          0x000000000441ab1c       0x34 ../LT24_Painter_bsp/\libhal_bsp.a(alt_exit.o)
                0x000000000441ab1c                _exit
 *(.gnu.warning.*)
 *(.fini)
                [!provide]                        PROVIDE (__etext, ABSOLUTE (.))
                [!provide]                        PROVIDE (_etext, ABSOLUTE (.))
                [!provide]                        PROVIDE (etext, ABSOLUTE (.))
 *(.eh_frame_hdr)
                0x000000000441ab50                . = ALIGN (0x4)
                [!provide]                        PROVIDE (__preinit_array_start, ABSOLUTE (.))
 *(.preinit_array)
                [!provide]                        PROVIDE (__preinit_array_end, ABSOLUTE (.))
                [!provide]                        PROVIDE (__init_array_start, ABSOLUTE (.))
 *(.init_array)
                [!provide]                        PROVIDE (__init_array_end, ABSOLUTE (.))
                [!provide]                        PROVIDE (__fini_array_start, ABSOLUTE (.))
 *(.fini_array)
                [!provide]                        PROVIDE (__fini_array_end, ABSOLUTE (.))
 *(.eh_frame)
 *(.gcc_except_table .gcc_except_table.*)
 *(.dynamic)
                0x000000000441ab50                PROVIDE (__CTOR_LIST__, ABSOLUTE (.))
 *(.ctors)
 *(SORT(.ctors.*))
                0x000000000441ab50                PROVIDE (__CTOR_END__, ABSOLUTE (.))
                0x000000000441ab50                PROVIDE (__DTOR_LIST__, ABSOLUTE (.))
 *(.dtors)
 *(SORT(.dtors.*))
                0x000000000441ab50                PROVIDE (__DTOR_END__, ABSOLUTE (.))
 *(.jcr)
                0x000000000441ab50                . = ALIGN (0x4)

.rodata         0x000000000441ab50    0x1a378
                0x000000000441ab50                PROVIDE (__ram_rodata_start, ABSOLUTE (.))
                0x000000000441ab50                . = ALIGN (0x4)
 *(.rodata .rodata.* .gnu.linkonce.r.*)
 .rodata        0x000000000441ab50     0x77f2 obj/default/fonts/tahomabold_20.o
 .rodata        0x0000000004422342    0x12520 obj/default/fonts/tahomabold_32.o
 *fill*         0x0000000004434862        0x2 
 .rodata        0x0000000004434864       0x57 obj/default/graphic_lib/simple_graphics.o
 *fill*         0x00000000044348bb        0x1 
 .rodata        0x00000000044348bc       0x25 obj/default/graphic_lib/simple_text.o
 *fill*         0x00000000044348e1        0x3 
 .rodata        0x00000000044348e4       0x29 obj/default/gui.o
 *fill*         0x000000000443490d        0x3 
 .rodata        0x0000000004434910       0x33 obj/default/gui_vpg.o
 *fill*         0x0000000004434943        0x1 
 .rodata        0x0000000004434944       0x3d obj/default/main.o
 *fill*         0x0000000004434981        0x3 
 .rodata        0x0000000004434984      0x1f1 obj/default/terasic_lib/I2C.o
 *fill*         0x0000000004434b75        0x3 
 .rodata        0x0000000004434b78        0xf obj/default/terasic_lib/debug.o
 *fill*         0x0000000004434b87        0x1 
 .rodata.str1.4
                0x0000000004434b88        0x5 p:/altera/16.0/nios2eds/bin/gnu/h-x86_64-mingw32/bin/../lib/gcc/nios2-elf/5.2.0/../../../../../H-x86_64-mingw32/nios2-elf/lib\libm.a(lib_a-w_sqrt.o)
 .rodata        0x0000000004434b8d      0x100 p:/altera/16.0/nios2eds/bin/gnu/h-x86_64-mingw32/bin/../lib/gcc/nios2-elf/5.2.0\libgcc.a(_clz.o)
                0x0000000004434b8d                __clz_tab
 *fill*         0x0000000004434c8d        0x3 
 .rodata.str1.4
                0x0000000004434c90        0x2 p:/altera/16.0/nios2eds/bin/gnu/h-x86_64-mingw32/bin/../lib/gcc/nios2-elf/5.2.0/../../../../../H-x86_64-mingw32/nios2-elf/lib\libc.a(lib_a-impure.o)
 *fill*         0x0000000004434c92        0x2 
 .rodata.str1.4
                0x0000000004434c94        0x2 p:/altera/16.0/nios2eds/bin/gnu/h-x86_64-mingw32/bin/../lib/gcc/nios2-elf/5.2.0/../../../../../H-x86_64-mingw32/nios2-elf/lib\libc.a(lib_a-puts.o)
 *fill*         0x0000000004434c96        0x2 
 .rodata.str1.4
                0x0000000004434c98       0x42 p:/altera/16.0/nios2eds/bin/gnu/h-x86_64-mingw32/bin/../lib/gcc/nios2-elf/5.2.0/../../../../../H-x86_64-mingw32/nios2-elf/lib\libc.a(lib_a-svfprintf.o)
 .rodata.zeroes.4389
                0x0000000004434cda       0x10 p:/altera/16.0/nios2eds/bin/gnu/h-x86_64-mingw32/bin/../lib/gcc/nios2-elf/5.2.0/../../../../../H-x86_64-mingw32/nios2-elf/lib\libc.a(lib_a-svfprintf.o)
 .rodata.blanks.4388
                0x0000000004434cea       0x10 p:/altera/16.0/nios2eds/bin/gnu/h-x86_64-mingw32/bin/../lib/gcc/nios2-elf/5.2.0/../../../../../H-x86_64-mingw32/nios2-elf/lib\libc.a(lib_a-svfprintf.o)
 .rodata.str1.4
                0x0000000004434cfa       0x42 p:/altera/16.0/nios2eds/bin/gnu/h-x86_64-mingw32/bin/../lib/gcc/nios2-elf/5.2.0/../../../../../H-x86_64-mingw32/nios2-elf/lib\libc.a(lib_a-vfprintf.o)
 .rodata.zeroes.4404
                0x0000000004434cfa       0x10 p:/altera/16.0/nios2eds/bin/gnu/h-x86_64-mingw32/bin/../lib/gcc/nios2-elf/5.2.0/../../../../../H-x86_64-mingw32/nios2-elf/lib\libc.a(lib_a-vfprintf.o)
 .rodata.blanks.4403
                0x0000000004434d0a       0x10 p:/altera/16.0/nios2eds/bin/gnu/h-x86_64-mingw32/bin/../lib/gcc/nios2-elf/5.2.0/../../../../../H-x86_64-mingw32/nios2-elf/lib\libc.a(lib_a-vfprintf.o)
 *fill*         0x0000000004434d1a        0x2 
 .rodata.str1.4
                0x0000000004434d1c       0x10 p:/altera/16.0/nios2eds/bin/gnu/h-x86_64-mingw32/bin/../lib/gcc/nios2-elf/5.2.0/../../../../../H-x86_64-mingw32/nios2-elf/lib\libc.a(lib_a-dtoa.o)
                                         0x12 (size before relaxing)
 .rodata.str1.4
                0x0000000004434d2c        0xc p:/altera/16.0/nios2eds/bin/gnu/h-x86_64-mingw32/bin/../lib/gcc/nios2-elf/5.2.0/../../../../../H-x86_64-mingw32/nios2-elf/lib\libc.a(lib_a-locale.o)
                                         0x12 (size before relaxing)
 .rodata.p05.2768
                0x0000000004434d38        0xc p:/altera/16.0/nios2eds/bin/gnu/h-x86_64-mingw32/bin/../lib/gcc/nios2-elf/5.2.0/../../../../../H-x86_64-mingw32/nios2-elf/lib\libc.a(lib_a-mprec.o)
 .rodata.__mprec_tinytens
                0x0000000004434d44       0x28 p:/altera/16.0/nios2eds/bin/gnu/h-x86_64-mingw32/bin/../lib/gcc/nios2-elf/5.2.0/../../../../../H-x86_64-mingw32/nios2-elf/lib\libc.a(lib_a-mprec.o)
                0x0000000004434d44                __mprec_tinytens
 .rodata.__mprec_bigtens
                0x0000000004434d6c       0x28 p:/altera/16.0/nios2eds/bin/gnu/h-x86_64-mingw32/bin/../lib/gcc/nios2-elf/5.2.0/../../../../../H-x86_64-mingw32/nios2-elf/lib\libc.a(lib_a-mprec.o)
                0x0000000004434d6c                __mprec_bigtens
 .rodata.__mprec_tens
                0x0000000004434d94       0xc8 p:/altera/16.0/nios2eds/bin/gnu/h-x86_64-mingw32/bin/../lib/gcc/nios2-elf/5.2.0/../../../../../H-x86_64-mingw32/nios2-elf/lib\libc.a(lib_a-mprec.o)
                0x0000000004434d94                __mprec_tens
 .rodata.str1.4
                0x0000000004434e5c       0x2f p:/altera/16.0/nios2eds/bin/gnu/h-x86_64-mingw32/bin/../lib/gcc/nios2-elf/5.2.0/../../../../../H-x86_64-mingw32/nios2-elf/lib\libc.a(lib_a-svfiprintf.o)
 .rodata.zeroes.4333
                0x0000000004434e5c       0x10 p:/altera/16.0/nios2eds/bin/gnu/h-x86_64-mingw32/bin/../lib/gcc/nios2-elf/5.2.0/../../../../../H-x86_64-mingw32/nios2-elf/lib\libc.a(lib_a-svfiprintf.o)
 .rodata.blanks.4332
                0x0000000004434e6c       0x10 p:/altera/16.0/nios2eds/bin/gnu/h-x86_64-mingw32/bin/../lib/gcc/nios2-elf/5.2.0/../../../../../H-x86_64-mingw32/nios2-elf/lib\libc.a(lib_a-svfiprintf.o)
 .rodata.str1.4
                0x0000000004434e7c       0x2f p:/altera/16.0/nios2eds/bin/gnu/h-x86_64-mingw32/bin/../lib/gcc/nios2-elf/5.2.0/../../../../../H-x86_64-mingw32/nios2-elf/lib\libc.a(lib_a-vfiprintf.o)
 .rodata.zeroes.4349
                0x0000000004434e7c       0x10 p:/altera/16.0/nios2eds/bin/gnu/h-x86_64-mingw32/bin/../lib/gcc/nios2-elf/5.2.0/../../../../../H-x86_64-mingw32/nios2-elf/lib\libc.a(lib_a-vfiprintf.o)
 .rodata.blanks.4348
                0x0000000004434e8c       0x10 p:/altera/16.0/nios2eds/bin/gnu/h-x86_64-mingw32/bin/../lib/gcc/nios2-elf/5.2.0/../../../../../H-x86_64-mingw32/nios2-elf/lib\libc.a(lib_a-vfiprintf.o)
 .rodata        0x0000000004434e9c        0xa ../LT24_Painter_bsp/\libhal_bsp.a(alt_dev.o)
 *fill*         0x0000000004434ea6        0x2 
 .rodata        0x0000000004434ea8        0xf ../LT24_Painter_bsp/\libhal_bsp.a(alt_main.o)
 *fill*         0x0000000004434eb7        0x1 
 .rodata        0x0000000004434eb8        0xf ../LT24_Painter_bsp/\libhal_bsp.a(alt_sys_init.o)
 *(.rodata1)
                0x0000000004434ec8                . = ALIGN (0x4)
 *fill*         0x0000000004434ec7        0x1 
                0x0000000004434ec8                PROVIDE (__ram_rodata_end, ABSOLUTE (.))
                0x000000000441ab50                PROVIDE (__flash_rodata_start, LOADADDR (.rodata))

.rwdata         0x0000000004434ec8     0x36b4 load address 0x000000000443857c
                0x0000000004434ec8                PROVIDE (__ram_rwdata_start, ABSOLUTE (.))
                0x0000000004434ec8                . = ALIGN (0x4)
 *(.got.plt)
 *(.got)
 *(.data1)
 *(.data .data.* .gnu.linkonce.d.*)
 .data          0x0000000004434ec8        0x0 ../LT24_Painter_bsp//obj/HAL/src/crt0.o
 .data          0x0000000004434ec8      0xbc0 obj/default/fonts/tahomabold_20.o
                0x0000000004434ec8                tahomabold_20
 .data          0x0000000004435a88      0xbc0 obj/default/fonts/tahomabold_32.o
                0x0000000004435a88                tahomabold_32
 .data          0x0000000004436648        0x0 obj/default/geometry.o
 .data          0x0000000004436648        0x0 obj/default/graphic_lib/ILI9341.o
 .data          0x0000000004436648      0x415 obj/default/graphic_lib/simple_graphics.o
                0x0000000004436648                cour10_font_array
 .data          0x0000000004436a5d        0x0 obj/default/graphic_lib/simple_text.o
 *fill*         0x0000000004436a5d        0x3 
 .data          0x0000000004436a60       0x14 obj/default/gui.o
                0x0000000004436a60                szPallete
 .data          0x0000000004436a74        0x0 obj/default/gui_vpg.o
 .data          0x0000000004436a74        0x0 obj/default/main.o
 .data          0x0000000004436a74        0x0 obj/default/terasic_lib/I2C.o
 .data          0x0000000004436a74       0x10 obj/default/terasic_lib/SEG7.o
 .data          0x0000000004436a84        0x0 obj/default/terasic_lib/debug.o
 .data          0x0000000004436a84        0x0 obj/default/terasic_lib/queue.o
 .data          0x0000000004436a84        0x0 obj/default/terasic_lib/touch_spi.o
 .data          0x0000000004436a84        0x0 p:/altera/16.0/nios2eds/bin/gnu/h-x86_64-mingw32/bin/../lib/gcc/nios2-elf/5.2.0/../../../../../H-x86_64-mingw32/nios2-elf/lib\libm.a(lib_a-w_sqrt.o)
 .data          0x0000000004436a84        0x0 p:/altera/16.0/nios2eds/bin/gnu/h-x86_64-mingw32/bin/../lib/gcc/nios2-elf/5.2.0/../../../../../H-x86_64-mingw32/nios2-elf/lib\libm.a(lib_a-e_sqrt.o)
 .data          0x0000000004436a84        0x0 p:/altera/16.0/nios2eds/bin/gnu/h-x86_64-mingw32/bin/../lib/gcc/nios2-elf/5.2.0/../../../../../H-x86_64-mingw32/nios2-elf/lib\libm.a(lib_a-s_fpclassify.o)
 .data          0x0000000004436a84        0x0 p:/altera/16.0/nios2eds/bin/gnu/h-x86_64-mingw32/bin/../lib/gcc/nios2-elf/5.2.0/../../../../../H-x86_64-mingw32/nios2-elf/lib\libm.a(lib_a-s_lib_ver.o)
 .data          0x0000000004436a84        0x0 p:/altera/16.0/nios2eds/bin/gnu/h-x86_64-mingw32/bin/../lib/gcc/nios2-elf/5.2.0/../../../../../H-x86_64-mingw32/nios2-elf/lib\libm.a(lib_a-s_matherr.o)
 .data          0x0000000004436a84        0x0 p:/altera/16.0/nios2eds/bin/gnu/h-x86_64-mingw32/bin/../lib/gcc/nios2-elf/5.2.0\libgcc.a(lib2-divmod.o)
 .data          0x0000000004436a84        0x0 p:/altera/16.0/nios2eds/bin/gnu/h-x86_64-mingw32/bin/../lib/gcc/nios2-elf/5.2.0\libgcc.a(adddf3.o)
 .data          0x0000000004436a84        0x0 p:/altera/16.0/nios2eds/bin/gnu/h-x86_64-mingw32/bin/../lib/gcc/nios2-elf/5.2.0\libgcc.a(divdf3.o)
 .data          0x0000000004436a84        0x0 p:/altera/16.0/nios2eds/bin/gnu/h-x86_64-mingw32/bin/../lib/gcc/nios2-elf/5.2.0\libgcc.a(ledf2.o)
 .data          0x0000000004436a84        0x0 p:/altera/16.0/nios2eds/bin/gnu/h-x86_64-mingw32/bin/../lib/gcc/nios2-elf/5.2.0\libgcc.a(muldf3.o)
 .data          0x0000000004436a84        0x0 p:/altera/16.0/nios2eds/bin/gnu/h-x86_64-mingw32/bin/../lib/gcc/nios2-elf/5.2.0\libgcc.a(subdf3.o)
 .data          0x0000000004436a84        0x0 p:/altera/16.0/nios2eds/bin/gnu/h-x86_64-mingw32/bin/../lib/gcc/nios2-elf/5.2.0\libgcc.a(fixdfsi.o)
 .data          0x0000000004436a84        0x0 p:/altera/16.0/nios2eds/bin/gnu/h-x86_64-mingw32/bin/../lib/gcc/nios2-elf/5.2.0\libgcc.a(floatsidf.o)
 .data          0x0000000004436a84        0x0 p:/altera/16.0/nios2eds/bin/gnu/h-x86_64-mingw32/bin/../lib/gcc/nios2-elf/5.2.0\libgcc.a(_clzsi2.o)
 .data          0x0000000004436a84        0x0 p:/altera/16.0/nios2eds/bin/gnu/h-x86_64-mingw32/bin/../lib/gcc/nios2-elf/5.2.0\libgcc.a(_clz.o)
 .data          0x0000000004436a84        0x0 p:/altera/16.0/nios2eds/bin/gnu/h-x86_64-mingw32/bin/../lib/gcc/nios2-elf/5.2.0/../../../../../H-x86_64-mingw32/nios2-elf/lib\libc.a(lib_a-errno.o)
 .data          0x0000000004436a84        0x0 p:/altera/16.0/nios2eds/bin/gnu/h-x86_64-mingw32/bin/../lib/gcc/nios2-elf/5.2.0/../../../../../H-x86_64-mingw32/nios2-elf/lib\libc.a(lib_a-impure.o)
 .data.impure_data
                0x0000000004436a84      0x424 p:/altera/16.0/nios2eds/bin/gnu/h-x86_64-mingw32/bin/../lib/gcc/nios2-elf/5.2.0/../../../../../H-x86_64-mingw32/nios2-elf/lib\libc.a(lib_a-impure.o)
 .data          0x0000000004436ea8        0x0 p:/altera/16.0/nios2eds/bin/gnu/h-x86_64-mingw32/bin/../lib/gcc/nios2-elf/5.2.0/../../../../../H-x86_64-mingw32/nios2-elf/lib\libc.a(lib_a-malloc.o)
 .data          0x0000000004436ea8        0x0 p:/altera/16.0/nios2eds/bin/gnu/h-x86_64-mingw32/bin/../lib/gcc/nios2-elf/5.2.0/../../../../../H-x86_64-mingw32/nios2-elf/lib\libc.a(lib_a-mallocr.o)
 .data.__malloc_av_
                0x0000000004436ea8      0x408 p:/altera/16.0/nios2eds/bin/gnu/h-x86_64-mingw32/bin/../lib/gcc/nios2-elf/5.2.0/../../../../../H-x86_64-mingw32/nios2-elf/lib\libc.a(lib_a-mallocr.o)
                0x0000000004436ea8                __malloc_av_
 .data          0x00000000044372b0        0x0 p:/altera/16.0/nios2eds/bin/gnu/h-x86_64-mingw32/bin/../lib/gcc/nios2-elf/5.2.0/../../../../../H-x86_64-mingw32/nios2-elf/lib\libc.a(lib_a-memcpy.o)
 .data          0x00000000044372b0        0x0 p:/altera/16.0/nios2eds/bin/gnu/h-x86_64-mingw32/bin/../lib/gcc/nios2-elf/5.2.0/../../../../../H-x86_64-mingw32/nios2-elf/lib\libc.a(lib_a-memset.o)
 .data          0x00000000044372b0        0x0 p:/altera/16.0/nios2eds/bin/gnu/h-x86_64-mingw32/bin/../lib/gcc/nios2-elf/5.2.0/../../../../../H-x86_64-mingw32/nios2-elf/lib\libc.a(lib_a-printf.o)
 .data          0x00000000044372b0        0x0 p:/altera/16.0/nios2eds/bin/gnu/h-x86_64-mingw32/bin/../lib/gcc/nios2-elf/5.2.0/../../../../../H-x86_64-mingw32/nios2-elf/lib\libc.a(lib_a-puts.o)
 .data          0x00000000044372b0        0x0 p:/altera/16.0/nios2eds/bin/gnu/h-x86_64-mingw32/bin/../lib/gcc/nios2-elf/5.2.0/../../../../../H-x86_64-mingw32/nios2-elf/lib\libc.a(lib_a-sbrkr.o)
 .data          0x00000000044372b0        0x0 p:/altera/16.0/nios2eds/bin/gnu/h-x86_64-mingw32/bin/../lib/gcc/nios2-elf/5.2.0/../../../../../H-x86_64-mingw32/nios2-elf/lib\libc.a(lib_a-sprintf.o)
 .data          0x00000000044372b0        0x0 p:/altera/16.0/nios2eds/bin/gnu/h-x86_64-mingw32/bin/../lib/gcc/nios2-elf/5.2.0/../../../../../H-x86_64-mingw32/nios2-elf/lib\libc.a(lib_a-strcpy.o)
 .data          0x00000000044372b0        0x0 p:/altera/16.0/nios2eds/bin/gnu/h-x86_64-mingw32/bin/../lib/gcc/nios2-elf/5.2.0/../../../../../H-x86_64-mingw32/nios2-elf/lib\libc.a(lib_a-strlen.o)
 .data          0x00000000044372b0        0x0 p:/altera/16.0/nios2eds/bin/gnu/h-x86_64-mingw32/bin/../lib/gcc/nios2-elf/5.2.0/../../../../../H-x86_64-mingw32/nios2-elf/lib\libc.a(lib_a-svfprintf.o)
 .data          0x00000000044372b0        0x0 p:/altera/16.0/nios2eds/bin/gnu/h-x86_64-mingw32/bin/../lib/gcc/nios2-elf/5.2.0/../../../../../H-x86_64-mingw32/nios2-elf/lib\libc.a(lib_a-vfprintf.o)
 .data          0x00000000044372b0        0x0 p:/altera/16.0/nios2eds/bin/gnu/h-x86_64-mingw32/bin/../lib/gcc/nios2-elf/5.2.0/../../../../../H-x86_64-mingw32/nios2-elf/lib\libc.a(lib_a-vsnprintf.o)
 .data          0x00000000044372b0        0x0 p:/altera/16.0/nios2eds/bin/gnu/h-x86_64-mingw32/bin/../lib/gcc/nios2-elf/5.2.0/../../../../../H-x86_64-mingw32/nios2-elf/lib\libc.a(lib_a-wsetup.o)
 .data          0x00000000044372b0        0x0 p:/altera/16.0/nios2eds/bin/gnu/h-x86_64-mingw32/bin/../lib/gcc/nios2-elf/5.2.0/../../../../../H-x86_64-mingw32/nios2-elf/lib\libc.a(lib_a-dtoa.o)
 .data          0x00000000044372b0        0x0 p:/altera/16.0/nios2eds/bin/gnu/h-x86_64-mingw32/bin/../lib/gcc/nios2-elf/5.2.0/../../../../../H-x86_64-mingw32/nios2-elf/lib\libc.a(lib_a-fflush.o)
 .data          0x00000000044372b0        0x0 p:/altera/16.0/nios2eds/bin/gnu/h-x86_64-mingw32/bin/../lib/gcc/nios2-elf/5.2.0/../../../../../H-x86_64-mingw32/nios2-elf/lib\libc.a(lib_a-findfp.o)
 .data          0x00000000044372b0        0x0 p:/altera/16.0/nios2eds/bin/gnu/h-x86_64-mingw32/bin/../lib/gcc/nios2-elf/5.2.0/../../../../../H-x86_64-mingw32/nios2-elf/lib\libc.a(lib_a-freer.o)
 .data          0x00000000044372b0        0x0 p:/altera/16.0/nios2eds/bin/gnu/h-x86_64-mingw32/bin/../lib/gcc/nios2-elf/5.2.0/../../../../../H-x86_64-mingw32/nios2-elf/lib\libc.a(lib_a-fvwrite.o)
 .data          0x00000000044372b0        0x0 p:/altera/16.0/nios2eds/bin/gnu/h-x86_64-mingw32/bin/../lib/gcc/nios2-elf/5.2.0/../../../../../H-x86_64-mingw32/nios2-elf/lib\libc.a(lib_a-fwalk.o)
 .data          0x00000000044372b0        0x0 p:/altera/16.0/nios2eds/bin/gnu/h-x86_64-mingw32/bin/../lib/gcc/nios2-elf/5.2.0/../../../../../H-x86_64-mingw32/nios2-elf/lib\libc.a(lib_a-int_errno.o)
 .data          0x00000000044372b0        0x0 p:/altera/16.0/nios2eds/bin/gnu/h-x86_64-mingw32/bin/../lib/gcc/nios2-elf/5.2.0/../../../../../H-x86_64-mingw32/nios2-elf/lib\libc.a(lib_a-locale.o)
 .data.lc_message_charset
                0x00000000044372b0       0x20 p:/altera/16.0/nios2eds/bin/gnu/h-x86_64-mingw32/bin/../lib/gcc/nios2-elf/5.2.0/../../../../../H-x86_64-mingw32/nios2-elf/lib\libc.a(lib_a-locale.o)
 .data.lc_ctype_charset
                0x00000000044372d0       0x20 p:/altera/16.0/nios2eds/bin/gnu/h-x86_64-mingw32/bin/../lib/gcc/nios2-elf/5.2.0/../../../../../H-x86_64-mingw32/nios2-elf/lib\libc.a(lib_a-locale.o)
 .data.lconv    0x00000000044372f0       0x38 p:/altera/16.0/nios2eds/bin/gnu/h-x86_64-mingw32/bin/../lib/gcc/nios2-elf/5.2.0/../../../../../H-x86_64-mingw32/nios2-elf/lib\libc.a(lib_a-locale.o)
 .data          0x0000000004437328        0x0 p:/altera/16.0/nios2eds/bin/gnu/h-x86_64-mingw32/bin/../lib/gcc/nios2-elf/5.2.0/../../../../../H-x86_64-mingw32/nios2-elf/lib\libc.a(lib_a-makebuf.o)
 .data          0x0000000004437328        0x0 p:/altera/16.0/nios2eds/bin/gnu/h-x86_64-mingw32/bin/../lib/gcc/nios2-elf/5.2.0/../../../../../H-x86_64-mingw32/nios2-elf/lib\libc.a(lib_a-memchr.o)
 .data          0x0000000004437328        0x0 p:/altera/16.0/nios2eds/bin/gnu/h-x86_64-mingw32/bin/../lib/gcc/nios2-elf/5.2.0/../../../../../H-x86_64-mingw32/nios2-elf/lib\libc.a(lib_a-memmove.o)
 .data          0x0000000004437328        0x0 p:/altera/16.0/nios2eds/bin/gnu/h-x86_64-mingw32/bin/../lib/gcc/nios2-elf/5.2.0/../../../../../H-x86_64-mingw32/nios2-elf/lib\libc.a(lib_a-mprec.o)
 .data          0x0000000004437328        0x0 p:/altera/16.0/nios2eds/bin/gnu/h-x86_64-mingw32/bin/../lib/gcc/nios2-elf/5.2.0/../../../../../H-x86_64-mingw32/nios2-elf/lib\libc.a(lib_a-reallocr.o)
 .data          0x0000000004437328        0x0 p:/altera/16.0/nios2eds/bin/gnu/h-x86_64-mingw32/bin/../lib/gcc/nios2-elf/5.2.0/../../../../../H-x86_64-mingw32/nios2-elf/lib\libc.a(lib_a-stdio.o)
 .data          0x0000000004437328        0x0 p:/altera/16.0/nios2eds/bin/gnu/h-x86_64-mingw32/bin/../lib/gcc/nios2-elf/5.2.0/../../../../../H-x86_64-mingw32/nios2-elf/lib\libc.a(lib_a-strcmp.o)
 .data          0x0000000004437328        0x0 p:/altera/16.0/nios2eds/bin/gnu/h-x86_64-mingw32/bin/../lib/gcc/nios2-elf/5.2.0/../../../../../H-x86_64-mingw32/nios2-elf/lib\libc.a(lib_a-svfiprintf.o)
 .data          0x0000000004437328        0x0 p:/altera/16.0/nios2eds/bin/gnu/h-x86_64-mingw32/bin/../lib/gcc/nios2-elf/5.2.0/../../../../../H-x86_64-mingw32/nios2-elf/lib\libc.a(lib_a-vfiprintf.o)
 .data          0x0000000004437328        0x0 p:/altera/16.0/nios2eds/bin/gnu/h-x86_64-mingw32/bin/../lib/gcc/nios2-elf/5.2.0/../../../../../H-x86_64-mingw32/nios2-elf/lib\libc.a(lib_a-writer.o)
 .data          0x0000000004437328        0x0 p:/altera/16.0/nios2eds/bin/gnu/h-x86_64-mingw32/bin/../lib/gcc/nios2-elf/5.2.0/../../../../../H-x86_64-mingw32/nios2-elf/lib\libc.a(closer.o)
 .data          0x0000000004437328        0x0 p:/altera/16.0/nios2eds/bin/gnu/h-x86_64-mingw32/bin/../lib/gcc/nios2-elf/5.2.0/../../../../../H-x86_64-mingw32/nios2-elf/lib\libc.a(lib_a-callocr.o)
 .data          0x0000000004437328        0x0 p:/altera/16.0/nios2eds/bin/gnu/h-x86_64-mingw32/bin/../lib/gcc/nios2-elf/5.2.0/../../../../../H-x86_64-mingw32/nios2-elf/lib\libc.a(lib_a-fclose.o)
 .data          0x0000000004437328        0x0 p:/altera/16.0/nios2eds/bin/gnu/h-x86_64-mingw32/bin/../lib/gcc/nios2-elf/5.2.0/../../../../../H-x86_64-mingw32/nios2-elf/lib\libc.a(lib_a-fputwc.o)
 .data          0x0000000004437328        0x0 p:/altera/16.0/nios2eds/bin/gnu/h-x86_64-mingw32/bin/../lib/gcc/nios2-elf/5.2.0/../../../../../H-x86_64-mingw32/nios2-elf/lib\libc.a(lib_a-fstatr.o)
 .data          0x0000000004437328        0x0 p:/altera/16.0/nios2eds/bin/gnu/h-x86_64-mingw32/bin/../lib/gcc/nios2-elf/5.2.0/../../../../../H-x86_64-mingw32/nios2-elf/lib\libc.a(lib_a-isattyr.o)
 .data          0x0000000004437328        0x0 p:/altera/16.0/nios2eds/bin/gnu/h-x86_64-mingw32/bin/../lib/gcc/nios2-elf/5.2.0/../../../../../H-x86_64-mingw32/nios2-elf/lib\libc.a(lib_a-lseekr.o)
 .data          0x0000000004437328        0x0 p:/altera/16.0/nios2eds/bin/gnu/h-x86_64-mingw32/bin/../lib/gcc/nios2-elf/5.2.0/../../../../../H-x86_64-mingw32/nios2-elf/lib\libc.a(lib_a-readr.o)
 .data          0x0000000004437328        0x0 p:/altera/16.0/nios2eds/bin/gnu/h-x86_64-mingw32/bin/../lib/gcc/nios2-elf/5.2.0/../../../../../H-x86_64-mingw32/nios2-elf/lib\libc.a(lib_a-wbuf.o)
 .data          0x0000000004437328        0x0 p:/altera/16.0/nios2eds/bin/gnu/h-x86_64-mingw32/bin/../lib/gcc/nios2-elf/5.2.0/../../../../../H-x86_64-mingw32/nios2-elf/lib\libc.a(lib_a-wcrtomb.o)
 .data          0x0000000004437328        0x0 p:/altera/16.0/nios2eds/bin/gnu/h-x86_64-mingw32/bin/../lib/gcc/nios2-elf/5.2.0/../../../../../H-x86_64-mingw32/nios2-elf/lib\libc.a(lib_a-wctomb_r.o)
 .data          0x0000000004437328        0x0 p:/altera/16.0/nios2eds/bin/gnu/h-x86_64-mingw32/bin/../lib/gcc/nios2-elf/5.2.0\libgcc.a(_udivdi3.o)
 .data          0x0000000004437328        0x0 p:/altera/16.0/nios2eds/bin/gnu/h-x86_64-mingw32/bin/../lib/gcc/nios2-elf/5.2.0\libgcc.a(_umoddi3.o)
 .data          0x0000000004437328        0x0 p:/altera/16.0/nios2eds/bin/gnu/h-x86_64-mingw32/bin/../lib/gcc/nios2-elf/5.2.0\libgcc.a(eqdf2.o)
 .data          0x0000000004437328        0x0 p:/altera/16.0/nios2eds/bin/gnu/h-x86_64-mingw32/bin/../lib/gcc/nios2-elf/5.2.0\libgcc.a(gedf2.o)
 .data          0x0000000004437328        0x0 p:/altera/16.0/nios2eds/bin/gnu/h-x86_64-mingw32/bin/../lib/gcc/nios2-elf/5.2.0\libgcc.a(floatunsidf.o)
 .data          0x0000000004437328        0x0 ../LT24_Painter_bsp/\libhal_bsp.a(alt_alarm_start.o)
 .data          0x0000000004437328        0x0 ../LT24_Painter_bsp/\libhal_bsp.a(alt_close.o)
 .data          0x0000000004437328      0x1a8 ../LT24_Painter_bsp/\libhal_bsp.a(alt_dev.o)
                0x0000000004437328                alt_dev_null
                0x0000000004437350                alt_fd_list
 .data          0x00000000044374d0        0x0 ../LT24_Painter_bsp/\libhal_bsp.a(alt_errno.o)
 .data          0x00000000044374d0        0x0 ../LT24_Painter_bsp/\libhal_bsp.a(alt_fstat.o)
 .data          0x00000000044374d0        0x0 ../LT24_Painter_bsp/\libhal_bsp.a(alt_iic.o)
 .data          0x00000000044374d0        0x0 ../LT24_Painter_bsp/\libhal_bsp.a(alt_iic_isr_register.o)
 .data          0x00000000044374d0        0x0 ../LT24_Painter_bsp/\libhal_bsp.a(alt_irq_entry.o)
 .data          0x00000000044374d0        0x0 ../LT24_Painter_bsp/\libhal_bsp.a(alt_irq_handler.o)
 .data          0x00000000044374d0        0x0 ../LT24_Painter_bsp/\libhal_bsp.a(alt_irq_vars.o)
 .data          0x00000000044374d0        0x0 ../LT24_Painter_bsp/\libhal_bsp.a(alt_isatty.o)
 .data          0x00000000044374d0        0x0 ../LT24_Painter_bsp/\libhal_bsp.a(alt_load.o)
 .data          0x00000000044374d0        0x0 ../LT24_Painter_bsp/\libhal_bsp.a(alt_lseek.o)
 .data          0x00000000044374d0        0x0 ../LT24_Painter_bsp/\libhal_bsp.a(alt_main.o)
 .data          0x00000000044374d0        0x0 ../LT24_Painter_bsp/\libhal_bsp.a(alt_malloc_lock.o)
 .data          0x00000000044374d0        0x0 ../LT24_Painter_bsp/\libhal_bsp.a(alt_read.o)
 .data          0x00000000044374d0        0x0 ../LT24_Painter_bsp/\libhal_bsp.a(alt_release_fd.o)
 .data          0x00000000044374d0        0x0 ../LT24_Painter_bsp/\libhal_bsp.a(alt_sbrk.o)
 .data          0x00000000044374d0        0x0 ../LT24_Painter_bsp/\libhal_bsp.a(alt_tick.o)
 .data          0x00000000044374d0        0x0 ../LT24_Painter_bsp/\libhal_bsp.a(alt_usleep.o)