Archive member included to satisfy reference by file (symbol)

d:/intelfpga_lite/18.1/nios2eds/bin/gnu/h-x86_64-mingw32/bin/../lib/gcc/nios2-elf/5.3.0/../../../../../H-x86_64-mingw32/nios2-elf/lib\libm.a(lib_a-s_cos.o)
                              obj/default/src/graphic_object.o (cos)
d:/intelfpga_lite/18.1/nios2eds/bin/gnu/h-x86_64-mingw32/bin/../lib/gcc/nios2-elf/5.3.0/../../../../../H-x86_64-mingw32/nios2-elf/lib\libm.a(lib_a-s_sin.o)
                              obj/default/src/graphic_object.o (sin)
d:/intelfpga_lite/18.1/nios2eds/bin/gnu/h-x86_64-mingw32/bin/../lib/gcc/nios2-elf/5.3.0/../../../../../H-x86_64-mingw32/nios2-elf/lib\libm.a(lib_a-s_tan.o)
                              obj/default/src/graphic_object.o (tan)
d:/intelfpga_lite/18.1/nios2eds/bin/gnu/h-x86_64-mingw32/bin/../lib/gcc/nios2-elf/5.3.0/../../../../../H-x86_64-mingw32/nios2-elf/lib\libm.a(lib_a-e_rem_pio2.o)
                              d:/intelfpga_lite/18.1/nios2eds/bin/gnu/h-x86_64-mingw32/bin/../lib/gcc/nios2-elf/5.3.0/../../../../../H-x86_64-mingw32/nios2-elf/lib\libm.a(lib_a-s_cos.o) (__ieee754_rem_pio2)
d:/intelfpga_lite/18.1/nios2eds/bin/gnu/h-x86_64-mingw32/bin/../lib/gcc/nios2-elf/5.3.0/../../../../../H-x86_64-mingw32/nios2-elf/lib\libm.a(lib_a-k_cos.o)
                              d:/intelfpga_lite/18.1/nios2eds/bin/gnu/h-x86_64-mingw32/bin/../lib/gcc/nios2-elf/5.3.0/../../../../../H-x86_64-mingw32/nios2-elf/lib\libm.a(lib_a-s_cos.o) (__kernel_cos)
d:/intelfpga_lite/18.1/nios2eds/bin/gnu/h-x86_64-mingw32/bin/../lib/gcc/nios2-elf/5.3.0/../../../../../H-x86_64-mingw32/nios2-elf/lib\libm.a(lib_a-k_rem_pio2.o)
                              d:/intelfpga_lite/18.1/nios2eds/bin/gnu/h-x86_64-mingw32/bin/../lib/gcc/nios2-elf/5.3.0/../../../../../H-x86_64-mingw32/nios2-elf/lib\libm.a(lib_a-e_rem_pio2.o) (__kernel_rem_pio2)
d:/intelfpga_lite/18.1/nios2eds/bin/gnu/h-x86_64-mingw32/bin/../lib/gcc/nios2-elf/5.3.0/../../../../../H-x86_64-mingw32/nios2-elf/lib\libm.a(lib_a-k_sin.o)
                              d:/intelfpga_lite/18.1/nios2eds/bin/gnu/h-x86_64-mingw32/bin/../lib/gcc/nios2-elf/5.3.0/../../../../../H-x86_64-mingw32/nios2-elf/lib\libm.a(lib_a-s_cos.o) (__kernel_sin)
d:/intelfpga_lite/18.1/nios2eds/bin/gnu/h-x86_64-mingw32/bin/../lib/gcc/nios2-elf/5.3.0/../../../../../H-x86_64-mingw32/nios2-elf/lib\libm.a(lib_a-k_tan.o)
                              d:/intelfpga_lite/18.1/nios2eds/bin/gnu/h-x86_64-mingw32/bin/../lib/gcc/nios2-elf/5.3.0/../../../../../H-x86_64-mingw32/nios2-elf/lib\libm.a(lib_a-s_tan.o) (__kernel_tan)
d:/intelfpga_lite/18.1/nios2eds/bin/gnu/h-x86_64-mingw32/bin/../lib/gcc/nios2-elf/5.3.0/../../../../../H-x86_64-mingw32/nios2-elf/lib\libm.a(lib_a-s_fabs.o)
                              d:/intelfpga_lite/18.1/nios2eds/bin/gnu/h-x86_64-mingw32/bin/../lib/gcc/nios2-elf/5.3.0/../../../../../H-x86_64-mingw32/nios2-elf/lib\libm.a(lib_a-e_rem_pio2.o) (fabs)
d:/intelfpga_lite/18.1/nios2eds/bin/gnu/h-x86_64-mingw32/bin/../lib/gcc/nios2-elf/5.3.0/../../../../../H-x86_64-mingw32/nios2-elf/lib\libm.a(lib_a-s_floor.o)
                              d:/intelfpga_lite/18.1/nios2eds/bin/gnu/h-x86_64-mingw32/bin/../lib/gcc/nios2-elf/5.3.0/../../../../../H-x86_64-mingw32/nios2-elf/lib\libm.a(lib_a-k_rem_pio2.o) (floor)
d:/intelfpga_lite/18.1/nios2eds/bin/gnu/h-x86_64-mingw32/bin/../lib/gcc/nios2-elf/5.3.0/../../../../../H-x86_64-mingw32/nios2-elf/lib\libm.a(lib_a-s_scalbn.o)
                              d:/intelfpga_lite/18.1/nios2eds/bin/gnu/h-x86_64-mingw32/bin/../lib/gcc/nios2-elf/5.3.0/../../../../../H-x86_64-mingw32/nios2-elf/lib\libm.a(lib_a-k_rem_pio2.o) (scalbn)
d:/intelfpga_lite/18.1/nios2eds/bin/gnu/h-x86_64-mingw32/bin/../lib/gcc/nios2-elf/5.3.0/../../../../../H-x86_64-mingw32/nios2-elf/lib\libm.a(lib_a-s_copysign.o)
                              d:/intelfpga_lite/18.1/nios2eds/bin/gnu/h-x86_64-mingw32/bin/../lib/gcc/nios2-elf/5.3.0/../../../../../H-x86_64-mingw32/nios2-elf/lib\libm.a(lib_a-s_scalbn.o) (copysign)
d:/intelfpga_lite/18.1/nios2eds/bin/gnu/h-x86_64-mingw32/bin/../lib/gcc/nios2-elf/5.3.0\libgcc.a(lib2-divmod.o)
                              obj/default/terasic_src/simple_text.o (__divsi3)
d:/intelfpga_lite/18.1/nios2eds/bin/gnu/h-x86_64-mingw32/bin/../lib/gcc/nios2-elf/5.3.0\libgcc.a(addsf3.o)
                              obj/default/src/graphic_object.o (__addsf3)
d:/intelfpga_lite/18.1/nios2eds/bin/gnu/h-x86_64-mingw32/bin/../lib/gcc/nios2-elf/5.3.0\libgcc.a(divsf3.o)
                              obj/default/src/accelerometer.o (__divsf3)
d:/intelfpga_lite/18.1/nios2eds/bin/gnu/h-x86_64-mingw32/bin/../lib/gcc/nios2-elf/5.3.0\libgcc.a(mulsf3.o)
                              obj/default/src/accelerometer.o (__mulsf3)
d:/intelfpga_lite/18.1/nios2eds/bin/gnu/h-x86_64-mingw32/bin/../lib/gcc/nios2-elf/5.3.0\libgcc.a(subsf3.o)
                              obj/default/src/graphic_object.o (__subsf3)
[...]
Memory Configuration

Name             Origin             Length             Attributes
new_sdram_controller_0 0x0000000000000000 0x0000000004000000
reset            0x0000000005040000 0x0000000000000020
onchip_memory2_0 0x0000000005040020 0x00000000000270e0
*default*        0x0000000000000000 0xffffffffffffffff

Linker script and memory map

LOAD C:/Users/vanno/OneDrive/Documents/GitKraken/3D_Graphic_Engine/test_accelerometro_vga_lt24/software/LT24_swipe_bsp//obj/HAL/src/crt0.o
LOAD obj/default/terasic_src/ILI9341.o
LOAD obj/default/terasic_src/debug.o
LOAD obj/default/terasic_src/simple_graphics.o
LOAD obj/default/terasic_src/simple_text.o
LOAD obj/default/terasic_src/touch_spi.o
LOAD obj/default/src/LT24_interface.o
LOAD obj/default/src/accelerometer.o
LOAD obj/default/src/functions.o
LOAD obj/default/src/graphic_object.o
LOAD obj/default/src/test_render.o
LOAD d:/intelfpga_lite/18.1/nios2eds/bin/gnu/h-x86_64-mingw32/bin/../lib/gcc/nios2-elf/5.3.0/../../../../../H-x86_64-mingw32/nios2-elf/lib\libstdc++.a
LOAD d:/intelfpga_lite/18.1/nios2eds/bin/gnu/h-x86_64-mingw32/bin/../lib/gcc/nios2-elf/5.3.0/../../../../../H-x86_64-mingw32/nios2-elf/lib\libm.a
LOAD d:/intelfpga_lite/18.1/nios2eds/bin/gnu/h-x86_64-mingw32/bin/../lib/gcc/nios2-elf/5.3.0\libgcc.a
START GROUP
LOAD d:/intelfpga_lite/18.1/nios2eds/bin/gnu/h-x86_64-mingw32/bin/../lib/gcc/nios2-elf/5.3.0/../../../../../H-x86_64-mingw32/nios2-elf/lib\libc.a
LOAD d:/intelfpga_lite/18.1/nios2eds/bin/gnu/h-x86_64-mingw32/bin/../lib/gcc/nios2-elf/5.3.0\libgcc.a
LOAD C:/Users/vanno/OneDrive/Documents/GitKraken/3D_Graphic_Engine/test_accelerometro_vga_lt24/software/LT24_swipe_bsp/\libhal_bsp.a
LOAD d:/intelfpga_lite/18.1/nios2eds/bin/gnu/h-x86_64-mingw32/bin/../lib/gcc/nios2-elf/5.3.0/../../../../../H-x86_64-mingw32/nios2-elf/lib\libm.a
END GROUP
LOAD d:/intelfpga_lite/18.1/nios2eds/bin/gnu/h-x86_64-mingw32/bin/../lib/gcc/nios2-elf/5.3.0\libgcc.a
                0x0000000000000000                __alt_mem_new_sdram_controller_0 = 0x0
                0x0000000005040000                __alt_mem_onchip_memory2_0 = 0x5040000

.entry          0x0000000005040000       0x20
 *(.entry)
 .entry         0x0000000005040000       0x20 C:/Users/vanno/OneDrive/Documents/GitKraken/3D_Graphic_Engine/test_accelerometro_vga_lt24/software/LT24_swipe_bsp//obj/HAL/src/crt0.o
                0x0000000005040000                __reset

.exceptions     0x0000000005040020      0x228
                0x0000000005040020                PROVIDE (__ram_exceptions_start, ABSOLUTE (.))
                0x0000000005040020                . = ALIGN (0x20)
 *(.irq)
 *(.exceptions.entry.label)
 .exceptions.entry.label
                0x0000000005040020        0x0 C:/Users/vanno/OneDrive/Documents/GitKraken/3D_Graphic_Engine/test_accelerometro_vga_lt24/software/LT24_swipe_bsp/\libhal_bsp.a(alt_irq_entry.o)
                0x0000000005040020                alt_irq_entry
 .exceptions.entry.label
                0x0000000005040020        0x0 C:/Users/vanno/OneDrive/Documents/GitKraken/3D_Graphic_Engine/test_accelerometro_vga_lt24/software/LT24_swipe_bsp/\libhal_bsp.a(alt_exception_entry.o)
                0x0000000005040020                alt_exception
 *(.exceptions.entry.user)
 *(.exceptions.entry.ecc_fatal)
 *(.exceptions.entry)
 .exceptions.entry
                0x0000000005040020       0x54 C:/Users/vanno/OneDrive/Documents/GitKraken/3D_Graphic_Engine/test_accelerometro_vga_lt24/software/LT24_swipe_bsp/\libhal_bsp.a(alt_exception_entry.o)
 *(.exceptions.irqtest.user)
 *(.exceptions.irqtest)
 .exceptions.irqtest
                0x0000000005040074       0x10 C:/Users/vanno/OneDrive/Documents/GitKraken/3D_Graphic_Engine/test_accelerometro_vga_lt24/software/LT24_swipe_bsp/\libhal_bsp.a(alt_irq_entry.o)
 *(.exceptions.irqhandler.user)
 *(.exceptions.irqhandler)
 .exceptions.irqhandler
                0x0000000005040084        0x4 C:/Users/vanno/OneDrive/Documents/GitKraken/3D_Graphic_Engine/test_accelerometro_vga_lt24/software/LT24_swipe_bsp/\libhal_bsp.a(alt_irq_entry.o)
 *(.exceptions.irqreturn.user)
 *(.exceptions.irqreturn)
 .exceptions.irqreturn
                0x0000000005040088        0x4 C:/Users/vanno/OneDrive/Documents/GitKraken/3D_Graphic_Engine/test_accelerometro_vga_lt24/software/LT24_swipe_bsp/\libhal_bsp.a(alt_irq_entry.o)
 *(.exceptions.notirq.label)
 .exceptions.notirq.label
                0x000000000504008c        0x0 C:/Users/vanno/OneDrive/Documents/GitKraken/3D_Graphic_Engine/test_accelerometro_vga_lt24/software/LT24_swipe_bsp/\libhal_bsp.a(alt_irq_entry.o)
 *(.exceptions.notirq.user)
 *(.exceptions.notirq)
 .exceptions.notirq
                0x000000000504008c        0x8 C:/Users/vanno/OneDrive/Documents/GitKraken/3D_Graphic_Engine/test_accelerometro_vga_lt24/software/LT24_swipe_bsp/\libhal_bsp.a(alt_exception_entry.o)
 *(.exceptions.soft.user)
 *(.exceptions.soft)
 *(.exceptions.unknown.user)
 *(.exceptions.unknown)
 .exceptions.unknown
                0x0000000005040094       0x14 C:/Users/vanno/OneDrive/Documents/GitKraken/3D_Graphic_Engine/test_accelerometro_vga_lt24/software/LT24_swipe_bsp/\libhal_bsp.a(alt_exception_entry.o)
 *(.exceptions.exit.label)
 .exceptions.exit.label
                0x00000000050400a8        0x0 C:/Users/vanno/OneDrive/Documents/GitKraken/3D_Graphic_Engine/test_accelerometro_vga_lt24/software/LT24_swipe_bsp/\libhal_bsp.a(alt_irq_entry.o)
 .exceptions.exit.label
                0x00000000050400a8        0x0 C:/Users/vanno/OneDrive/Documents/GitKraken/3D_Graphic_Engine/test_accelerometro_vga_lt24/software/LT24_swipe_bsp/\libhal_bsp.a(alt_exception_entry.o)
 *(.exceptions.exit.user)
 *(.exceptions.exit)
 .exceptions.exit
                0x00000000050400a8       0x54 C:/Users/vanno/OneDrive/Documents/GitKraken/3D_Graphic_Engine/test_accelerometro_vga_lt24/software/LT24_swipe_bsp/\libhal_bsp.a(alt_exception_entry.o)
 *(.exceptions)
 .exceptions    0x00000000050400fc       0xd8 C:/Users/vanno/OneDrive/Documents/GitKraken/3D_Graphic_Engine/test_accelerometro_vga_lt24/software/LT24_swipe_bsp/\libhal_bsp.a(alt_irq_handler.o)
                0x00000000050400fc                alt_irq_handler
 .exceptions    0x00000000050401d4       0x74 C:/Users/vanno/OneDrive/Documents/GitKraken/3D_Graphic_Engine/test_accelerometro_vga_lt24/software/LT24_swipe_bsp/\libhal_bsp.a(alt_instruction_exception_entry.o)
                0x00000000050401d4                alt_instruction_exception_entry
                0x0000000005040248                PROVIDE (__ram_exceptions_end, ABSOLUTE (.))
                0x0000000005040020                PROVIDE (__flash_exceptions_start, LOADADDR (.exceptions))

.text           0x0000000005040248    0x20af4
                [!provide]                        PROVIDE (stext, ABSOLUTE (.))
 *(.interp)
 *(.hash)
 *(.dynsym)
 *(.dynstr)
 *(.gnu.version)
 *(.gnu.version_d)
 *(.gnu.version_r)
 *(.rel.init)
 *(.rela.init)
 *(.rel.text .rel.text.* .rel.gnu.linkonce.t.*)
 *(.rela.text .rela.text.* .rela.gnu.linkonce.t.*)
 *(.rel.fini)
 *(.rela.fini)
 *(.rel.rodata .rel.rodata.* .rel.gnu.linkonce.r.*)
 *(.rela.rodata .rela.rodata.* .rela.gnu.linkonce.r.*)
 *(.rel.data .rel.data.* .rel.gnu.linkonce.d.*)
 *(.rela.data .rela.data.* .rela.gnu.linkonce.d.*)
 *(.rel.tdata .rel.tdata.* .rel.gnu.linkonce.td.*)
 *(.rela.tdata .rela.tdata.* .rela.gnu.linkonce.td.*)
 *(.rel.tbss .rel.tbss.* .rel.gnu.linkonce.tb.*)
 *(.rela.tbss .rela.tbss.* .rela.gnu.linkonce.tb.*)
 *(.rel.ctors)
 *(.rela.ctors)
 *(.rel.dtors)
 *(.rela.dtors)
 *(.rel.got)
 *(.rela.got)
 *(.rel.sdata .rel.sdata.* .rel.gnu.linkonce.s.*)
 *(.rela.sdata .rela.sdata.* .rela.gnu.linkonce.s.*)
 *(.rel.sbss .rel.sbss.* .rel.gnu.linkonce.sb.*)
 *(.rela.sbss .rela.sbss.* .rela.gnu.linkonce.sb.*)
 *(.rel.sdata2 .rel.sdata2.* .rel.gnu.linkonce.s2.*)
 *(.rela.sdata2 .rela.sdata2.* .rela.gnu.linkonce.s2.*)
 *(.rel.sbss2 .rel.sbss2.* .rel.gnu.linkonce.sb2.*)
 *(.rela.sbss2 .rela.sbss2.* .rela.gnu.linkonce.sb2.*)
 *(.rel.bss .rel.bss.* .rel.gnu.linkonce.b.*)
 *(.rela.bss .rela.bss.* .rela.gnu.linkonce.b.*)
 *(.rel.plt)
 *(.rela.plt)
 *(.rel.dyn)
 *(.init)
 *(.plt)
 *(.text .stub .text.* .gnu.linkonce.t.*)
 .text          0x0000000005040248       0x4c C:/Users/vanno/OneDrive/Documents/GitKraken/3D_Graphic_Engine/test_accelerometro_vga_lt24/software/LT24_swipe_bsp//obj/HAL/src/crt0.o
                0x0000000005040248                _start
 .text          0x0000000005040294      0xa98 obj/default/terasic_src/ILI9341.o
                0x0000000005040294                Delay_Ms
                0x00000000050402e4                LCD_SetCursor
                0x000000000504039c                LCD_Clear
                0x0000000005040420                LCD_DrawPoint
                0x000000000504049c                LCD_Init
                0x0000000005040b0c                LCD_Pattern_Horizon
                0x0000000005040c48                LCD_Pattern_Vertical
 .text          0x0000000005040d2c      0x1b8 obj/default/terasic_src/debug.o
                0x0000000005040d2c                debug_output
                0x0000000005040d60                myprintf
                0x0000000005040dcc                myprintf_hexarray
                0x0000000005040e54                myprintf_dwordarray
 .text          0x0000000005040ee4     0x26fc obj/default/terasic_src/simple_graphics.o
                0x0000000005040ee4                vid_clean_screen
                0x0000000005040f48                vid_draw_line
                0x0000000005041014                vid_scroll_string_quit
                0x0000000005041058                vid_scroll_string_init
                0x00000000050411a4                vid_scroll_string
                0x0000000005041504                vid_move_block
                0x0000000005041620                vid_print_string
                0x0000000005041728                vid_draw_box
                0x0000000005041880                vid_print_char
                0x0000000005041970                vid_set_pixel
                0x0000000005041a14                vid_get_pixel
                0x0000000005041a54                vid_paint_block
                0x0000000005041aec                vid_draw_horiz_line
                0x0000000005041b68                vid_merge_colors
                0x0000000005041bb4                vid_color_convert24_16
                0x0000000005041c54                vid_color_convert16_24
                0x0000000005041cc0                vid_copy_line_to_frame_buffer
                0x0000000005041d04                vid_draw_sloped_line
                0x0000000005041f78                vid_draw_circle
                0x00000000050420c0                vid_draw_round_corner_box
                0x000000000504247c                vid_round_corner_points
                0x0000000005042bb8                max3
                0x0000000005042c0c                min3
                0x0000000005042c60                max_diff3
                0x0000000005042cc4                vid_put_pixel_in_span_map
                0x0000000005042dc8                vid_bres_scan_edges
                0x000000000504300c                vid_draw_triangle
                0x00000000050433c0                CopyImage16
                0x00000000050434ac                CropImage16
 .text          0x00000000050435e0      0xa4c obj/default/terasic_src/simple_text.o
                0x00000000050435e0                vid_print_string_alpha
                0x0000000005043844                seperate_color_channels
                0x000000000504398c                merge_color_channels
                0x0000000005043abc                read_from_frame
                0x0000000005043b00                alpha_blending
                0x0000000005043d5c                vid_print_char_alpha
                0x0000000005043f44                vid_string_pixel_length_alpha
 .text          0x000000000504402c      0xd70 obj/default/terasic_src/touch_spi.o
                0x000000000504402c                Touch_Init
                0x0000000005044190                Touch_UnInit
                0x00000000050441fc                Touch_EmptyFifo
                0x0000000005044238                Touch_GetXY
                0x00000000050443a4                touch_isr
                0x00000000050444d0                touch_empty_fifo
                0x0000000005044504                touch_is_pen_pressed
                0x0000000005044544                touch_enable_penirq
                0x00000000050446ac                touch_clear_input
                0x00000000050446e0                touch_get_xy
                0x0000000005044a14                touch_alarm_callback
                0x0000000005044a84                touch_xy_transform
                0x0000000005044b60                evaluate_swipe
 .text          0x0000000005044d9c      0x388 obj/default/src/LT24_interface.o
                0x0000000005044d9c                GUI_show_welcome()
                0x0000000005044eac                GUI_desk_init(RECT*, RECT*, RECT*)
                0x00000000050450a0                is_point_in_rect(POINT*, RECT*)
 .text          0x0000000005045124      0x3bc obj/default/src/accelerometer.o
                0x0000000005045124                init_accelerometer()
                0x0000000005045180                accelerometer_controller()
 .text          0x00000000050454e0      0x584 obj/default/src/functions.o
                0x00000000050454e0                alt_up_pixel_buffer_dma_clear_screen_delayed(alt_up_pixel_buffer_dma_dev*, int)
                0x000000000504565c                helper_plot_pixel_enhanced_clipping(unsigned int, int, int, int, int, int)
                0x00000000050456e0                alt_up_pixel_buffer_dma_draw_line_enhanced_clipping(alt_up_pixel_buffer_dma_dev*, int, int, int, int, int, int)
 .text          0x0000000005045a64     0x29ec obj/default/src/graphic_object.o
                0x0000000005045a64                Cube_3D::Cube_3D()
                0x0000000005045a64                Cube_3D::Cube_3D()
                0x0000000005046028                Cube_3D::update_translation(float, float, float)
                0x00000000050460a0                Cube_3D::update_translation(float, int)
                0x0000000005046148                Cube_3D::update_translation_relative(float, int)
                0x0000000005046238                Cube_3D::update_rotation(float, float, float)
                0x00000000050465f0                Cube_3D::update_rotation(float, int)
                0x0000000005046698                Cube_3D::update_rotation_relative(float, int)
                0x0000000005046950                Cube_3D::update_scaling(float, float, float)
                0x00000000050469c8                Cube_3D::update_scaling(float, int)
                0x0000000005046a70                Cube_3D::update_scaling_relative(float, int)
                0x0000000005046b60                Cube_3D::display_frame()
                0x0000000005046e78                Cube_3D::vector_matrix_multiply()
                0x00000000050474ac                Cube_3D::Matrix4x4MultiplyBy4x4(float*, float*, float*)
 .text          0x0000000005048450      0x5f4 obj/default/src/test_render.o
                0x0000000005048450                display_digit(unsigned char)
                0x00000000050484b0                display_fps(unsigned long)
                0x00000000050485b8                main
 .text._ZN7Cube_3D19calculate_renderingEv
                0x0000000005048a44       0xb8 obj/default/src/test_render.o
                0x0000000005048a44                Cube_3D::calculate_rendering()
 .text          0x0000000005048afc        0x0 d:/intelfpga_lite/18.1/nios2eds/bin/gnu/h-x86_64-mingw32/bin/../lib/gcc/nios2-elf/5.3.0/../../../../../H-x86_64-mingw32/nios2-elf/lib\libm.a(lib_a-s_cos.o)
 .text.cos      0x0000000005048afc       0xec d:/intelfpga_lite/18.1/nios2eds/bin/gnu/h-x86_64-mingw32/bin/../lib/gcc/nios2-elf/5.3.0/../../../../../H-x86_64-mingw32/nios2-elf/lib\libm.a(lib_a-s_cos.o)
                0x0000000005048afc                cos
 .text          0x0000000005048be8        0x0 d:/intelfpga_lite/18.1/nios2eds/bin/gnu/h-x86_64-mingw32/bin/../lib/gcc/nios2-elf/5.3.0/../../../../../H-x86_64-mingw32/nios2-elf/lib\libm.a(lib_a-s_sin.o)
 .text.sin      0x0000000005048be8       0xf0 d:/intelfpga_lite/18.1/nios2eds/bin/gnu/h-x86_64-mingw32/bin/../lib/gcc/nios2-elf/5.3.0/../../../../../H-x86_64-mingw32/nios2-elf/lib\libm.a(lib_a-s_sin.o)
                0x0000000005048be8                sin
 .text          0x0000000005048cd8        0x0 d:/intelfpga_lite/18.1/nios2eds/bin/gnu/h-x86_64-mingw32/bin/../lib/gcc/nios2-elf/5.3.0/../../../../../H-x86_64-mingw32/nios2-elf/lib\libm.a(lib_a-s_tan.o)
 .text.tan      0x0000000005048cd8       0xa0 d:/intelfpga_lite/18.1/nios2eds/bin/gnu/h-x86_64-mingw32/bin/../lib/gcc/nios2-elf/5.3.0/../../../../../H-x86_64-mingw32/nios2-elf/lib\libm.a(lib_a-s_tan.o)
                0x0000000005048cd8                tan
 .text          0x0000000005048d78        0x0 d:/intelfpga_lite/18.1/nios2eds/bin/gnu/h-x86_64-mingw32/bin/../lib/gcc/nios2-elf/5.3.0/../../../../../H-x86_64-mingw32/nios2-elf/lib\libm.a(lib_a-e_rem_pio2.o)
 .text.__ieee754_rem_pio2
                0x0000000005048d78      0x76c d:/intelfpga_lite/18.1/nios2eds/bin/gnu/h-x86_64-mingw32/bin/../lib/gcc/nios2-elf/5.3.0/../../../../../H-x86_64-mingw32/nios2-elf/lib\libm.a(lib_a-e_rem_pio2.o)
                0x0000000005048d78                __ieee754_rem_pio2
 .text          0x00000000050494e4        0x0 d:/intelfpga_lite/18.1/nios2eds/bin/gnu/h-x86_64-mingw32/bin/../lib/gcc/nios2-elf/5.3.0/../../../../../H-x86_64-mingw32/nios2-elf/lib\libm.a(lib_a-k_cos.o)
 .text.__kernel_cos
                0x00000000050494e4      0x4a4 d:/intelfpga_lite/18.1/nios2eds/bin/gnu/h-x86_64-mingw32/bin/../lib/gcc/nios2-elf/5.3.0/../../../../../H-x86_64-mingw32/nios2-elf/lib\libm.a(lib_a-k_cos.o)
                0x00000000050494e4                __kernel_cos
 .text          0x0000000005049988        0x0 d:/intelfpga_lite/18.1/nios2eds/bin/gnu/h-x86_64-mingw32/bin/../lib/gcc/nios2-elf/5.3.0/../../../../../H-x86_64-mingw32/nios2-elf/lib\libm.a(lib_a-k_rem_pio2.o)
 .text.__kernel_rem_pio2
                0x0000000005049988      0xd90 d:/intelfpga_lite/18.1/nios2eds/bin/gnu/h-x86_64-mingw32/bin/../lib/gcc/nios2-elf/5.3.0/../../../../../H-x86_64-mingw32/nios2-elf/lib\libm.a(lib_a-k_rem_pio2.o)
                0x0000000005049988                __kernel_rem_pio2
 .text          0x000000000504a718        0x0 d:/intelfpga_lite/18.1/nios2eds/bin/gnu/h-x86_64-mingw32/bin/../lib/gcc/nios2-elf/5.3.0/../../../../../H-x86_64-mingw32/nios2-elf/lib\libm.a(lib_a-k_sin.o)
 .text.__kernel_sin
                0x000000000504a718      0x2cc d:/intelfpga_lite/18.1/nios2eds/bin/gnu/h-x86_64-mingw32/bin/../lib/gcc/nios2-elf/5.3.0/../../../../../H-x86_64-mingw32/nios2-elf/lib\libm.a(lib_a-k_sin.o)
                0x000000000504a718                __kernel_sin
 .text          0x000000000504a9e4        0x0 d:/intelfpga_lite/18.1/nios2eds/bin/gnu/h-x86_64-mingw32/bin/../lib/gcc/nios2-elf/5.3.0/../../../../../H-x86_64-mingw32/nios2-elf/lib\libm.a(lib_a-k_tan.o)
 .text.__kernel_tan
                0x000000000504a9e4      0x66c d:/intelfpga_lite/18.1/nios2eds/bin/gnu/h-x86_64-mingw32/bin/../lib/gcc/nios2-elf/5.3.0/../../../../../H-x86_64-mingw32/nios2-elf/lib\libm.a(lib_a-k_tan.o)
                0x000000000504a9e4                __kernel_tan
 .text          0x000000000504b050        0x0 d:/intelfpga_lite/18.1/nios2eds/bin/gnu/h-x86_64-mingw32/bin/../lib/gcc/nios2-elf/5.3.0/../../../../../H-x86_64-mingw32/nios2-elf/lib\libm.a(lib_a-s_fabs.o)
 .text.fabs     0x000000000504b050       0x14 d:/intelfpga_lite/18.1/nios2eds/bin/gnu/h-x86_64-mingw32/bin/../lib/gcc/nios2-elf/5.3.0/../../../../../H-x86_64-mingw32/nios2-elf/lib\libm.a(lib_a-s_fabs.o)
                0x000000000504b050                fabs
 .text          0x000000000504b064        0x0 d:/intelfpga_lite/18.1/nios2eds/bin/gnu/h-x86_64-mingw32/bin/../lib/gcc/nios2-elf/5.3.0/../../../../../H-x86_64-mingw32/nios2-elf/lib\libm.a(lib_a-s_floor.o)
 .text.floor    0x000000000504b064      0x1ec d:/intelfpga_lite/18.1/nios2eds/bin/gnu/h-x86_64-mingw32/bin/../lib/gcc/nios2-elf/5.3.0/../../../../../H-x86_64-mingw32/nios2-elf/lib\libm.a(lib_a-s_floor.o)
                0x000000000504b064                floor
 .text          0x000000000504b250        0x0 d:/intelfpga_lite/18.1/nios2eds/bin/gnu/h-x86_64-mingw32/bin/../lib/gcc/nios2-elf/5.3.0/../../../../../H-x86_64-mingw32/nios2-elf/lib\libm.a(lib_a-s_scalbn.o)
 .text.scalbn   0x000000000504b250      0x19c d:/intelfpga_lite/18.1/nios2eds/bin/gnu/h-x86_64-mingw32/bin/../lib/gcc/nios2-elf/5.3.0/../../../../../H-x86_64-mingw32/nios2-elf/lib\libm.a(lib_a-s_scalbn.o)
                0x000000000504b250                scalbn
 .text          0x000000000504b3ec        0x0 d:/intelfpga_lite/18.1/nios2eds/bin/gnu/h-x86_64-mingw32/bin/../lib/gcc/nios2-elf/5.3.0/../../../../../H-x86_64-mingw32/nios2-elf/lib\libm.a(lib_a-s_copysign.o)
 .text.copysign
                0x000000000504b3ec       0x1c d:/intelfpga_lite/18.1/nios2eds/bin/gnu/h-x86_64-mingw32/bin/../lib/gcc/nios2-elf/5.3.0/../../../../../H-x86_64-mingw32/nios2-elf/lib\libm.a(lib_a-s_copysign.o)
                0x000000000504b3ec                copysign
 .text          0x000000000504b408      0x1b4 d:/intelfpga_lite/18.1/nios2eds/bin/gnu/h-x86_64-mingw32/bin/../lib/gcc/nios2-elf/5.3.0\libgcc.a(lib2-divmod.o)
                0x000000000504b408                __divsi3
                0x000000000504b48c                __modsi3
                0x000000000504b500                __udivsi3
                0x000000000504b564                __umodsi3
 .text          0x000000000504b5bc      0x4c8 d:/intelfpga_lite/18.1/nios2eds/bin/gnu/h-x86_64-mingw32/bin/../lib/gcc/nios2-elf/5.3.0\libgcc.a(addsf3.o)
                0x000000000504b5bc                __addsf3
 .text          0x000000000504ba84      0x440 d:/intelfpga_lite/18.1/nios2eds/bin/gnu/h-x86_64-mingw32/bin/../lib/gcc/nios2-elf/5.3.0\libgcc.a(divsf3.o)
                0x000000000504ba84                __divsf3
 .text          0x000000000504bec4      0x3fc d:/intelfpga_lite/18.1/nios2eds/bin/gnu/h-x86_64-mingw32/bin/../lib/gcc/nios2-elf/5.3.0\libgcc.a(mulsf3.o)
                0x000000000504bec4                __mulsf3
 .text          0x000000000504c2c0      0x4e4 d:/intelfpga_lite/18.1/nios2eds/bin/gnu/h-x86_64-mingw32/bin/../lib/gcc/nios2-elf/5.3.0\libgcc.a(subsf3.o)
                0x000000000504c2c0                __subsf3
 .text          0x000000000504c7a4       0x70 d:/intelfpga_lite/18.1/nios2eds/bin/gnu/h-x86_64-mingw32/bin/../lib/gcc/nios2-elf/5.3.0\libgcc.a(fixsfsi.o)
                0x000000000504c7a4                __fixsfsi
 .text          0x000000000504c814      0x124 d:/intelfpga_lite/18.1/nios2eds/bin/gnu/h-x86_64-mingw32/bin/../lib/gcc/nios2-elf/5.3.0\libgcc.a(floatsisf.o)
                0x000000000504c814                __floatsisf
 .text          0x000000000504c938       0xf0 d:/intelfpga_lite/18.1/nios2eds/bin/gnu/h-x86_64-mingw32/bin/../lib/gcc/nios2-elf/5.3.0\libgcc.a(floatunsisf.o)
                0x000000000504c938                __floatunsisf
 .text          0x000000000504ca28      0x8ac d:/intelfpga_lite/18.1/nios2eds/bin/gnu/h-x86_64-mingw32/bin/../lib/gcc/nios2-elf/5.3.0\libgcc.a(adddf3.o)
                0x000000000504ca28                __adddf3
 .text          0x000000000504d2d4      0x8e8 d:/intelfpga_lite/18.1/nios2eds/bin/gnu/h-x86_64-mingw32/bin/../lib/gcc/nios2-elf/5.3.0\libgcc.a(divdf3.o)
                0x000000000504d2d4                __divdf3
 .text          0x000000000504dbbc       0x88 d:/intelfpga_lite/18.1/nios2eds/bin/gnu/h-x86_64-mingw32/bin/../lib/gcc/nios2-elf/5.3.0\libgcc.a(eqdf2.o)
                0x000000000504dbbc                __nedf2
                0x000000000504dbbc                __eqdf2
 .text          0x000000000504dc44       0xdc d:/intelfpga_lite/18.1/nios2eds/bin/gnu/h-x86_64-mingw32/bin/../lib/gcc/nios2-elf/5.3.0\libgcc.a(gedf2.o)
                0x000000000504dc44                __gedf2
                0x000000000504dc44                __gtdf2
 .text          0x000000000504dd20      0x718 d:/intelfpga_lite/18.1/nios2eds/bin/gnu/h-x86_64-mingw32/bin/../lib/gcc/nios2-elf/5.3.0\libgcc.a(muldf3.o)
                0x000000000504dd20                __muldf3
 .text          0x000000000504e438      0x8fc d:/intelfpga_lite/18.1/nios2eds/bin/gnu/h-x86_64-mingw32/bin/../lib/gcc/nios2-elf/5.3.0\libgcc.a(subdf3.o)
                0x000000000504e438                __subdf3
 .text          0x000000000504ed34       0x80 d:/intelfpga_lite/18.1/nios2eds/bin/gnu/h-x86_64-mingw32/bin/../lib/gcc/nios2-elf/5.3.0\libgcc.a(fixdfsi.o)
                0x000000000504ed34                __fixdfsi
 .text          0x000000000504edb4       0xdc d:/intelfpga_lite/18.1/nios2eds/bin/gnu/h-x86_64-mingw32/bin/../lib/gcc/nios2-elf/5.3.0\libgcc.a(floatsidf.o)
                0x000000000504edb4                __floatsidf
 .text          0x000000000504ee90      0x110 d:/intelfpga_lite/18.1/nios2eds/bin/gnu/h-x86_64-mingw32/bin/../lib/gcc/nios2-elf/5.3.0\libgcc.a(extendsfdf2.o)
                0x000000000504ee90                __extendsfdf2
 .text          0x000000000504efa0      0x1a8 d:/intelfpga_lite/18.1/nios2eds/bin/gnu/h-x86_64-mingw32/bin/../lib/gcc/nios2-elf/5.3.0\libgcc.a(truncdfsf2.o)
                0x000000000504efa0                __truncdfsf2
 .text          0x000000000504f148       0x64 d:/intelfpga_lite/18.1/nios2eds/bin/gnu/h-x86_64-mingw32/bin/../lib/gcc/nios2-elf/5.3.0\libgcc.a(_clzsi2.o)
                0x000000000504f148                __clzsi2
 .text          0x000000000504f1ac        0x0 d:/intelfpga_lite/18.1/nios2eds/bin/gnu/h-x86_64-mingw32/bin/../lib/gcc/nios2-elf/5.3.0\libgcc.a(_clz.o)
 .text          0x000000000504f1ac        0x0 d:/intelfpga_lite/18.1/nios2eds/bin/gnu/h-x86_64-mingw32/bin/../lib/gcc/nios2-elf/5.3.0/../../../../../H-x86_64-mingw32/nios2-elf/lib\libc.a(lib_a-malloc.o)
 .text.malloc   0x000000000504f1ac       0x14 d:/intelfpga_lite/18.1/nios2eds/bin/gnu/h-x86_64-mingw32/bin/../lib/gcc/nios2-elf/5.3.0/../../../../../H-x86_64-mingw32/nios2-elf/lib\libc.a(lib_a-malloc.o)
                0x000000000504f1ac                malloc
 .text.free     0x000000000504f1c0       0x14 d:/intelfpga_lite/18.1/nios2eds/bin/gnu/h-x86_64-mingw32/bin/../lib/gcc/nios2-elf/5.3.0/../../../../../H-x86_64-mingw32/nios2-elf/lib\libc.a(lib_a-malloc.o)
                0x000000000504f1c0                free
 .text          0x000000000504f1d4        0x0 d:/intelfpga_lite/18.1/nios2eds/bin/gnu/h-x86_64-mingw32/bin/../lib/gcc/nios2-elf/5.3.0/../../../../../H-x86_64-mingw32/nios2-elf/lib\libc.a(lib_a-mallocr.o)
 .text._malloc_r
                0x000000000504f1d4      0x80c d:/intelfpga_lite/18.1/nios2eds/bin/gnu/h-x86_64-mingw32/bin/../lib/gcc/nios2-elf/5.3.0/../../../../../H-x86_64-mingw32/nios2-elf/lib\libc.a(lib_a-mallocr.o)
                0x000000000504f1d4                _malloc_r
 .text          0x000000000504f9e0        0x0 d:/intelfpga_lite/18.1/nios2eds/bin/gnu/h-x86_64-mingw32/bin/../lib/gcc/nios2-elf/5.3.0/../../../../../H-x86_64-mingw32/nios2-elf/lib\libc.a(lib_a-memcpy.o)
 .text.memcpy   0x000000000504f9e0      0x148 d:/intelfpga_lite/18.1/nios2eds/bin/gnu/h-x86_64-mingw32/bin/../lib/gcc/nios2-elf/5.3.0/../../../../../H-x86_64-mingw32/nios2-elf/lib\libc.a(lib_a-memcpy.o)
                0x000000000504f9e0                memcpy
 .text          0x000000000504fb28        0x0 d:/intelfpga_lite/18.1/nios2eds/bin/gnu/h-x86_64-mingw32/bin/../lib/gcc/nios2-elf/5.3.0/../../../../../H-x86_64-mingw32/nios2-elf/lib\libc.a(lib_a-memset.o)
 .text.memset   0x000000000504fb28      0x128 d:/intelfpga_lite/18.1/nios2eds/bin/gnu/h-x86_64-mingw32/bin/../lib/gcc/nios2-elf/5.3.0/../../../../../H-x86_64-mingw32/nios2-elf/lib\libc.a(lib_a-memset.o)
                0x000000000504fb28                memset
 .text          0x000000000504fc50        0x0 d:/intelfpga_lite/18.1/nios2eds/bin/gnu/h-x86_64-mingw32/bin/../lib/gcc/nios2-elf/5.3.0/../../../../../H-x86_64-mingw32/nios2-elf/lib\libc.a(lib_a-printf.o)
 .text._printf_r
                0x000000000504fc50       0x30 d:/intelfpga_lite/18.1/nios2eds/bin/gnu/h-x86_64-mingw32/bin/../lib/gcc/nios2-elf/5.3.0/../../../../../H-x86_64-mingw32/nios2-elf/lib\libc.a(lib_a-printf.o)
                0x000000000504fc50                _printf_r
 .text.printf   0x000000000504fc80       0x3c d:/intelfpga_lite/18.1/nios2eds/bin/gnu/h-x86_64-mingw32/bin/../lib/gcc/nios2-elf/5.3.0/../../../../../H-x86_64-mingw32/nios2-elf/lib\libc.a(lib_a-printf.o)
                0x000000000504fc80                printf
 .text          0x000000000504fcbc        0x0 d:/intelfpga_lite/18.1/nios2eds/bin/gnu/h-x86_64-mingw32/bin/../lib/gcc/nios2-elf/5.3.0/../../../../../H-x86_64-mingw32/nios2-elf/lib\libc.a(lib_a-puts.o)
 .text._puts_r  0x000000000504fcbc       0xc0 d:/intelfpga_lite/18.1/nios2eds/bin/gnu/h-x86_64-mingw32/bin/../lib/gcc/nios2-elf/5.3.0/../../../../../H-x86_64-mingw32/nios2-elf/lib\libc.a(lib_a-puts.o)
                0x000000000504fcbc                _puts_r
 .text.puts     0x000000000504fd7c       0x14 d:/intelfpga_lite/18.1/nios2eds/bin/gnu/h-x86_64-mingw32/bin/../lib/gcc/nios2-elf/5.3.0/../../../../../H-x86_64-mingw32/nios2-elf/lib\libc.a(lib_a-puts.o)
                0x000000000504fd7c                puts
 .text          0x000000000504fd90        0x0 d:/intelfpga_lite/18.1/nios2eds/bin/gnu/h-x86_64-mingw32/bin/../lib/gcc/nios2-elf/5.3.0/../../../../../H-x86_64-mingw32/nios2-elf/lib\libc.a(lib_a-sbrkr.o)
 .text._sbrk_r  0x000000000504fd90       0x54 d:/intelfpga_lite/18.1/nios2eds/bin/gnu/h-x86_64-mingw32/bin/../lib/gcc/nios2-elf/5.3.0/../../../../../H-x86_64-mingw32/nios2-elf/lib\libc.a(lib_a-sbrkr.o)
                0x000000000504fd90                _sbrk_r
 .text          0x000000000504fde4        0x0 d:/intelfpga_lite/18.1/nios2eds/bin/gnu/h-x86_64-mingw32/bin/../lib/gcc/nios2-elf/5.3.0/../../../../../H-x86_64-mingw32/nios2-elf/lib\libc.a(lib_a-sprintf.o)
 .text._sprintf_r
                0x000000000504fde4       0x58 d:/intelfpga_lite/18.1/nios2eds/bin/gnu/h-x86_64-mingw32/bin/../lib/gcc/nios2-elf/5.3.0/../../../../../H-x86_64-mingw32/nios2-elf/lib\libc.a(lib_a-sprintf.o)
                0x000000000504fde4                _sprintf_r
 .text.sprintf  0x000000000504fe3c       0x6c d:/intelfpga_lite/18.1/nios2eds/bin/gnu/h-x86_64-mingw32/bin/../lib/gcc/nios2-elf/5.3.0/../../../../../H-x86_64-mingw32/nios2-elf/lib\libc.a(lib_a-sprintf.o)
                0x000000000504fe3c                sprintf
 .text          0x000000000504fea8        0x0 d:/intelfpga_lite/18.1/nios2eds/bin/gnu/h-x86_64-mingw32/bin/../lib/gcc/nios2-elf/5.3.0/../../../../../H-x86_64-mingw32/nios2-elf/lib\libc.a(lib_a-strcpy.o)
 .text.strcpy   0x000000000504fea8       0x90 d:/intelfpga_lite/18.1/nios2eds/bin/gnu/h-x86_64-mingw32/bin/../lib/gcc/nios2-elf/5.3.0/../../../../../H-x86_64-mingw32/nios2-elf/lib\libc.a(lib_a-strcpy.o)
                0x000000000504fea8                strcpy
 .text          0x000000000504ff38        0x0 d:/intelfpga_lite/18.1/nios2eds/bin/gnu/h-x86_64-mingw32/bin/../lib/gcc/nios2-elf/5.3.0/../../../../../H-x86_64-mingw32/nios2-elf/lib\libc.a(lib_a-strlen.o)
 .text.strlen   0x000000000504ff38       0x98 d:/intelfpga_lite/18.1/nios2eds/bin/gnu/h-x86_64-mingw32/bin/../lib/gcc/nios2-elf/5.3.0/../../../../../H-x86_64-mingw32/nios2-elf/lib\libc.a(lib_a-strlen.o)
                0x000000000504ff38                strlen
 .text          0x000000000504ffd0        0x0 d:/intelfpga_lite/18.1/nios2eds/bin/gnu/h-x86_64-mingw32/bin/../lib/gcc/nios2-elf/5.3.0/../../../../../H-x86_64-mingw32/nios2-elf/lib\libc.a(lib_a-svfprintf.o)
 .text.___svfprintf_internal_r
                0x000000000504ffd0     0x21d8 d:/intelfpga_lite/18.1/nios2eds/bin/gnu/h-x86_64-mingw32/bin/../lib/gcc/nios2-elf/5.3.0/../../../../../H-x86_64-mingw32/nios2-elf/lib\libc.a(lib_a-svfprintf.o)
                0x000000000504ffd0                ___svfprintf_internal_r
 .text          0x00000000050521a8        0x0 d:/intelfpga_lite/18.1/nios2eds/bin/gnu/h-x86_64-mingw32/bin/../lib/gcc/nios2-elf/5.3.0/../../../../../H-x86_64-mingw32/nios2-elf/lib\libc.a(lib_a-vfprintf.o)
 .text.___vfprintf_internal_r
                0x00000000050521a8     0x21f8 d:/intelfpga_lite/18.1/nios2eds/bin/gnu/h-x86_64-mingw32/bin/../lib/gcc/nios2-elf/5.3.0/../../../../../H-x86_64-mingw32/nios2-elf/lib\libc.a(lib_a-vfprintf.o)
                0x00000000050521a8                ___vfprintf_internal_r
 .text.__vfprintf_internal
                0x00000000050543a0       0x1c d:/intelfpga_lite/18.1/nios2eds/bin/gnu/h-x86_64-mingw32/bin/../lib/gcc/nios2-elf/5.3.0/../../../../../H-x86_64-mingw32/nios2-elf/lib\libc.a(lib_a-vfprintf.o)
                0x00000000050543a0                __vfprintf_internal
 .text.__sbprintf
                0x00000000050543bc       0xbc d:/intelfpga_lite/18.1/nios2eds/bin/gnu/h-x86_64-mingw32/bin/../lib/gcc/nios2-elf/5.3.0/../../../../../H-x86_64-mingw32/nios2-elf/lib\libc.a(lib_a-vfprintf.o)
 .text          0x0000000005054478        0x0 d:/intelfpga_lite/18.1/nios2eds/bin/gnu/h-x86_64-mingw32/bin/../lib/gcc/nios2-elf/5.3.0/../../../../../H-x86_64-mingw32/nios2-elf/lib\libc.a(lib_a-vsnprintf.o)
 .text._vsnprintf_r
                0x0000000005054478       0xf0 d:/intelfpga_lite/18.1/nios2eds/bin/gnu/h-x86_64-mingw32/bin/../lib/gcc/nios2-elf/5.3.0/../../../../../H-x86_64-mingw32/nios2-elf/lib\libc.a(lib_a-vsnprintf.o)
                0x0000000005054478                _vsnprintf_r
 .text.vsnprintf
                0x0000000005054568       0x34 d:/intelfpga_lite/18.1/nios2eds/bin/gnu/h-x86_64-mingw32/bin/../lib/gcc/nios2-elf/5.3.0/../../../../../H-x86_64-mingw32/nios2-elf/lib\libc.a(lib_a-vsnprintf.o)
                0x0000000005054568                vsnprintf
 .text          0x000000000505459c        0x0 d:/intelfpga_lite/18.1/nios2eds/bin/gnu/h-x86_64-mingw32/bin/../lib/gcc/nios2-elf/5.3.0/../../../../../H-x86_64-mingw32/nios2-elf/lib\libc.a(lib_a-wsetup.o)
 .text.__swsetup_r
                0x000000000505459c      0x154 d:/intelfpga_lite/18.1/nios2eds/bin/gnu/h-x86_64-mingw32/bin/../lib/gcc/nios2-elf/5.3.0/../../../../../H-x86_64-mingw32/nios2-elf/lib\libc.a(lib_a-wsetup.o)
                0x000000000505459c                __swsetup_r
 .text          0x00000000050546f0        0x0 d:/intelfpga_lite/18.1/nios2eds/bin/gnu/h-x86_64-mingw32/bin/../lib/gcc/nios2-elf/5.3.0/../../../../../H-x86_64-mingw32/nios2-elf/lib\libc.a(lib_a-dtoa.o)
 .text.quorem   0x00000000050546f0      0x200 d:/intelfpga_lite/18.1/nios2eds/bin/gnu/h-x86_64-mingw32/bin/../lib/gcc/nios2-elf/5.3.0/../../../../../H-x86_64-mingw32/nios2-elf/lib\libc.a(lib_a-dtoa.o)
 .text._dtoa_r  0x00000000050548f0     0x1688 d:/intelfpga_lite/18.1/nios2eds/bin/gnu/h-x86_64-mingw32/bin/../lib/gcc/nios2-elf/5.3.0/../../../../../H-x86_64-mingw32/nios2-elf/lib\libc.a(lib_a-dtoa.o)
                0x00000000050548f0                _dtoa_r
 .text          0x0000000005055f78        0x0 d:/intelfpga_lite/18.1/nios2eds/bin/gnu/h-x86_64-mingw32/bin/../lib/gcc/nios2-elf/5.3.0/../../../../../H-x86_64-mingw32/nios2-elf/lib\libc.a(lib_a-fflush.o)
 .text.__sflush_r
                0x0000000005055f78      0x21c d:/intelfpga_lite/18.1/nios2eds/bin/gnu/h-x86_64-mingw32/bin/../lib/gcc/nios2-elf/5.3.0/../../../../../H-x86_64-mingw32/nios2-elf/lib\libc.a(lib_a-fflush.o)
                0x0000000005055f78                __sflush_r
 .text._fflush_r
                0x0000000005056194       0x5c d:/intelfpga_lite/18.1/nios2eds/bin/gnu/h-x86_64-mingw32/bin/../lib/gcc/nios2-elf/5.3.0/../../../../../H-x86_64-mingw32/nios2-elf/lib\libc.a(lib_a-fflush.o)
                0x0000000005056194                _fflush_r
 .text.fflush   0x00000000050561f0       0x30 d:/intelfpga_lite/18.1/nios2eds/bin/gnu/h-x86_64-mingw32/bin/../lib/gcc/nios2-elf/5.3.0/../../../../../H-x86_64-mingw32/nios2-elf/lib\libc.a(lib_a-fflush.o)
                0x00000000050561f0                fflush
 .text          0x0000000005056220        0x0 d:/intelfpga_lite/18.1/nios2eds/bin/gnu/h-x86_64-mingw32/bin/../lib/gcc/nios2-elf/5.3.0/../../../../../H-x86_64-mingw32/nios2-elf/lib\libc.a(lib_a-findfp.o)
 .text.__fp_unlock
                0x0000000005056220        0x8 d:/intelfpga_lite/18.1/nios2eds/bin/gnu/h-x86_64-mingw32/bin/../lib/gcc/nios2-elf/5.3.0/../../../../../H-x86_64-mingw32/nios2-elf/lib\libc.a(lib_a-findfp.o)
 .text._cleanup_r
                0x0000000005056228        0xc d:/intelfpga_lite/18.1/nios2eds/bin/gnu/h-x86_64-mingw32/bin/../lib/gcc/nios2-elf/5.3.0/../../../../../H-x86_64-mingw32/nios2-elf/lib\libc.a(lib_a-findfp.o)
                0x0000000005056228                _cleanup_r
 .text.__sinit.part.1
                0x0000000005056234      0x19c d:/intelfpga_lite/18.1/nios2eds/bin/gnu/h-x86_64-mingw32/bin/../lib/gcc/nios2-elf/5.3.0/../../../../../H-x86_64-mingw32/nios2-elf/lib\libc.a(lib_a-findfp.o)
 .text.__fp_lock
                0x00000000050563d0        0x8 d:/intelfpga_lite/18.1/nios2eds/bin/gnu/h-x86_64-mingw32/bin/../lib/gcc/nios2-elf/5.3.0/../../../../../H-x86_64-mingw32/nios2-elf/lib\libc.a(lib_a-findfp.o)
 .text.__sfmoreglue
                0x00000000050563d8       0x68 d:/intelfpga_lite/18.1/nios2eds/bin/gnu/h-x86_64-mingw32/bin/../lib/gcc/nios2-elf/5.3.0/../../../../../H-x86_64-mingw32/nios2-elf/lib\libc.a(lib_a-findfp.o)
                0x00000000050563d8                __sfmoreglue
 .text.__sfp    0x0000000005056440      0x118 d:/intelfpga_lite/18.1/nios2eds/bin/gnu/h-x86_64-mingw32/bin/../lib/gcc/nios2-elf/5.3.0/../../../../../H-x86_64-mingw32/nios2-elf/lib\libc.a(lib_a-findfp.o)
                0x0000000005056440                __sfp
 .text._cleanup
                0x0000000005056558       0x18 d:/intelfpga_lite/18.1/nios2eds/bin/gnu/h-x86_64-mingw32/bin/../lib/gcc/nios2-elf/5.3.0/../../../../../H-x86_64-mingw32/nios2-elf/lib\libc.a(lib_a-findfp.o)
                0x0000000005056558                _cleanup
 .text.__sinit  0x0000000005056570       0x10 d:/intelfpga_lite/18.1/nios2eds/bin/gnu/h-x86_64-mingw32/bin/../lib/gcc/nios2-elf/5.3.0/../../../../../H-x86_64-mingw32/nios2-elf/lib\libc.a(lib_a-findfp.o)
                0x0000000005056570                __sinit
 .text.__sfp_lock_acquire
                0x0000000005056580        0x4 d:/intelfpga_lite/18.1/nios2eds/bin/gnu/h-x86_64-mingw32/bin/../lib/gcc/nios2-elf/5.3.0/../../../../../H-x86_64-mingw32/nios2-elf/lib\libc.a(lib_a-findfp.o)
                0x0000000005056580                __sfp_lock_acquire
 .text.__sfp_lock_release
                0x0000000005056584        0x4 d:/intelfpga_lite/18.1/nios2eds/bin/gnu/h-x86_64-mingw32/bin/../lib/gcc/nios2-elf/5.3.0/../../../../../H-x86_64-mingw32/nios2-elf/lib\libc.a(lib_a-findfp.o)
                0x0000000005056584                __sfp_lock_release
 .text.__sinit_lock_acquire
                0x0000000005056588        0x4 d:/intelfpga_lite/18.1/nios2eds/bin/gnu/h-x86_64-mingw32/bin/../lib/gcc/nios2-elf/5.3.0/../../../../../H-x86_64-mingw32/nios2-elf/lib\libc.a(lib_a-findfp.o)
                0x0000000005056588                __sinit_lock_acquire
 .text.__sinit_lock_release
                0x000000000505658c        0x4 d:/intelfpga_lite/18.1/nios2eds/bin/gnu/h-x86_64-mingw32/bin/../lib/gcc/nios2-elf/5.3.0/../../../../../H-x86_64-mingw32/nios2-elf/lib\libc.a(lib_a-findfp.o)
                0x000000000505658c                __sinit_lock_release
 .text.__fp_lock_all
                0x0000000005056590       0x18 d:/intelfpga_lite/18.1/nios2eds/bin/gnu/h-x86_64-mingw32/bin/../lib/gcc/nios2-elf/5.3.0/../../../../../H-x86_64-mingw32/nios2-elf/lib\libc.a(lib_a-findfp.o)
                0x0000000005056590                __fp_lock_all
 .text.__fp_unlock_all
                0x00000000050565a8       0x18 d:/intelfpga_lite/18.1/nios2eds/bin/gnu/h-x86_64-mingw32/bin/../lib/gcc/nios2-elf/5.3.0/../../../../../H-x86_64-mingw32/nios2-elf/lib\libc.a(lib_a-findfp.o)
                0x00000000050565a8                __fp_unlock_all
 .text          0x00000000050565c0        0x0 d:/intelfpga_lite/18.1/nios2eds/bin/gnu/h-x86_64-mingw32/bin/../lib/gcc/nios2-elf/5.3.0/../../../../../H-x86_64-mingw32/nios2-elf/lib\libc.a(lib_a-freer.o)
 .text._malloc_trim_r
                0x00000000050565c0      0x124 d:/intelfpga_lite/18.1/nios2eds/bin/gnu/h-x86_64-mingw32/bin/../lib/gcc/nios2-elf/5.3.0/../../../../../H-x86_64-mingw32/nios2-elf/lib\libc.a(lib_a-freer.o)
                0x00000000050565c0                _malloc_trim_r
 .text._free_r  0x00000000050566e4      0x310 d:/intelfpga_lite/18.1/nios2eds/bin/gnu/h-x86_64-mingw32/bin/../lib/gcc/nios2-elf/5.3.0/../../../../../H-x86_64-mingw32/nios2-elf/lib\libc.a(lib_a-freer.o)
                0x00000000050566e4                _free_r
 .text          0x00000000050569f4        0x0 d:/intelfpga_lite/18.1/nios2eds/bin/gnu/h-x86_64-mingw32/bin/../lib/gcc/nios2-elf/5.3.0/../../../../../H-x86_64-mingw32/nios2-elf/lib\libc.a(lib_a-fvwrite.o)
 .text.__sfvwrite_r
                0x00000000050569f4      0x4bc d:/intelfpga_lite/18.1/nios2eds/bin/gnu/h-x86_64-mingw32/bin/../lib/gcc/nios2-elf/5.3.0/../../../../../H-x86_64-mingw32/nios2-elf/lib\libc.a(lib_a-fvwrite.o)
                0x00000000050569f4                __sfvwrite_r
 .text          0x0000000005056eb0        0x0 d:/intelfpga_lite/18.1/nios2eds/bin/gnu/h-x86_64-mingw32/bin/../lib/gcc/nios2-elf/5.3.0/../../../../../H-x86_64-mingw32/nios2-elf/lib\libc.a(lib_a-fwalk.o)
 .text._fwalk   0x0000000005056eb0       0xc4 d:/intelfpga_lite/18.1/nios2eds/bin/gnu/h-x86_64-mingw32/bin/../lib/gcc/nios2-elf/5.3.0/../../../../../H-x86_64-mingw32/nios2-elf/lib\libc.a(lib_a-fwalk.o)
                0x0000000005056eb0                _fwalk
 .text._fwalk_reent
                0x0000000005056f74       0xc4 d:/intelfpga_lite/18.1/nios2eds/bin/gnu/h-x86_64-mingw32/bin/../lib/gcc/nios2-elf/5.3.0/../../../../../H-x86_64-mingw32/nios2-elf/lib\libc.a(lib_a-fwalk.o)
                0x0000000005056f74                _fwalk_reent
 .text          0x0000000005057038        0x0 d:/intelfpga_lite/18.1/nios2eds/bin/gnu/h-x86_64-mingw32/bin/../lib/gcc/nios2-elf/5.3.0/../../../../../H-x86_64-mingw32/nios2-elf/lib\libc.a(lib_a-impure.o)
 .text          0x0000000005057038        0x0 d:/intelfpga_lite/18.1/nios2eds/bin/gnu/h-x86_64-mingw32/bin/../lib/gcc/nios2-elf/5.3.0/../../../../../H-x86_64-mingw32/nios2-elf/lib\libc.a(lib_a-int_errno.o)
 .text          0x0000000005057038        0x0 d:/intelfpga_lite/18.1/nios2eds/bin/gnu/h-x86_64-mingw32/bin/../lib/gcc/nios2-elf/5.3.0/../../../../../H-x86_64-mingw32/nios2-elf/lib\libc.a(lib_a-locale.o)
 .text._setlocale_r
                0x0000000005057038       0x7c d:/intelfpga_lite/18.1/nios2eds/bin/gnu/h-x86_64-mingw32/bin/../lib/gcc/nios2-elf/5.3.0/../../../../../H-x86_64-mingw32/nios2-elf/lib\libc.a(lib_a-locale.o)
                0x0000000005057038                _setlocale_r
 .text.__locale_charset
                0x00000000050570b4        0xc d:/intelfpga_lite/18.1/nios2eds/bin/gnu/h-x86_64-mingw32/bin/../lib/gcc/nios2-elf/5.3.0/../../../../../H-x86_64-mingw32/nios2-elf/lib\libc.a(lib_a-locale.o)
                0x00000000050570b4                __locale_charset
 .text.__locale_mb_cur_max
                0x00000000050570c0       0x10 d:/intelfpga_lite/18.1/nios2eds/bin/gnu/h-x86_64-mingw32/bin/../lib/gcc/nios2-elf/5.3.0/../../../../../H-x86_64-mingw32/nios2-elf/lib\libc.a(lib_a-locale.o)
                0x00000000050570c0                __locale_mb_cur_max
 .text.__locale_msgcharset
                0x00000000050570d0        0xc d:/intelfpga_lite/18.1/nios2eds/bin/gnu/h-x86_64-mingw32/bin/../lib/gcc/nios2-elf/5.3.0/../../../../../H-x86_64-mingw32/nios2-elf/lib\libc.a(lib_a-locale.o)
                0x00000000050570d0                __locale_msgcharset
 .text.__locale_cjk_lang
                0x00000000050570dc        0x8 d:/intelfpga_lite/18.1/nios2eds/bin/gnu/h-x86_64-mingw32/bin/../lib/gcc/nios2-elf/5.3.0/../../../../../H-x86_64-mingw32/nios2-elf/lib\libc.a(lib_a-locale.o)
                0x00000000050570dc                __locale_cjk_lang
 .text._localeconv_r
                0x00000000050570e4        0xc d:/intelfpga_lite/18.1/nios2eds/bin/gnu/h-x86_64-mingw32/bin/../lib/gcc/nios2-elf/5.3.0/../../../../../H-x86_64-mingw32/nios2-elf/lib\libc.a(lib_a-locale.o)
                0x00000000050570e4                _localeconv_r
 .text.setlocale
                0x00000000050570f0       0x18 d:/intelfpga_lite/18.1/nios2eds/bin/gnu/h-x86_64-mingw32/bin/../lib/gcc/nios2-elf/5.3.0/../../../../../H-x86_64-mingw32/nios2-elf/lib\libc.a(lib_a-locale.o)
                0x00000000050570f0                setlocale
 .text.localeconv
                0x0000000005057108        0xc d:/intelfpga_lite/18.1/nios2eds/bin/gnu/h-x86_64-mingw32/bin/../lib/gcc/nios2-elf/5.3.0/../../../../../H-x86_64-mingw32/nios2-elf/lib\libc.a(lib_a-locale.o)
                0x0000000005057108                localeconv
 .text          0x0000000005057114        0x0 d:/intelfpga_lite/18.1/nios2eds/bin/gnu/h-x86_64-mingw32/bin/../lib/gcc/nios2-elf/5.3.0/../../../../../H-x86_64-mingw32/nios2-elf/lib\libc.a(lib_a-makebuf.o)
 .text.__smakebuf_r
                0x0000000005057114      0x1bc d:/intelfpga_lite/18.1/nios2eds/bin/gnu/h-x86_64-mingw32/bin/../lib/gcc/nios2-elf/5.3.0/../../../../../H-x86_64-mingw32/nios2-elf/lib\libc.a(lib_a-makebuf.o)
                0x0000000005057114                __smakebuf_r
 .text          0x00000000050572d0        0x0 d:/intelfpga_lite/18.1/nios2eds/bin/gnu/h-x86_64-mingw32/bin/../lib/gcc/nios2-elf/5.3.0/../../../../../H-x86_64-mingw32/nios2-elf/lib\libc.a(lib_a-memchr.o)
 .text.memchr   0x00000000050572d0       0xe4 d:/intelfpga_lite/18.1/nios2eds/bin/gnu/h-x86_64-mingw32/bin/../lib/gcc/nios2-elf/5.3.0/../../../../../H-x86_64-mingw32/nios2-elf/lib\libc.a(lib_a-memchr.o)
                0x00000000050572d0                memchr
 .text          0x00000000050573b4        0x0 d:/intelfpga_lite/18.1/nios2eds/bin/gnu/h-x86_64-mingw32/bin/../lib/gcc/nios2-elf/5.3.0/../../../../../H-x86_64-mingw32/nios2-elf/lib\libc.a(lib_a-memmove.o)
 .text.memmove  0x00000000050573b4      0x15c d:/intelfpga_lite/18.1/nios2eds/bin/gnu/h-x86_64-mingw32/bin/../lib/gcc/nios2-elf/5.3.0/../../../../../H-x86_64-mingw32/nios2-elf/lib\libc.a(lib_a-memmove.o)
                0x00000000050573b4                memmove
 .text          0x0000000005057510        0x0 d:/intelfpga_lite/18.1/nios2eds/bin/gnu/h-x86_64-mingw32/bin/../lib/gcc/nios2-elf/5.3.0/../../../../../H-x86_64-mingw32/nios2-elf/lib\libc.a(lib_a-mprec.o)
 .text._Balloc  0x0000000005057510       0xa8 d:/intelfpga_lite/18.1/nios2eds/bin/gnu/h-x86_64-mingw32/bin/../lib/gcc/nios2-elf/5.3.0/../../../../../H-x86_64-mingw32/nios2-elf/lib\libc.a(lib_a-mprec.o)
                0x0000000005057510                _Balloc
 .text._Bfree   0x00000000050575b8       0x28 d:/intelfpga_lite/18.1/nios2eds/bin/gnu/h-x86_64-mingw32/bin/../lib/gcc/nios2-elf/5.3.0/../../../../../H-x86_64-mingw32/nios2-elf/lib\libc.a(lib_a-mprec.o)
                0x00000000050575b8                _Bfree
 .text.__multadd
                0x00000000050575e0      0x120 d:/intelfpga_lite/18.1/nios2eds/bin/gnu/h-x86_64-mingw32/bin/../lib/gcc/nios2-elf/5.3.0/../../../../../H-x86_64-mingw32/nios2-elf/lib\libc.a(lib_a-mprec.o)
                0x00000000050575e0                __multadd
 .text.__s2b    0x0000000005057700      0x104 d:/intelfpga_lite/18.1/nios2eds/bin/gnu/h-x86_64-mingw32/bin/../lib/gcc/nios2-elf/5.3.0/../../../../../H-x86_64-mingw32/nios2-elf/lib\libc.a(lib_a-mprec.o)
                0x0000000005057700                __s2b
 .text.__hi0bits
                0x0000000005057804       0x68 d:/intelfpga_lite/18.1/nios2eds/bin/gnu/h-x86_64-mingw32/bin/../lib/gcc/nios2-elf/5.3.0/../../../../../H-x86_64-mingw32/nios2-elf/lib\libc.a(lib_a-mprec.o)
                0x0000000005057804                __hi0bits
 .text.__lo0bits
                0x000000000505786c       0xb0 d:/intelfpga_lite/18.1/nios2eds/bin/gnu/h-x86_64-mingw32/bin/../lib/gcc/nios2-elf/5.3.0/../../../../../H-x86_64-mingw32/nios2-elf/lib\libc.a(lib_a-mprec.o)
                0x000000000505786c                __lo0bits
 .text.__i2b    0x000000000505791c       0x3c d:/intelfpga_lite/18.1/nios2eds/bin/gnu/h-x86_64-mingw32/bin/../lib/gcc/nios2-elf/5.3.0/../../../../../H-x86_64-mingw32/nios2-elf/lib\libc.a(lib_a-mprec.o)
                0x000000000505791c                __i2b
 .text.__multiply
                0x0000000005057958      0x1f8 d:/intelfpga_lite/18.1/nios2eds/bin/gnu/h-x86_64-mingw32/bin/../lib/gcc/nios2-elf/5.3.0/../../../../../H-x86_64-mingw32/nios2-elf/lib\libc.a(lib_a-mprec.o)
                0x0000000005057958                __multiply
 .text.__pow5mult
                0x0000000005057b50      0x140 d:/intelfpga_lite/18.1/nios2eds/bin/gnu/h-x86_64-mingw32/bin/../lib/gcc/nios2-elf/5.3.0/../../../../../H-x86_64-mingw32/nios2-elf/lib\libc.a(lib_a-mprec.o)
                0x0000000005057b50                __pow5mult
 .text.__lshift
                0x0000000005057c90      0x148 d:/intelfpga_lite/18.1/nios2eds/bin/gnu/h-x86_64-mingw32/bin/../lib/gcc/nios2-elf/5.3.0/../../../../../H-x86_64-mingw32/nios2-elf/lib\libc.a(lib_a-mprec.o)
                0x0000000005057c90                __lshift
 .text.__mcmp   0x0000000005057dd8       0x60 d:/intelfpga_lite/18.1/nios2eds/bin/gnu/h-x86_64-mingw32/bin/../lib/gcc/nios2-elf/5.3.0/../../../../../H-x86_64-mingw32/nios2-elf/lib\libc.a(lib_a-mprec.o)
                0x0000000005057dd8                __mcmp
 .text.__mdiff  0x0000000005057e38      0x1fc d:/intelfpga_lite/18.1/nios2eds/bin/gnu/h-x86_64-mingw32/bin/../lib/gcc/nios2-elf/5.3.0/../../../../../H-x86_64-mingw32/nios2-elf/lib\libc.a(lib_a-mprec.o)
                0x0000000005057e38                __mdiff
 .text.__ulp    0x0000000005058034       0x64 d:/intelfpga_lite/18.1/nios2eds/bin/gnu/h-x86_64-mingw32/bin/../lib/gcc/nios2-elf/5.3.0/../../../../../H-x86_64-mingw32/nios2-elf/lib\libc.a(lib_a-mprec.o)
                0x0000000005058034                __ulp
 .text.__b2d    0x0000000005058098      0x10c d:/intelfpga_lite/18.1/nios2eds/bin/gnu/h-x86_64-mingw32/bin/../lib/gcc/nios2-elf/5.3.0/../../../../../H-x86_64-mingw32/nios2-elf/lib\libc.a(lib_a-mprec.o)
                0x0000000005058098                __b2d
 .text.__d2b    0x00000000050581a4      0x14c d:/intelfpga_lite/18.1/nios2eds/bin/gnu/h-x86_64-mingw32/bin/../lib/gcc/nios2-elf/5.3.0/../../../../../H-x86_64-mingw32/nios2-elf/lib\libc.a(lib_a-mprec.o)
                0x00000000050581a4                __d2b
 .text.__ratio  0x00000000050582f0       0xa4 d:/intelfpga_lite/18.1/nios2eds/bin/gnu/h-x86_64-mingw32/bin/../lib/gcc/nios2-elf/5.3.0/../../../../../H-x86_64-mingw32/nios2-elf/lib\libc.a(lib_a-mprec.o)
                0x00000000050582f0                __ratio
 .text._mprec_log10
                0x0000000005058394       0x74 d:/intelfpga_lite/18.1/nios2eds/bin/gnu/h-x86_64-mingw32/bin/../lib/gcc/nios2-elf/5.3.0/../../../../../H-x86_64-mingw32/nios2-elf/lib\libc.a(lib_a-mprec.o)
                0x0000000005058394                _mprec_log10
 .text.__copybits
                0x0000000005058408       0x78 d:/intelfpga_lite/18.1/nios2eds/bin/gnu/h-x86_64-mingw32/bin/../lib/gcc/nios2-elf/5.3.0/../../../../../H-x86_64-mingw32/nios2-elf/lib\libc.a(lib_a-mprec.o)
                0x0000000005058408                __copybits
 .text.__any_on
                0x0000000005058480       0x8c d:/intelfpga_lite/18.1/nios2eds/bin/gnu/h-x86_64-mingw32/bin/../lib/gcc/nios2-elf/5.3.0/../../../../../H-x86_64-mingw32/nios2-elf/lib\libc.a(lib_a-mprec.o)
                0x0000000005058480                __any_on
 .text          0x000000000505850c        0x0 d:/intelfpga_lite/18.1/nios2eds/bin/gnu/h-x86_64-mingw32/bin/../lib/gcc/nios2-elf/5.3.0/../../../../../H-x86_64-mingw32/nios2-elf/lib\libc.a(lib_a-reallocr.o)
 .text._realloc_r
                0x000000000505850c      0x564 d:/intelfpga_lite/18.1/nios2eds/bin/gnu/h-x86_64-mingw32/bin/../lib/gcc/nios2-elf/5.3.0/../../../../../H-x86_64-mingw32/nios2-elf/lib\libc.a(lib_a-reallocr.o)
                0x000000000505850c                _realloc_r
 .text          0x0000000005058a70        0x0 d:/intelfpga_lite/18.1/nios2eds/bin/gnu/h-x86_64-mingw32/bin/../lib/gcc/nios2-elf/5.3.0/../../../../../H-x86_64-mingw32/nios2-elf/lib\libc.a(lib_a-s_fpclassify.o)
 .text.__fpclassifyd
                0x0000000005058a70       0x74 d:/intelfpga_lite/18.1/nios2eds/bin/gnu/h-x86_64-mingw32/bin/../lib/gcc/nios2-elf/5.3.0/../../../../../H-x86_64-mingw32/nios2-elf/lib\libc.a(lib_a-s_fpclassify.o)
                0x0000000005058a70                __fpclassifyd
 .text          0x0000000005058ae4        0x0 d:/intelfpga_lite/18.1/nios2eds/bin/gnu/h-x86_64-mingw32/bin/../lib/gcc/nios2-elf/5.3.0/../../../../../H-x86_64-mingw32/nios2-elf/lib\libc.a(lib_a-stdio.o)
 .text.__sread  0x0000000005058ae4       0x54 d:/intelfpga_lite/18.1/nios2eds/bin/gnu/h-x86_64-mingw32/bin/../lib/gcc/nios2-elf/5.3.0/../../../../../H-x86_64-mingw32/nios2-elf/lib\libc.a(lib_a-stdio.o)
                0x0000000005058ae4                __sread
 .text.__seofread
                0x0000000005058b38        0x8 d:/intelfpga_lite/18.1/nios2eds/bin/gnu/h-x86_64-mingw32/bin/../lib/gcc/nios2-elf/5.3.0/../../../../../H-x86_64-mingw32/nios2-elf/lib\libc.a(lib_a-stdio.o)
                0x0000000005058b38                __seofread
 .text.__swrite
                0x0000000005058b40       0x7c d:/intelfpga_lite/18.1/nios2eds/bin/gnu/h-x86_64-mingw32/bin/../lib/gcc/nios2-elf/5.3.0/../../../../../H-x86_64-mingw32/nios2-elf/lib\libc.a(lib_a-stdio.o)
                0x0000000005058b40                __swrite
 .text.__sseek  0x0000000005058bbc       0x5c d:/intelfpga_lite/18.1/nios2eds/bin/gnu/h-x86_64-mingw32/bin/../lib/gcc/nios2-elf/5.3.0/../../../../../H-x86_64-mingw32/nios2-elf/lib\libc.a(lib_a-stdio.o)
                0x0000000005058bbc                __sseek
 .text.__sclose
                0x0000000005058c18        0x8 d:/intelfpga_lite/18.1/nios2eds/bin/gnu/h-x86_64-mingw32/bin/../lib/gcc/nios2-elf/5.3.0/../../../../../H-x86_64-mingw32/nios2-elf/lib\libc.a(lib_a-stdio.o)
                0x0000000005058c18                __sclose
 .text          0x0000000005058c20        0x0 d:/intelfpga_lite/18.1/nios2eds/bin/gnu/h-x86_64-mingw32/bin/../lib/gcc/nios2-elf/5.3.0/../../../../../H-x86_64-mingw32/nios2-elf/lib\libc.a(lib_a-strcmp.o)
 .text.strcmp   0x0000000005058c20       0xdc d:/intelfpga_lite/18.1/nios2eds/bin/gnu/h-x86_64-mingw32/bin/../lib/gcc/nios2-elf/5.3.0/../../../../../H-x86_64-mingw32/nios2-elf/lib\libc.a(lib_a-strcmp.o)
                0x0000000005058c20                strcmp
 .text          0x0000000005058cfc        0x0 d:/intelfpga_lite/18.1/nios2eds/bin/gnu/h-x86_64-mingw32/bin/../lib/gcc/nios2-elf/5.3.0/../../../../../H-x86_64-mingw32/nios2-elf/lib\libc.a(lib_a-svfiprintf.o)
 .text.__ssprint_r
                0x0000000005058cfc      0x1d0 d:/intelfpga_lite/18.1/nios2eds/bin/gnu/h-x86_64-mingw32/bin/../lib/gcc/nios2-elf/5.3.0/../../../../../H-x86_64-mingw32/nios2-elf/lib\libc.a(lib_a-svfiprintf.o)
                0x0000000005058cfc                __ssprint_r
 .text.___svfiprintf_internal_r
                0x0000000005058ecc     0x123c d:/intelfpga_lite/18.1/nios2eds/bin/gnu/h-x86_64-mingw32/bin/../lib/gcc/nios2-elf/5.3.0/../../../../../H-x86_64-mingw32/nios2-elf/lib\libc.a(lib_a-svfiprintf.o)
                0x0000000005058ecc                ___svfiprintf_internal_r
 .text          0x000000000505a108        0x0 d:/intelfpga_lite/18.1/nios2eds/bin/gnu/h-x86_64-mingw32/bin/../lib/gcc/nios2-elf/5.3.0/../../../../../H-x86_64-mingw32/nios2-elf/lib\libc.a(lib_a-vfiprintf.o)
 .text.__sprint_r.part.0
                0x000000000505a108       0xfc d:/intelfpga_lite/18.1/nios2eds/bin/gnu/h-x86_64-mingw32/bin/../lib/gcc/nios2-elf/5.3.0/../../../../../H-x86_64-mingw32/nios2-elf/lib\libc.a(lib_a-vfiprintf.o)
 .text.__sprint_r
                0x000000000505a204       0x18 d:/intelfpga_lite/18.1/nios2eds/bin/gnu/h-x86_64-mingw32/bin/../lib/gcc/nios2-elf/5.3.0/../../../../../H-x86_64-mingw32/nios2-elf/lib\libc.a(lib_a-vfiprintf.o)
                0x000000000505a204                __sprint_r
 .text.___vfiprintf_internal_r
                0x000000000505a21c     0x145c d:/intelfpga_lite/18.1/nios2eds/bin/gnu/h-x86_64-mingw32/bin/../lib/gcc/nios2-elf/5.3.0/../../../../../H-x86_64-mingw32/nios2-elf/lib\libc.a(lib_a-vfiprintf.o)
                0x000000000505a21c                ___vfiprintf_internal_r
 .text.__vfiprintf_internal
                0x000000000505b678       0x1c d:/intelfpga_lite/18.1/nios2eds/bin/gnu/h-x86_64-mingw32/bin/../lib/gcc/nios2-elf/5.3.0/../../../../../H-x86_64-mingw32/nios2-elf/lib\libc.a(lib_a-vfiprintf.o)
                0x000000000505b678                __vfiprintf_internal
 .text.__sbprintf
                0x000000000505b694       0xbc d:/intelfpga_lite/18.1/nios2eds/bin/gnu/h-x86_64-mingw32/bin/../lib/gcc/nios2-elf/5.3.0/../../../../../H-x86_64-mingw32/nios2-elf/lib\libc.a(lib_a-vfiprintf.o)
 .text          0x000000000505b750        0x0 d:/intelfpga_lite/18.1/nios2eds/bin/gnu/h-x86_64-mingw32/bin/../lib/gcc/nios2-elf/5.3.0/../../../../../H-x86_64-mingw32/nios2-elf/lib\libc.a(lib_a-writer.o)
 .text._write_r
                0x000000000505b750       0x60 d:/intelfpga_lite/18.1/nios2eds/bin/gnu/h-x86_64-mingw32/bin/../lib/gcc/nios2-elf/5.3.0/../../../../../H-x86_64-mingw32/nios2-elf/lib\libc.a(lib_a-writer.o)
                0x000000000505b750                _write_r
 .text          0x000000000505b7b0        0x0 d:/intelfpga_lite/18.1/nios2eds/bin/gnu/h-x86_64-mingw32/bin/../lib/gcc/nios2-elf/5.3.0/../../../../../H-x86_64-mingw32/nios2-elf/lib\libc.a(closer.o)
 .text._close_r
                0x000000000505b7b0       0x54 d:/intelfpga_lite/18.1/nios2eds/bin/gnu/h-x86_64-mingw32/bin/../lib/gcc/nios2-elf/5.3.0/../../../../../H-x86_64-mingw32/nios2-elf/lib\libc.a(closer.o)
                0x000000000505b7b0                _close_r
 .text          0x000000000505b804        0x0 d:/intelfpga_lite/18.1/nios2eds/bin/gnu/h-x86_64-mingw32/bin/../lib/gcc/nios2-elf/5.3.0/../../../../../H-x86_64-mingw32/nios2-elf/lib\libc.a(lib_a-callocr.o)
 .text._calloc_r
                0x000000000505b804       0xc4 d:/intelfpga_lite/18.1/nios2eds/bin/gnu/h-x86_64-mingw32/bin/../lib/gcc/nios2-elf/5.3.0/../../../../../H-x86_64-mingw32/nios2-elf/lib\libc.a(lib_a-callocr.o)
                0x000000000505b804                _calloc_r
 .text          0x000000000505b8c8        0x0 d:/intelfpga_lite/18.1/nios2eds/bin/gnu/h-x86_64-mingw32/bin/../lib/gcc/nios2-elf/5.3.0/../../../../../H-x86_64-mingw32/nios2-elf/lib\libc.a(lib_a-fclose.o)
 .text._fclose_r
                0x000000000505b8c8       0xf0 d:/intelfpga_lite/18.1/nios2eds/bin/gnu/h-x86_64-mingw32/bin/../lib/gcc/nios2-elf/5.3.0/../../../../../H-x86_64-mingw32/nios2-elf/lib\libc.a(lib_a-fclose.o)
                0x000000000505b8c8                _fclose_r
 .text.fclose   0x000000000505b9b8       0x14 d:/intelfpga_lite/18.1/nios2eds/bin/gnu/h-x86_64-mingw32/bin/../lib/gcc/nios2-elf/5.3.0/../../../../../H-x86_64-mingw32/nios2-elf/lib\libc.a(lib_a-fclose.o)
                0x000000000505b9b8                fclose
 .text          0x000000000505b9cc        0x0 d:/intelfpga_lite/18.1/nios2eds/bin/gnu/h-x86_64-mingw32/bin/../lib/gcc/nios2-elf/5.3.0/../../../../../H-x86_64-mingw32/nios2-elf/lib\libc.a(lib_a-fputwc.o)
 .text.__fputwc
                0x000000000505b9cc      0x164 d:/intelfpga_lite/18.1/nios2eds/bin/gnu/h-x86_64-mingw32/bin/../lib/gcc/nios2-elf/5.3.0/../../../../../H-x86_64-mingw32/nios2-elf/lib\libc.a(lib_a-fputwc.o)
                0x000000000505b9cc                __fputwc
 .text._fputwc_r
                0x000000000505bb30       0x24 d:/intelfpga_lite/18.1/nios2eds/bin/gnu/h-x86_64-mingw32/bin/../lib/gcc/nios2-elf/5.3.0/../../../../../H-x86_64-mingw32/nios2-elf/lib\libc.a(lib_a-fputwc.o)
                0x000000000505bb30                _fputwc_r
 .text.fputwc   0x000000000505bb54       0x80 d:/intelfpga_lite/18.1/nios2eds/bin/gnu/h-x86_64-mingw32/bin/../lib/gcc/nios2-elf/5.3.0/../../../../../H-x86_64-mingw32/nios2-elf/lib\libc.a(lib_a-fputwc.o)
                0x000000000505bb54                fputwc
 .text          0x000000000505bbd4        0x0 d:/intelfpga_lite/18.1/nios2eds/bin/gnu/h-x86_64-mingw32/bin/../lib/gcc/nios2-elf/5.3.0/../../../../../H-x86_64-mingw32/nios2-elf/lib\libc.a(lib_a-fstatr.o)
 .text._fstat_r
                0x000000000505bbd4       0x5c d:/intelfpga_lite/18.1/nios2eds/bin/gnu/h-x86_64-mingw32/bin/../lib/gcc/nios2-elf/5.3.0/../../../../../H-x86_64-mingw32/nios2-elf/lib\libc.a(lib_a-fstatr.o)
                0x000000000505bbd4                _fstat_r
 .text          0x000000000505bc30        0x0 d:/intelfpga_lite/18.1/nios2eds/bin/gnu/h-x86_64-mingw32/bin/../lib/gcc/nios2-elf/5.3.0/../../../../../H-x86_64-mingw32/nios2-elf/lib\libc.a(lib_a-isattyr.o)
 .text._isatty_r
                0x000000000505bc30       0x54 d:/intelfpga_lite/18.1/nios2eds/bin/gnu/h-x86_64-mingw32/bin/../lib/gcc/nios2-elf/5.3.0/../../../../../H-x86_64-mingw32/nios2-elf/lib\libc.a(lib_a-isattyr.o)
                0x000000000505bc30                _isatty_r
 .text          0x000000000505bc84        0x0 d:/intelfpga_lite/18.1/nios2eds/bin/gnu/h-x86_64-mingw32/bin/../lib/gcc/nios2-elf/5.3.0/../../../../../H-x86_64-mingw32/nios2-elf/lib\libc.a(lib_a-lseekr.o)
 .text._lseek_r
                0x000000000505bc84       0x60 d:/intelfpga_lite/18.1/nios2eds/bin/gnu/h-x86_64-mingw32/bin/../lib/gcc/nios2-elf/5.3.0/../../../../../H-x86_64-mingw32/nios2-elf/lib\libc.a(lib_a-lseekr.o)
                0x000000000505bc84                _lseek_r
 .text          0x000000000505bce4        0x0 d:/intelfpga_lite/18.1/nios2eds/bin/gnu/h-x86_64-mingw32/bin/../lib/gcc/nios2-elf/5.3.0/../../../../../H-x86_64-mingw32/nios2-elf/lib\libc.a(lib_a-readr.o)
 .text._read_r  0x000000000505bce4       0x60 d:/intelfpga_lite/18.1/nios2eds/bin/gnu/h-x86_64-mingw32/bin/../lib/gcc/nios2-elf/5.3.0/../../../../../H-x86_64-mingw32/nios2-elf/lib\libc.a(lib_a-readr.o)
                0x000000000505bce4                _read_r
 .text          0x000000000505bd44        0x0 d:/intelfpga_lite/18.1/nios2eds/bin/gnu/h-x86_64-mingw32/bin/../lib/gcc/nios2-elf/5.3.0/../../../../../H-x86_64-mingw32/nios2-elf/lib\libc.a(lib_a-wbuf.o)
 .text.__swbuf_r
                0x000000000505bd44      0x140 d:/intelfpga_lite/18.1/nios2eds/bin/gnu/h-x86_64-mingw32/bin/../lib/gcc/nios2-elf/5.3.0/../../../../../H-x86_64-mingw32/nios2-elf/lib\libc.a(lib_a-wbuf.o)
                0x000000000505bd44                __swbuf_r
 .text.__swbuf  0x000000000505be84       0x18 d:/intelfpga_lite/18.1/nios2eds/bin/gnu/h-x86_64-mingw32/bin/../lib/gcc/nios2-elf/5.3.0/../../../../../H-x86_64-mingw32/nios2-elf/lib\libc.a(lib_a-wbuf.o)
                0x000000000505be84                __swbuf
 .text          0x000000000505be9c        0x0 d:/intelfpga_lite/18.1/nios2eds/bin/gnu/h-x86_64-mingw32/bin/../lib/gcc/nios2-elf/5.3.0/../../../../../H-x86_64-mingw32/nios2-elf/lib\libc.a(lib_a-wcrtomb.o)
 .text._wcrtomb_r
                0x000000000505be9c       0x9c d:/intelfpga_lite/18.1/nios2eds/bin/gnu/h-x86_64-mingw32/bin/../lib/gcc/nios2-elf/5.3.0/../../../../../H-x86_64-mingw32/nios2-elf/lib\libc.a(lib_a-wcrtomb.o)
                0x000000000505be9c                _wcrtomb_r
 .text.wcrtomb  0x000000000505bf38       0xc0 d:/intelfpga_lite/18.1/nios2eds/bin/gnu/h-x86_64-mingw32/bin/../lib/gcc/nios2-elf/5.3.0/../../../../../H-x86_64-mingw32/nios2-elf/lib\libc.a(lib_a-wcrtomb.o)
                0x000000000505bf38                wcrtomb
 .text          0x000000000505bff8        0x0 d:/intelfpga_lite/18.1/nios2eds/bin/gnu/h-x86_64-mingw32/bin/../lib/gcc/nios2-elf/5.3.0/../../../../../H-x86_64-mingw32/nios2-elf/lib\libc.a(lib_a-wctomb_r.o)
 .text.__ascii_wctomb
                0x000000000505bff8       0x30 d:/intelfpga_lite/18.1/nios2eds/bin/gnu/h-x86_64-mingw32/bin/../lib/gcc/nios2-elf/5.3.0/../../../../../H-x86_64-mingw32/nios2-elf/lib\libc.a(lib_a-wctomb_r.o)
                0x000000000505bff8                __ascii_wctomb
 .text._wctomb_r
                0x000000000505c028       0x5c d:/intelfpga_lite/18.1/nios2eds/bin/gnu/h-x86_64-mingw32/bin/../lib/gcc/nios2-elf/5.3.0/../../../../../H-x86_64-mingw32/nios2-elf/lib\libc.a(lib_a-wctomb_r.o)
                0x000000000505c028                _wctomb_r
 .text          0x000000000505c084      0x578 d:/intelfpga_lite/18.1/nios2eds/bin/gnu/h-x86_64-mingw32/bin/../lib/gcc/nios2-elf/5.3.0\libgcc.a(_udivdi3.o)
                0x000000000505c084                __udivdi3
 .text          0x000000000505c5fc      0x538 d:/intelfpga_lite/18.1/nios2eds/bin/gnu/h-x86_64-mingw32/bin/../lib/gcc/nios2-elf/5.3.0\libgcc.a(_umoddi3.o)
                0x000000000505c5fc                __umoddi3
 .text          0x000000000505cb34       0xf4 d:/intelfpga_lite/18.1/nios2eds/bin/gnu/h-x86_64-mingw32/bin/../lib/gcc/nios2-elf/5.3.0\libgcc.a(ledf2.o)
                0x000000000505cb34                __ledf2
                0x000000000505cb34                __ltdf2
 .text          0x000000000505cc28       0xa8 d:/intelfpga_lite/18.1/nios2eds/bin/gnu/h-x86_64-mingw32/bin/../lib/gcc/nios2-elf/5.3.0\libgcc.a(floatunsidf.o)
                0x000000000505cc28                __floatunsidf
 .text          0x000000000505ccd0      0x12c C:/Users/vanno/OneDrive/Documents/GitKraken/3D_Graphic_Engine/test_accelerometro_vga_lt24/software/LT24_swipe_bsp/\libhal_bsp.a(alt_alarm_start.o)
                0x000000000505ccd0                alt_alarm_start
 .text          0x000000000505cdfc      0x10c C:/Users/vanno/OneDrive/Documents/GitKraken/3D_Graphic_Engine/test_accelerometro_vga_lt24/software/LT24_swipe_bsp/\libhal_bsp.a(alt_close.o)
                0x000000000505ce38                close
 .text          0x000000000505cf08       0x2c C:/Users/vanno/OneDrive/Documents/GitKraken/3D_Graphic_Engine/test_accelerometro_vga_lt24/software/LT24_swipe_bsp/\libhal_bsp.a(alt_dev.o)
 .text          0x000000000505cf34        0x0 C:/Users/vanno/OneDrive/Documents/GitKraken/3D_Graphic_Engine/test_accelerometro_vga_lt24/software/LT24_swipe_bsp/\libhal_bsp.a(alt_errno.o)
 .text          0x000000000505cf34       0xec C:/Users/vanno/OneDrive/Documents/GitKraken/3D_Graphic_Engine/test_accelerometro_vga_lt24/software/LT24_swipe_bsp/\libhal_bsp.a(alt_fstat.o)
                0x000000000505cf70                fstat
 .text          0x000000000505d020      0x180 C:/Users/vanno/OneDrive/Documents/GitKraken/3D_Graphic_Engine/test_accelerometro_vga_lt24/software/LT24_swipe_bsp/\libhal_bsp.a(alt_irq_register.o)
                0x000000000505d020                alt_irq_register
 .text          0x000000000505d1a0        0x0 C:/Users/vanno/OneDrive/Documents/GitKraken/3D_Graphic_Engine/test_accelerometro_vga_lt24/software/LT24_swipe_bsp/\libhal_bsp.a(alt_irq_vars.o)
 .text          0x000000000505d1a0       0xe0 C:/Users/vanno/OneDrive/Documents/GitKraken/3D_Graphic_Engine/test_accelerometro_vga_lt24/software/LT24_swipe_bsp/\libhal_bsp.a(alt_isatty.o)
                0x000000000505d1dc                isatty
 .text          0x000000000505d280       0xec C:/Users/vanno/OneDrive/Documents/GitKraken/3D_Graphic_Engine/test_accelerometro_vga_lt24/software/LT24_swipe_bsp/\libhal_bsp.a(alt_load.o)
                0x000000000505d2e8                alt_load
 .text          0x000000000505d36c      0x110 C:/Users/vanno/OneDrive/Documents/GitKraken/3D_Graphic_Engine/test_accelerometro_vga_lt24/software/LT24_swipe_bsp/\libhal_bsp.a(alt_lseek.o)
                0x000000000505d3a8                lseek
 .text          0x000000000505d47c       0x7c C:/Users/vanno/OneDrive/Documents/GitKraken/3D_Graphic_Engine/test_accelerometro_vga_lt24/software/LT24_swipe_bsp/\libhal_bsp.a(alt_main.o)
                0x000000000505d47c                alt_main
 .text          0x000000000505d4f8       0x48 C:/Users/vanno/OneDrive/Documents/GitKraken/3D_Graphic_Engine/test_accelerometro_vga_lt24/software/LT24_swipe_bsp/\libhal_bsp.a(alt_malloc_lock.o)
                0x000000000505d4f8                __malloc_lock
                0x000000000505d51c                __malloc_unlock
 .text          0x000000000505d540      0x138 C:/Users/vanno/OneDrive/Documents/GitKraken/3D_Graphic_Engine/test_accelerometro_vga_lt24/software/LT24_swipe_bsp/\libhal_bsp.a(alt_read.o)
                0x000000000505d57c                read
 .text          0x000000000505d678       0x64 C:/Users/vanno/OneDrive/Documents/GitKraken/3D_Graphic_Engine/test_accelerometro_vga_lt24/software/LT24_swipe_bsp/\libhal_bsp.a(alt_release_fd.o)
                0x000000000505d678                alt_release_fd
 .text          0x000000000505d6dc       0xb0 C:/Users/vanno/OneDrive/Documents/GitKraken/3D_Graphic_Engine/test_accelerometro_vga_lt24/software/LT24_swipe_bsp/\libhal_bsp.a(alt_sbrk.o)
                0x000000000505d6dc                sbrk
 .text          0x000000000505d78c      0x1a4 C:/Users/vanno/OneDrive/Documents/GitKraken/3D_Graphic_Engine/test_accelerometro_vga_lt24/software/LT24_swipe_bsp/\libhal_bsp.a(alt_tick.o)
                0x000000000505d78c                alt_alarm_stop
                0x000000000505d828                alt_tick
 .text          0x000000000505d930       0x30 C:/Users/vanno/OneDrive/Documents/GitKraken/3D_Graphic_Engine/test_accelerometro_vga_lt24/software/LT24_swipe_bsp/\libhal_bsp.a(alt_usleep.o)
                0x000000000505d930                usleep
 .text          0x000000000505d960      0x134 C:/Users/vanno/OneDrive/Documents/GitKraken/3D_Graphic_Engine/test_accelerometro_vga_lt24/software/LT24_swipe_bsp/\libhal_bsp.a(alt_write.o)
                0x000000000505d99c                write
 .text          0x000000000505da94      0x3b4 C:/Users/vanno/OneDrive/Documents/GitKraken/3D_Graphic_Engine/test_accelerometro_vga_lt24/software/LT24_swipe_bsp/\libhal_bsp.a(alt_sys_init.o)
                0x000000000505dac8                alt_irq_init
                0x000000000505db00                alt_sys_init
 .text          0x000000000505de48      0x164 C:/Users/vanno/OneDrive/Documents/GitKraken/3D_Graphic_Engine/test_accelerometro_vga_lt24/software/LT24_swipe_bsp/\libhal_bsp.a(altera_avalon_jtag_uart_fd.o)
                0x000000000505de48                altera_avalon_jtag_uart_read_fd
                0x000000000505dea8                altera_avalon_jtag_uart_write_fd
                0x000000000505df08                altera_avalon_jtag_uart_close_fd
                0x000000000505df58                altera_avalon_jtag_uart_ioctl_fd
 .text          0x000000000505dfac      0x3cc C:/Users/vanno/OneDrive/Documents/GitKraken/3D_Graphic_Engine/test_accelerometro_vga_lt24/software/LT24_swipe_bsp/\libhal_bsp.a(altera_avalon_jtag_uart_init.o)
                0x000000000505dfac                altera_avalon_jtag_uart_init
                0x000000000505e310                altera_avalon_jtag_uart_close
 .text          0x000000000505e378       0xf0 C:/Users/vanno/OneDrive/Documents/GitKraken/3D_Graphic_Engine/test_accelerometro_vga_lt24/software/LT24_swipe_bsp/\libhal_bsp.a(altera_avalon_jtag_uart_ioctl.o)
                0x000000000505e378                altera_avalon_jtag_uart_ioctl
 .text          0x000000000505e468      0x21c C:/Users/vanno/OneDrive/Documents/GitKraken/3D_Graphic_Engine/test_accelerometro_vga_lt24/software/LT24_swipe_bsp/\libhal_bsp.a(altera_avalon_jtag_uart_read.o)
                0x000000000505e468                altera_avalon_jtag_uart_read
 .text          0x000000000505e684      0x224 C:/Users/vanno/OneDrive/Documents/GitKraken/3D_Graphic_Engine/test_accelerometro_vga_lt24/software/LT24_swipe_bsp/\libhal_bsp.a(altera_avalon_jtag_uart_write.o)
                0x000000000505e684                altera_avalon_jtag_uart_write
 .text          0x000000000505e8a8      0x1fc C:/Users/vanno/OneDrive/Documents/GitKraken/3D_Graphic_Engine/test_accelerometro_vga_lt24/software/LT24_swipe_bsp/\libhal_bsp.a(altera_avalon_spi.o)
                0x000000000505e8a8                alt_avalon_spi_command
 .text          0x000000000505eaa4       0xf0 C:/Users/vanno/OneDrive/Documents/GitKraken/3D_Graphic_Engine/test_accelerometro_vga_lt24/software/LT24_swipe_bsp/\libhal_bsp.a(altera_avalon_timer_sc.o)
                0x000000000505eb20                alt_avalon_timer_sc_init
 .text          0x000000000505eb94      0x118 C:/Users/vanno/OneDrive/Documents/GitKraken/3D_Graphic_Engine/test_accelerometro_vga_lt24/software/LT24_swipe_bsp/\libhal_bsp.a(altera_avalon_timer_ts.o)
                0x000000000505eb94                alt_timestamp_start
                0x000000000505ec0c                alt_timestamp
                0x000000000505ec8c                alt_timestamp_freq
 .text          0x000000000505ecac        0x0 C:/Users/vanno/OneDrive/Documents/GitKraken/3D_Graphic_Engine/test_accelerometro_vga_lt24/software/LT24_swipe_bsp/\libhal_bsp.a(altera_avalon_timer_vars.o)
 .text          0x000000000505ecac      0x3b0 C:/Users/vanno/OneDrive/Documents/GitKraken/3D_Graphic_Engine/test_accelerometro_vga_lt24/software/LT24_swipe_bsp/\libhal_bsp.a(altera_up_avalon_accelerometer_spi.o)
                0x000000000505ecac                alt_up_accelerometer_spi_open_dev
                0x000000000505ece8                alt_up_accelerometer_spi_read_address_register
                0x000000000505ed2c                alt_up_accelerometer_spi_read
                0x000000000505ed94                alt_up_accelerometer_spi_write
                0x000000000505edf8                alt_up_accelerometer_spi_read_x_axis
                0x000000000505eec4                alt_up_accelerometer_spi_read_y_axis
                0x000000000505ef90                alt_up_accelerometer_spi_read_z_axis
 .text          0x000000000505f05c      0xeb4 C:/Users/vanno/OneDrive/Documents/GitKraken/3D_Graphic_Engine/test_accelerometro_vga_lt24/software/LT24_swipe_bsp/\libhal_bsp.a(altera_up_avalon_video_pixel_buffer_dma.o)
                0x000000000505f05c                alt_up_pixel_buffer_dma_open_dev
                0x000000000505f098                alt_up_pixel_buffer_dma_draw
                0x000000000505f22c                alt_up_pixel_buffer_dma_change_back_buffer_address
                0x000000000505f288                alt_up_pixel_buffer_dma_swap_buffers
                0x000000000505f2e8                alt_up_pixel_buffer_dma_check_swap_buffers_status
                0x000000000505f31c                alt_up_pixel_buffer_dma_clear_screen
                0x000000000505f444                alt_up_pixel_buffer_dma_draw_box
                0x000000000505f720                alt_up_pixel_buffer_dma_draw_hline
                0x000000000505f930                alt_up_pixel_buffer_dma_draw_vline
                0x000000000505fb7c                alt_up_pixel_buffer_dma_draw_rectangle
                0x000000000505fc44                helper_plot_pixel
                0x000000000505fcc8                alt_up_pixel_buffer_dma_draw_line
 .text          0x000000000505ff10      0x158 C:/Users/vanno/OneDrive/Documents/GitKraken/3D_Graphic_Engine/test_accelerometro_vga_lt24/software/LT24_swipe_bsp/\libhal_bsp.a(alt_busy_sleep.o)
                0x000000000505ff10                alt_busy_sleep
 .text          0x0000000005060068       0x48 C:/Users/vanno/OneDrive/Documents/GitKraken/3D_Graphic_Engine/test_accelerometro_vga_lt24/software/LT24_swipe_bsp/\libhal_bsp.a(alt_dcache_flush_all.o)
                0x0000000005060068                alt_dcache_flush_all
 .text          0x00000000050600b0       0xe0 C:/Users/vanno/OneDrive/Documents/GitKraken/3D_Graphic_Engine/test_accelerometro_vga_lt24/software/LT24_swipe_bsp/\libhal_bsp.a(alt_dev_llist_insert.o)
                0x00000000050600ec                alt_dev_llist_insert
 .text          0x0000000005060190       0x60 C:/Users/vanno/OneDrive/Documents/GitKraken/3D_Graphic_Engine/test_accelerometro_vga_lt24/software/LT24_swipe_bsp/\libhal_bsp.a(alt_do_ctors.o)
                0x0000000005060190                _do_ctors
 .text          0x00000000050601f0       0x60 C:/Users/vanno/OneDrive/Documents/GitKraken/3D_Graphic_Engine/test_accelerometro_vga_lt24/software/LT24_swipe_bsp/\libhal_bsp.a(alt_do_dtors.o)
                0x00000000050601f0                _do_dtors
 .text          0x0000000005060250       0x90 C:/Users/vanno/OneDrive/Documents/GitKraken/3D_Graphic_Engine/test_accelerometro_vga_lt24/software/LT24_swipe_bsp/\libhal_bsp.a(alt_find_dev.o)
                0x0000000005060250                alt_find_dev
 .text          0x00000000050602e0       0x34 C:/Users/vanno/OneDrive/Documents/GitKraken/3D_Graphic_Engine/test_accelerometro_vga_lt24/software/LT24_swipe_bsp/\libhal_bsp.a(alt_icache_flush_all.o)
                0x00000000050602e0                alt_icache_flush_all
 .text          0x0000000005060314      0x140 C:/Users/vanno/OneDrive/Documents/GitKraken/3D_Graphic_Engine/test_accelerometro_vga_lt24/software/LT24_swipe_bsp/\libhal_bsp.a(alt_io_redirect.o)
                0x00000000050603d8                alt_io_redirect
 .text          0x0000000005060454        0x0 C:/Users/vanno/OneDrive/Documents/GitKraken/3D_Graphic_Engine/test_accelerometro_vga_lt24/software/LT24_swipe_bsp/\libhal_bsp.a(alt_irq_entry.o)
 .text          0x0000000005060454        0x0 C:/Users/vanno/OneDrive/Documents/GitKraken/3D_Graphic_Engine/test_accelerometro_vga_lt24/software/LT24_swipe_bsp/\libhal_bsp.a(alt_irq_handler.o)
 .text          0x0000000005060454      0x254 C:/Users/vanno/OneDrive/Documents/GitKraken/3D_Graphic_Engine/test_accelerometro_vga_lt24/software/LT24_swipe_bsp/\libhal_bsp.a(alt_open.o)
                0x0000000005060554                open
 .text          0x00000000050606a8       0x24 C:/Users/vanno/OneDrive/Documents/GitKraken/3D_Graphic_Engine/test_accelerometro_vga_lt24/software/LT24_swipe_bsp/\libhal_bsp.a(altera_nios2_gen2_irq.o)
                0x00000000050606a8                altera_nios2_gen2_irq_init
 .text          0x00000000050606cc        0x0 C:/Users/vanno/OneDrive/Documents/GitKraken/3D_Graphic_Engine/test_accelerometro_vga_lt24/software/LT24_swipe_bsp/\libhal_bsp.a(alt_exception_entry.o)
 .text          0x00000000050606cc      0x108 C:/Users/vanno/OneDrive/Documents/GitKraken/3D_Graphic_Engine/test_accelerometro_vga_lt24/software/LT24_swipe_bsp/\libhal_bsp.a(alt_find_file.o)
                0x00000000050606cc                alt_find_file
 .text          0x00000000050607d4       0xa4 C:/Users/vanno/OneDrive/Documents/GitKraken/3D_Graphic_Engine/test_accelerometro_vga_lt24/software/LT24_swipe_bsp/\libhal_bsp.a(alt_get_fd.o)
                0x00000000050607d4                alt_get_fd
 .text          0x0000000005060878       0x90 C:/Users/vanno/OneDrive/Documents/GitKraken/3D_Graphic_Engine/test_accelerometro_vga_lt24/software/LT24_swipe_bsp/\libhal_bsp.a(alt_icache_flush.o)
                0x0000000005060878                alt_icache_flush
 .text          0x0000000005060908       0x9c C:/Users/vanno/OneDrive/Documents/GitKraken/3D_Graphic_Engine/test_accelerometro_vga_lt24/software/LT24_swipe_bsp/\libhal_bsp.a(alt_instruction_exception_entry.o)
                0x0000000005060908                alt_exception_cause_generated_bad_addr
 .text          0x00000000050609a4        0x0 d:/intelfpga_lite/18.1/nios2eds/bin/gnu/h-x86_64-mingw32/bin/../lib/gcc/nios2-elf/5.3.0/../../../../../H-x86_64-mingw32/nios2-elf/lib\libc.a(lib_a-atexit.o)
 .text.atexit   0x00000000050609a4       0x14 d:/intelfpga_lite/18.1/nios2eds/bin/gnu/h-x86_64-mingw32/bin/../lib/gcc/nios2-elf/5.3.0/../../../../../H-x86_64-mingw32/nios2-elf/lib\libc.a(lib_a-atexit.o)
                0x00000000050609a4                atexit
 .text          0x00000000050609b8        0x0 d:/intelfpga_lite/18.1/nios2eds/bin/gnu/h-x86_64-mingw32/bin/../lib/gcc/nios2-elf/5.3.0/../../../../../H-x86_64-mingw32/nios2-elf/lib\libc.a(lib_a-exit.o)
 .text.exit     0x00000000050609b8       0x38 d:/intelfpga_lite/18.1/nios2eds/bin/gnu/h-x86_64-mingw32/bin/../lib/gcc/nios2-elf/5.3.0/../../../../../H-x86_64-mingw32/nios2-elf/lib\libc.a(lib_a-exit.o)
                0x00000000050609b8                exit
 .text          0x00000000050609f0        0x0 d:/intelfpga_lite/18.1/nios2eds/bin/gnu/h-x86_64-mingw32/bin/../lib/gcc/nios2-elf/5.3.0/../../../../../H-x86_64-mingw32/nios2-elf/lib\libc.a(lib_a-memcmp.o)
 .text.memcmp   0x00000000050609f0       0x7c d:/intelfpga_lite/18.1/nios2eds/bin/gnu/h-x86_64-mingw32/bin/../lib/gcc/nios2-elf/5.3.0/../../../../../H-x86_64-mingw32/nios2-elf/lib\libc.a(lib_a-memcmp.o)
                0x00000000050609f0                memcmp
 .text          0x0000000005060a6c        0x0 d:/intelfpga_lite/18.1/nios2eds/bin/gnu/h-x86_64-mingw32/bin/../lib/gcc/nios2-elf/5.3.0/../../../../../H-x86_64-mingw32/nios2-elf/lib\libc.a(lib_a-__atexit.o)
 .text.__register_exitproc
                0x0000000005060a6c      0x118 d:/intelfpga_lite/18.1/nios2eds/bin/gnu/h-x86_64-mingw32/bin/../lib/gcc/nios2-elf/5.3.0/../../../../../H-x86_64-mingw32/nios2-elf/lib\libc.a(lib_a-__atexit.o)
                0x0000000005060a6c                __register_exitproc
 .text          0x0000000005060b84        0x0 d:/intelfpga_lite/18.1/nios2eds/bin/gnu/h-x86_64-mingw32/bin/../lib/gcc/nios2-elf/5.3.0/../../../../../H-x86_64-mingw32/nios2-elf/lib\libc.a(lib_a-__call_atexit.o)
 .text.__call_exitprocs
                0x0000000005060b84      0x180 d:/intelfpga_lite/18.1/nios2eds/bin/gnu/h-x86_64-mingw32/bin/../lib/gcc/nios2-elf/5.3.0/../../../../../H-x86_64-mingw32/nios2-elf/lib\libc.a(lib_a-__call_atexit.o)
                0x0000000005060b84                __call_exitprocs
 .text          0x0000000005060d04       0x34 C:/Users/vanno/OneDrive/Documents/GitKraken/3D_Graphic_Engine/test_accelerometro_vga_lt24/software/LT24_swipe_bsp/\libhal_bsp.a(alt_exit.o)
                0x0000000005060d04                _exit
 *(.gnu.warning.*)
 *(.fini)
                [!provide]                        PROVIDE (__etext, ABSOLUTE (.))
                [!provide]                        PROVIDE (_etext, ABSOLUTE (.))
                [!provide]                        PROVIDE (etext, ABSOLUTE (.))
 *(.eh_frame_hdr)
                0x0000000005060d38                . = ALIGN (0x4)
                [!provide]                        PROVIDE (__preinit_array_start, ABSOLUTE (.))
 *(.preinit_array)
                [!provide]                        PROVIDE (__preinit_array_end, ABSOLUTE (.))
                [!provide]                        PROVIDE (__init_array_start, ABSOLUTE (.))
 *(.init_array)
                [!provide]                        PROVIDE (__init_array_end, ABSOLUTE (.))
                [!provide]                        PROVIDE (__fini_array_start, ABSOLUTE (.))
 *(.fini_array)
                [!provide]                        PROVIDE (__fini_array_end, ABSOLUTE (.))
 *(.eh_frame)
 *(.gcc_except_table .gcc_except_table.*)
 *(.dynamic)
                0x0000000005060d38                PROVIDE (__CTOR_LIST__, ABSOLUTE (.))
 *(.ctors)
 .ctors         0x0000000005060d38        0x4 obj/default/src/test_render.o
 *(SORT(.ctors.*))
                0x0000000005060d3c                PROVIDE (__CTOR_END__, ABSOLUTE (.))
                0x0000000005060d3c                PROVIDE (__DTOR_LIST__, ABSOLUTE (.))
 *(.dtors)
 *(SORT(.dtors.*))
                0x0000000005060d3c                PROVIDE (__DTOR_END__, ABSOLUTE (.))
 *(.jcr)
                0x0000000005060d3c                . = ALIGN (0x4)

.rodata         0x0000000005060d3c      0x8f4
                0x0000000005060d3c                PROVIDE (__ram_rodata_start, ABSOLUTE (.))
                0x0000000005060d3c                . = ALIGN (0x4)
 *(.rodata .rodata.* .gnu.linkonce.r.*)
 .rodata        0x0000000005060d3c        0xf obj/default/terasic_src/debug.o
 *fill*         0x0000000005060d4b        0x1 
 .rodata        0x0000000005060d4c       0x57 obj/default/terasic_src/simple_graphics.o
 *fill*         0x0000000005060da3        0x1 
 .rodata        0x0000000005060da4       0x25 obj/default/terasic_src/simple_text.o
 *fill*         0x0000000005060dc9        0x3 
 .rodata        0x0000000005060dcc       0x92 obj/default/terasic_src/touch_spi.o
 *fill*         0x0000000005060e5e        0x2 
 .rodata        0x0000000005060e60       0x3e obj/default/src/LT24_interface.o
 *fill*         0x0000000005060e9e        0x2 
 .rodata        0x0000000005060ea0       0x59 obj/default/src/accelerometer.o
 *fill*         0x0000000005060ef9        0x3 
 .rodata        0x0000000005060efc      0x108 obj/default/src/graphic_object.o
 .rodata        0x0000000005061004       0xbe obj/default/src/test_render.o
 *fill*         0x00000000050610c2        0x2 
 .rodata.npio2_hw
                0x00000000050610c4       0x80 d:/intelfpga_lite/18.1/nios2eds/bin/gnu/h-x86_64-mingw32/bin/../lib/gcc/nios2-elf/5.3.0/../../../../../H-x86_64-mingw32/nios2-elf/lib\libm.a(lib_a-e_rem_pio2.o)
 .rodata.two_over_pi
                0x0000000005061144      0x108 d:/intelfpga_lite/18.1/nios2eds/bin/gnu/h-x86_64-mingw32/bin/../lib/gcc/nios2-elf/5.3.0/../../../../../H-x86_64-mingw32/nios2-elf/lib\libm.a(lib_a-e_rem_pio2.o)
 .rodata.PIo2   0x000000000506124c       0x40 d:/intelfpga_lite/18.1/nios2eds/bin/gnu/h-x86_64-mingw32/bin/../lib/gcc/nios2-elf/5.3.0/../../../../../H-x86_64-mingw32/nios2-elf/lib\libm.a(lib_a-k_rem_pio2.o)
 .rodata.init_jk
                0x000000000506128c       0x10 d:/intelfpga_lite/18.1/nios2eds/bin/gnu/h-x86_64-mingw32/bin/../lib/gcc/nios2-elf/5.3.0/../../../../../H-x86_64-mingw32/nios2-elf/lib\libm.a(lib_a-k_rem_pio2.o)
 .rodata        0x000000000506129c      0x100 d:/intelfpga_lite/18.1/nios2eds/bin/gnu/h-x86_64-mingw32/bin/../lib/gcc/nios2-elf/5.3.0\libgcc.a(_clz.o)
                0x000000000506129c                __clz_tab
 .rodata.str1.4
                0x000000000506139c        0x2 d:/intelfpga_lite/18.1/nios2eds/bin/gnu/h-x86_64-mingw32/bin/../lib/gcc/nios2-elf/5.3.0/../../../../../H-x86_64-mingw32/nios2-elf/lib\libc.a(lib_a-puts.o)
 *fill*         0x000000000506139e        0x2 
 .rodata.str1.4
                0x00000000050613a0       0x42 d:/intelfpga_lite/18.1/nios2eds/bin/gnu/h-x86_64-mingw32/bin/../lib/gcc/nios2-elf/5.3.0/../../../../../H-x86_64-mingw32/nios2-elf/lib\libc.a(lib_a-svfprintf.o)
 .rodata.zeroes.4389
                0x00000000050613e2       0x10 d:/intelfpga_lite/18.1/nios2eds/bin/gnu/h-x86_64-mingw32/bin/../lib/gcc/nios2-elf/5.3.0/../../../../../H-x86_64-mingw32/nios2-elf/lib\libc.a(lib_a-svfprintf.o)
 .rodata.blanks.4388
                0x00000000050613f2       0x10 d:/intelfpga_lite/18.1/nios2eds/bin/gnu/h-x86_64-mingw32/bin/../lib/gcc/nios2-elf/5.3.0/../../../../../H-x86_64-mingw32/nios2-elf/lib\libc.a(lib_a-svfprintf.o)
 .rodata.str1.4
                0x0000000005061402       0x42 d:/intelfpga_lite/18.1/nios2eds/bin/gnu/h-x86_64-mingw32/bin/../lib/gcc/nios2-elf/5.3.0/../../../../../H-x86_64-mingw32/nios2-elf/lib\libc.a(lib_a-vfprintf.o)
 .rodata.zeroes.4404
                0x0000000005061402       0x10 d:/intelfpga_lite/18.1/nios2eds/bin/gnu/h-x86_64-mingw32/bin/../lib/gcc/nios2-elf/5.3.0/../../../../../H-x86_64-mingw32/nios2-elf/lib\libc.a(lib_a-vfprintf.o)
 .rodata.blanks.4403
                0x0000000005061412       0x10 d:/intelfpga_lite/18.1/nios2eds/bin/gnu/h-x86_64-mingw32/bin/../lib/gcc/nios2-elf/5.3.0/../../../../../H-x86_64-mingw32/nios2-elf/lib\libc.a(lib_a-vfprintf.o)
 *fill*         0x0000000005061422        0x2 
 .rodata.str1.4
                0x0000000005061424       0x10 d:/intelfpga_lite/18.1/nios2eds/bin/gnu/h-x86_64-mingw32/bin/../lib/gcc/nios2-elf/5.3.0/../../../../../H-x86_64-mingw32/nios2-elf/lib\libc.a(lib_a-dtoa.o)
                                         0x12 (size before relaxing)
 .rodata.str1.4
                0x0000000005061434        0x2 d:/intelfpga_lite/18.1/nios2eds/bin/gnu/h-x86_64-mingw32/bin/../lib/gcc/nios2-elf/5.3.0/../../../../../H-x86_64-mingw32/nios2-elf/lib\libc.a(lib_a-impure.o)
 *fill*         0x0000000005061436        0x2 
 .rodata.str1.4
                0x0000000005061438        0xc d:/intelfpga_lite/18.1/nios2eds/bin/gnu/h-x86_64-mingw32/bin/../lib/gcc/nios2-elf/5.3.0/../../../../../H-x86_64-mingw32/nios2-elf/lib\libc.a(lib_a-locale.o)
                                         0x12 (size before relaxing)
 .rodata.p05.2768
                0x0000000005061444        0xc d:/intelfpga_lite/18.1/nios2eds/bin/gnu/h-x86_64-mingw32/bin/../lib/gcc/nios2-elf/5.3.0/../../../../../H-x86_64-mingw32/nios2-elf/lib\libc.a(lib_a-mprec.o)
 .rodata.__mprec_tinytens
                0x0000000005061450       0x28 d:/intelfpga_lite/18.1/nios2eds/bin/gnu/h-x86_64-mingw32/bin/../lib/gcc/nios2-elf/5.3.0/../../../../../H-x86_64-mingw32/nios2-elf/lib\libc.a(lib_a-mprec.o)
                0x0000000005061450                __mprec_tinytens
 .rodata.__mprec_bigtens
                0x0000000005061478       0x28 d:/intelfpga_lite/18.1/nios2eds/bin/gnu/h-x86_64-mingw32/bin/../lib/gcc/nios2-elf/5.3.0/../../../../../H-x86_64-mingw32/nios2-elf/lib\libc.a(lib_a-mprec.o)
                0x0000000005061478                __mprec_bigtens
 .rodata.__mprec_tens
                0x00000000050614a0       0xc8 d:/intelfpga_lite/18.1/nios2eds/bin/gnu/h-x86_64-mingw32/bin/../lib/gcc/nios2-elf/5.3.0/../../../../../H-x86_64-mingw32/nios2-elf/lib\libc.a(lib_a-mprec.o)
                0x00000000050614a0                __mprec_tens
 .rodata.str1.4
                0x0000000005061568       0x2f d:/intelfpga_lite/18.1/nios2eds/bin/gnu/h-x86_64-mingw32/bin/../lib/gcc/nios2-elf/5.3.0/../../../../../H-x86_64-mingw32/nios2-elf/lib\libc.a(lib_a-svfiprintf.o)
 .rodata.zeroes.4333
                0x0000000005061568       0x10 d:/intelfpga_lite/18.1/nios2eds/bin/gnu/h-x86_64-mingw32/bin/../lib/gcc/nios2-elf/5.3.0/../../../../../H-x86_64-mingw32/nios2-elf/lib\libc.a(lib_a-svfiprintf.o)
 .rodata.blanks.4332
                0x0000000005061578       0x10 d:/intelfpga_lite/18.1/nios2eds/bin/gnu/h-x86_64-mingw32/bin/../lib/gcc/nios2-elf/5.3.0/../../../../../H-x86_64-mingw32/nios2-elf/lib\libc.a(lib_a-svfiprintf.o)
 .rodata.str1.4
                0x0000000005061588       0x2f d:/intelfpga_lite/18.1/nios2eds/bin/gnu/h-x86_64-mingw32/bin/../lib/gcc/nios2-elf/5.3.0/../../../../../H-x86_64-mingw32/nios2-elf/lib\libc.a(lib_a-vfiprintf.o)
 .rodata.zeroes.4349
                0x0000000005061588       0x10 d:/intelfpga_lite/18.1/nios2eds/bin/gnu/h-x86_64-mingw32/bin/../lib/gcc/nios2-elf/5.3.0/../../../../../H-x86_64-mingw32/nios2-elf/lib\libc.a(lib_a-vfiprintf.o)
 .rodata.blanks.4348
                0x0000000005061598       0x10 d:/intelfpga_lite/18.1/nios2eds/bin/gnu/h-x86_64-mingw32/bin/../lib/gcc/nios2-elf/5.3.0/../../../../../H-x86_64-mingw32/nios2-elf/lib\libc.a(lib_a-vfiprintf.o)
 .rodata        0x00000000050615a8        0xa C:/Users/vanno/OneDrive/Documents/GitKraken/3D_Graphic_Engine/test_accelerometro_vga_lt24/software/LT24_swipe_bsp/\libhal_bsp.a(alt_dev.o)
 *fill*         0x00000000050615b2        0x2 
 .rodata        0x00000000050615b4       0x11 C:/Users/vanno/OneDrive/Documents/GitKraken/3D_Graphic_Engine/test_accelerometro_vga_lt24/software/LT24_swipe_bsp/\libhal_bsp.a(alt_main.o)
 *fill*         0x00000000050615c5        0x3 
 .rodata        0x00000000050615c8       0x67 C:/Users/vanno/OneDrive/Documents/GitKraken/3D_Graphic_Engine/test_accelerometro_vga_lt24/software/LT24_swipe_bsp/\libhal_bsp.a(alt_sys_init.o)
 *(.rodata1)
                0x0000000005061630                . = ALIGN (0x4)
 *fill*         0x000000000506162f        0x1 
                0x0000000005061630                PROVIDE (__ram_rodata_end, ABSOLUTE (.))
                0x0000000005060d3c                PROVIDE (__flash_rodata_start, LOADADDR (.rodata))

.rwdata         0x0000000005061630     0x1fd0 load address 0x0000000005063600
                0x0000000005061630                PROVIDE (__ram_rwdata_start, ABSOLUTE (.))
                0x0000000005061630                . = ALIGN (0x4)
 *(.got.plt)
 *(.got)
 *(.data1)
 *(.data .data.* .gnu.linkonce.d.*)
 .data          0x0000000005061630        0x0 C:/Users/vanno/OneDrive/Documents/GitKraken/3D_Graphic_Engine/test_accelerometro_vga_lt24/software/LT24_swipe_bsp//obj/HAL/src/crt0.o
 .data          0x0000000005061630        0x0 obj/default/terasic_src/ILI9341.o
 .data          0x0000000005061630        0x0 obj/default/terasic_src/debug.o
 .data          0x0000000005061630      0x415 obj/default/terasic_src/simple_graphics.o
                0x0000000005061630                cour10_font_array
 .data          0x0000000005061a45        0x0 obj/default/terasic_src/simple_text.o
 .data          0x0000000005061a45        0x0 obj/default/terasic_src/touch_spi.o
 .data          0x0000000005061a45        0x0 obj/default/src/LT24_interface.o
 .data          0x0000000005061a45        0x0 obj/default/src/accelerometer.o
 .data          0x0000000005061a45        0x0 obj/default/src/functions.o
 .data          0x0000000005061a45        0x0 obj/default/src/graphic_object.o
 .data          0x0000000005061a45        0x0 obj/default/src/test_render.o
 .data          0x0000000005061a45        0x0 d:/intelfpga_lite/18.1/nios2eds/bin/gnu/h-x86_64-mingw32/bin/../lib/gcc/nios2-elf/5.3.0/../../../../../H-x86_64-mingw32/nios2-elf/lib\libm.a(lib_a-s_cos.o)
 .data          0x0000000005061a45        0x0 d:/intelfpga_lite/18.1/nios2eds/bin/gnu/h-x86_64-mingw32/bin/../lib/gcc/nios2-elf/5.3.0/../../../../../H-x86_64-mingw32/nios2-elf/lib\libm.a(lib_a-s_sin.o)
 .data          0x0000000005061a45        0x0 d:/intelfpga_lite/18.1/nios2eds/bin/gnu/h-x86_64-mingw32/bin/../lib/gcc/nios2-elf/5.3.0/../../../../../H-x86_64-mingw32/nios2-elf/lib\libm.a(lib_a-s_tan.o)
 .data          0x0000000005061a45        0x0 d:/intelfpga_lite/18.1/nios2eds/bin/gnu/h-x86_64-mingw32/bin/../lib/gcc/nios2-elf/5.3.0/../../../../../H-x86_64-mingw32/nios2-elf/lib\libm.a(lib_a-e_rem_pio2.o)